[2026-05-15T11:24:49.691Z] [SyncDiag] RECEIVE-PUSH START: batch=245dfab1-f05a-4509-8275-0d96726aaab0, vessel=7446783c-841a-11ed-aa7c-7003bca91a86, fieldLogs=0, oneWayRows=0
[2026-05-15T11:24:49.698Z] [SyncDiag] RECEIVE-PUSH DONE: stored=0, applied=0, errors=0, oneWayTables=0
[2026-05-15T11:24:49.710Z] [SyncDiag] PREPARE-PULL START: vessel=7446783c-841a-11ed-aa7c-7003bca91a86, vesselCode=null, checkpoint=2026-05-15T10:56:07.807Z, shoreInstanceId=SHORE-PROD
[2026-05-15T11:24:49.932Z] [SyncDiag] PREPARE-PULL DIAG: vessel=7446783c-841a-11ed-aa7c-7003bca91a86 total_logs=65243 unsynced=0 after_instance_filter=0 exclude=SHIP-Vessel 5 since=2026-05-15T10:56:07.807Z instances=[]
[2026-05-15T11:24:49.934Z] [SyncDiag] PREPARE-PULL FIELD LOGS: 0 shore logs for vessel=7446783c-841a-11ed-aa7c-7003bca91a86 (excluded instance=SHIP-Vessel 5)
[2026-05-15T11:24:50.159Z] [SyncDiag] PREPARE-PULL DONE: 137 one-way rows across 6 tables, 0 field logs, 0 conflicts
[2026-05-15T11:24:50.159Z] [SyncDiag] PREPARE-PULL ONE-WAY: components — 4 rows
[2026-05-15T11:24:50.160Z] [SyncDiag] PREPARE-PULL ONE-WAY: master_lists — 6 rows
[2026-05-15T11:24:50.160Z] [SyncDiag] PREPARE-PULL ONE-WAY: ship_certificates_master — 78 rows
[2026-05-15T11:24:50.161Z] [SyncDiag] PREPARE-PULL ONE-WAY: ship_surveys_master — 25 rows
[2026-05-15T11:24:50.161Z] [SyncDiag] PREPARE-PULL ONE-WAY: vessel_certificate_applicability — 4 rows
[2026-05-15T11:24:50.162Z] [SyncDiag] PREPARE-PULL ONE-WAY: vessel_survey_applicability — 20 rows
[2026-05-15T11:24:50.537Z] [SyncDiag] COMPLETE-SESSION: marking shore logs synced for vessel=7446783c-841a-11ed-aa7c-7003bca91a86 checkpointBefore=2026-05-15T10:56:07.807Z excludeInstance=SHIP-Vessel 5
[2026-05-15T11:24:50.604Z] [SyncDiag] PREPARE-PULL DIAG: vessel=7446783c-841a-11ed-aa7c-7003bca91a86 total_logs=65243 unsynced=0 after_instance_filter=0 exclude=SHIP-Vessel 5 since=2026-05-15T10:56:07.807Z instances=[]
[2026-05-15T11:24:50.605Z] [SyncDiag] COMPLETE-SESSION: found 0 shore logs to mark synced
[2026-05-15T11:24:50.714Z] [SyncDiag] COMPLETE-SESSION: found 0 ship logs to mark synced
[2026-05-15T11:26:51.206Z] [SyncDiag] RECEIVE-PUSH START: batch=8750e82d-3535-4796-83e5-468de5c7041a, vessel=7446783c-841a-11ed-aa7c-7003bca91a86, fieldLogs=0, oneWayRows=0
[2026-05-15T11:26:51.213Z] [SyncDiag] RECEIVE-PUSH DONE: stored=0, applied=0, errors=0, oneWayTables=0
[2026-05-15T11:26:51.222Z] [SyncDiag] PREPARE-PULL START: vessel=7446783c-841a-11ed-aa7c-7003bca91a86, vesselCode=null, checkpoint=2026-05-15T11:24:50.536Z, shoreInstanceId=SHORE-PROD
[2026-05-15T11:26:51.428Z] [SyncDiag] PREPARE-PULL DIAG: vessel=7446783c-841a-11ed-aa7c-7003bca91a86 total_logs=65243 unsynced=0 after_instance_filter=0 exclude=SHIP-Vessel 5 since=2026-05-15T11:24:50.536Z instances=[]
[2026-05-15T11:26:51.428Z] [SyncDiag] PREPARE-PULL FIELD LOGS: 0 shore logs for vessel=7446783c-841a-11ed-aa7c-7003bca91a86 (excluded instance=SHIP-Vessel 5)
[2026-05-15T11:26:51.541Z] [SyncDiag] PREPARE-PULL DONE: 0 one-way rows across 0 tables, 0 field logs, 0 conflicts
[2026-05-15T11:26:51.550Z] [SyncDiag] COMPLETE-SESSION: marking shore logs synced for vessel=7446783c-841a-11ed-aa7c-7003bca91a86 checkpointBefore=2026-05-15T11:24:50.536Z excludeInstance=SHIP-Vessel 5
[2026-05-15T11:26:51.614Z] [SyncDiag] PREPARE-PULL DIAG: vessel=7446783c-841a-11ed-aa7c-7003bca91a86 total_logs=65243 unsynced=0 after_instance_filter=0 exclude=SHIP-Vessel 5 since=2026-05-15T11:24:50.536Z instances=[]
[2026-05-15T11:26:51.614Z] [SyncDiag] COMPLETE-SESSION: found 0 shore logs to mark synced
[2026-05-15T11:26:51.720Z] [SyncDiag] COMPLETE-SESSION: found 0 ship logs to mark synced
[2026-05-15T12:58:16.867Z] [SyncDiag] RECEIVE-PUSH START: batch=7332e34d-962a-41b5-9120-d626e57de977, vessel=7446783c-841a-11ed-aa7c-7003bca91a86, fieldLogs=0, oneWayRows=0
[2026-05-15T12:58:16.873Z] [SyncDiag] RECEIVE-PUSH DONE: stored=0, applied=0, errors=0, oneWayTables=0
[2026-05-15T12:58:18.897Z] [SyncDiag] PREPARE-PULL START: vessel=7446783c-841a-11ed-aa7c-7003bca91a86, vesselCode=null, checkpoint=2026-05-15T11:26:51.549Z, shoreInstanceId=SHORE-PROD
[2026-05-15T12:58:19.118Z] [SyncDiag] PREPARE-PULL DIAG: vessel=7446783c-841a-11ed-aa7c-7003bca91a86 total_logs=65243 unsynced=0 after_instance_filter=0 exclude=SHIP-Vessel 5 since=2026-05-15T11:26:51.549Z instances=[]
[2026-05-15T12:58:19.119Z] [SyncDiag] PREPARE-PULL FIELD LOGS: 0 shore logs for vessel=7446783c-841a-11ed-aa7c-7003bca91a86 (excluded instance=SHIP-Vessel 5)
[2026-05-15T12:58:19.334Z] [SyncDiag] PREPARE-PULL DONE: 6 one-way rows across 1 tables, 0 field logs, 0 conflicts
[2026-05-15T12:58:19.335Z] [SyncDiag] PREPARE-PULL ONE-WAY: master_lists — 6 rows
[2026-05-15T12:58:19.390Z] [SyncDiag] COMPLETE-SESSION: marking shore logs synced for vessel=7446783c-841a-11ed-aa7c-7003bca91a86 checkpointBefore=2026-05-15T11:26:51.549Z excludeInstance=SHIP-Vessel 5
[2026-05-15T12:58:19.457Z] [SyncDiag] PREPARE-PULL DIAG: vessel=7446783c-841a-11ed-aa7c-7003bca91a86 total_logs=65243 unsynced=0 after_instance_filter=0 exclude=SHIP-Vessel 5 since=2026-05-15T11:26:51.549Z instances=[]
[2026-05-15T12:58:19.458Z] [SyncDiag] COMPLETE-SESSION: found 0 shore logs to mark synced
[2026-05-15T12:58:19.574Z] [SyncDiag] COMPLETE-SESSION: found 0 ship logs to mark synced
[2026-05-15T12:59:26.447Z] [SyncDiag] RECEIVE-PUSH START: batch=6ba56c4b-18cc-4645-bb28-41d5ec2c63ed, vessel=7446783c-841a-11ed-aa7c-7003bca91a86, fieldLogs=7, oneWayRows=0
[2026-05-15T12:59:26.480Z] [SyncDiag] RECEIVE-PUSH: 7 field logs stored in sync_field_log
[2026-05-15T12:59:26.481Z] [SyncDiag] SYNC-APPLY TRIGGER BYPASS active for batch=6ba56c4b-18cc-4645-bb28-41d5ec2c63ed
[2026-05-15T12:59:26.483Z] [SyncDiag] FIELD-LOG-INSERT START: 7 logs
[2026-05-15T12:59:26.483Z] [SyncDiag] FIELD-LOG-INSERT: 1 groups from 7 logs
[2026-05-15T12:59:26.517Z] [SyncDiag] FIELD-LOG-INSERT OK: vessel_survey_data row=2d317a59-765a-4b34-8493-2495d84816c8 (9 columns)
[2026-05-15T12:59:26.518Z] [SyncDiag] FIELD-LOG-INSERT DONE: inserted=1, updatePassthrough=0, errors=0
[2026-05-15T12:59:26.524Z] [SyncDiag] ENSURE-MASTER: created 1 ship_surveys_master placeholder(s) for vessel=7446783c-841a-11ed-aa7c-7003bca91a86
[2026-05-15T12:59:26.537Z] [SyncDiag] ENSURE-APPLICABILITY: created 1 vessel_survey_applicability row(s) for vessel=7446783c-841a-11ed-aa7c-7003bca91a86
[2026-05-15T12:59:26.541Z] [SyncDiag] RECEIVE-PUSH DONE: stored=7, applied=1, errors=0, oneWayTables=0
[2026-05-15T12:59:26.551Z] [SyncDiag] PREPARE-PULL START: vessel=7446783c-841a-11ed-aa7c-7003bca91a86, vesselCode=null, checkpoint=2026-05-15T12:58:19.388Z, shoreInstanceId=SHORE-PROD
[2026-05-15T12:59:26.756Z] [SyncDiag] PREPARE-PULL DIAG: vessel=7446783c-841a-11ed-aa7c-7003bca91a86 total_logs=65250 unsynced=7 after_instance_filter=0 exclude=SHIP-Vessel 5 since=2026-05-15T12:58:19.388Z instances=[SHIP-Vessel 5:7]
[2026-05-15T12:59:26.756Z] [SyncDiag] PREPARE-PULL FIELD LOGS: 0 shore logs for vessel=7446783c-841a-11ed-aa7c-7003bca91a86 (excluded instance=SHIP-Vessel 5)
[2026-05-15T12:59:26.870Z] [SyncDiag] PREPARE-PULL DONE: 2 one-way rows across 2 tables, 0 field logs, 0 conflicts
[2026-05-15T12:59:26.870Z] [SyncDiag] PREPARE-PULL ONE-WAY: ship_surveys_master — 1 rows
[2026-05-15T12:59:26.871Z] [SyncDiag] PREPARE-PULL ONE-WAY: vessel_survey_applicability — 1 rows
[2026-05-15T12:59:26.937Z] [SyncDiag] COMPLETE-SESSION: marking shore logs synced for vessel=7446783c-841a-11ed-aa7c-7003bca91a86 checkpointBefore=2026-05-15T12:58:19.388Z excludeInstance=SHIP-Vessel 5
[2026-05-15T12:59:27.005Z] [SyncDiag] PREPARE-PULL DIAG: vessel=7446783c-841a-11ed-aa7c-7003bca91a86 total_logs=65250 unsynced=7 after_instance_filter=0 exclude=SHIP-Vessel 5 since=2026-05-15T12:58:19.388Z instances=[SHIP-Vessel 5:7]
[2026-05-15T12:59:27.006Z] [SyncDiag] COMPLETE-SESSION: found 0 shore logs to mark synced
[2026-05-15T12:59:27.113Z] [SyncDiag] COMPLETE-SESSION: found 7 ship logs to mark synced
[2026-05-15T13:00:50.210Z] [SyncDiag] RECEIVE-PUSH START: batch=a8eb9475-d73e-4432-a423-498f5eef1a5f, vessel=7446783c-841a-11ed-aa7c-7003bca91a86, fieldLogs=7, oneWayRows=0
[2026-05-15T13:00:50.229Z] [SyncDiag] RECEIVE-PUSH: 7 field logs stored in sync_field_log
[2026-05-15T13:00:50.230Z] [SyncDiag] SYNC-APPLY TRIGGER BYPASS active for batch=a8eb9475-d73e-4432-a423-498f5eef1a5f
[2026-05-15T13:00:50.231Z] [SyncDiag] FIELD-LOG-INSERT START: 7 logs
[2026-05-15T13:00:50.231Z] [SyncDiag] FIELD-LOG-INSERT: 1 groups from 7 logs
[2026-05-15T13:00:50.260Z] [SyncDiag] FIELD-LOG-INSERT OK: vessel_certificate_data row=09e8199e-2eaa-4c53-8ab5-f5019d46ee5e (9 columns)
[2026-05-15T13:00:50.261Z] [SyncDiag] FIELD-LOG-INSERT DONE: inserted=1, updatePassthrough=0, errors=0
[2026-05-15T13:00:50.276Z] [SyncDiag] ENSURE-MASTER: created 1 ship_certificates_master placeholder(s) for vessel=7446783c-841a-11ed-aa7c-7003bca91a86
[2026-05-15T13:00:50.293Z] [SyncDiag] ENSURE-APPLICABILITY: created 1 vessel_certificate_applicability row(s) for vessel=7446783c-841a-11ed-aa7c-7003bca91a86
[2026-05-15T13:00:50.297Z] [SyncDiag] RECEIVE-PUSH DONE: stored=7, applied=1, errors=0, oneWayTables=0
[2026-05-15T13:00:52.317Z] [SyncDiag] PREPARE-PULL START: vessel=7446783c-841a-11ed-aa7c-7003bca91a86, vesselCode=null, checkpoint=2026-05-15T12:59:26.936Z, shoreInstanceId=SHORE-PROD
[2026-05-15T13:00:52.473Z] [SyncDiag] PREPARE-PULL DIAG: vessel=7446783c-841a-11ed-aa7c-7003bca91a86 total_logs=65257 unsynced=7 after_instance_filter=0 exclude=SHIP-Vessel 5 since=2026-05-15T12:59:26.936Z instances=[SHIP-Vessel 5:7]
[2026-05-15T13:00:52.474Z] [SyncDiag] PREPARE-PULL FIELD LOGS: 0 shore logs for vessel=7446783c-841a-11ed-aa7c-7003bca91a86 (excluded instance=SHIP-Vessel 5)
[2026-05-15T13:00:52.586Z] [SyncDiag] PREPARE-PULL DONE: 2 one-way rows across 2 tables, 0 field logs, 0 conflicts
[2026-05-15T13:00:52.587Z] [SyncDiag] PREPARE-PULL ONE-WAY: ship_certificates_master — 1 rows
[2026-05-15T13:00:52.587Z] [SyncDiag] PREPARE-PULL ONE-WAY: vessel_certificate_applicability — 1 rows
[2026-05-15T13:00:52.631Z] [SyncDiag] COMPLETE-SESSION: marking shore logs synced for vessel=7446783c-841a-11ed-aa7c-7003bca91a86 checkpointBefore=2026-05-15T12:59:26.936Z excludeInstance=SHIP-Vessel 5
[2026-05-15T13:00:52.696Z] [SyncDiag] PREPARE-PULL DIAG: vessel=7446783c-841a-11ed-aa7c-7003bca91a86 total_logs=65257 unsynced=7 after_instance_filter=0 exclude=SHIP-Vessel 5 since=2026-05-15T12:59:26.936Z instances=[SHIP-Vessel 5:7]
[2026-05-15T13:00:52.697Z] [SyncDiag] COMPLETE-SESSION: found 0 shore logs to mark synced
[2026-05-15T13:00:52.804Z] [SyncDiag] COMPLETE-SESSION: found 7 ship logs to mark synced
[2026-05-15T13:15:32.679Z] [SyncDiag] RECEIVE-PUSH START: batch=782170d2-b7db-4e4c-b60f-6dbb14b26408, vessel=7446783c-841a-11ed-aa7c-7003bca91a86, fieldLogs=7, oneWayRows=0
[2026-05-15T13:15:32.704Z] [SyncDiag] RECEIVE-PUSH: 7 field logs stored in sync_field_log
[2026-05-15T13:15:32.705Z] [SyncDiag] SYNC-APPLY TRIGGER BYPASS active for batch=782170d2-b7db-4e4c-b60f-6dbb14b26408
[2026-05-15T13:15:32.705Z] [SyncDiag] FIELD-LOG-INSERT START: 7 logs
[2026-05-15T13:15:32.706Z] [SyncDiag] FIELD-LOG-INSERT: 1 groups from 7 logs
[2026-05-15T13:15:32.714Z] [SyncDiag] FIELD-LOG-INSERT OK: vessel_survey_data row=c6455087-ca29-4814-87da-589edbec234d (9 columns)
[2026-05-15T13:15:32.715Z] [SyncDiag] FIELD-LOG-INSERT DONE: inserted=1, updatePassthrough=0, errors=0
[2026-05-15T13:15:32.722Z] [SyncDiag] ENSURE-MASTER: created 1 ship_surveys_master placeholder(s) for vessel=7446783c-841a-11ed-aa7c-7003bca91a86
[2026-05-15T13:15:32.735Z] [SyncDiag] ENSURE-APPLICABILITY: created 1 vessel_survey_applicability row(s) for vessel=7446783c-841a-11ed-aa7c-7003bca91a86
[2026-05-15T13:15:32.740Z] [SyncDiag] RECEIVE-PUSH DONE: stored=7, applied=1, errors=0, oneWayTables=0
[2026-05-15T13:15:34.786Z] [SyncDiag] PREPARE-PULL START: vessel=7446783c-841a-11ed-aa7c-7003bca91a86, vesselCode=null, checkpoint=2026-05-15T13:00:52.630Z, shoreInstanceId=SHORE-PROD
[2026-05-15T13:15:35.001Z] [SyncDiag] PREPARE-PULL DIAG: vessel=7446783c-841a-11ed-aa7c-7003bca91a86 total_logs=65264 unsynced=7 after_instance_filter=0 exclude=SHIP-Vessel 5 since=2026-05-15T13:00:52.630Z instances=[SHIP-Vessel 5:7]
[2026-05-15T13:15:35.002Z] [SyncDiag] PREPARE-PULL FIELD LOGS: 0 shore logs for vessel=7446783c-841a-11ed-aa7c-7003bca91a86 (excluded instance=SHIP-Vessel 5)
[2026-05-15T13:15:35.205Z] [SyncDiag] PREPARE-PULL DONE: 2 one-way rows across 2 tables, 0 field logs, 0 conflicts
[2026-05-15T13:15:35.206Z] [SyncDiag] PREPARE-PULL ONE-WAY: ship_surveys_master — 1 rows
[2026-05-15T13:15:35.207Z] [SyncDiag] PREPARE-PULL ONE-WAY: vessel_survey_applicability — 1 rows
[2026-05-15T13:15:35.242Z] [SyncDiag] COMPLETE-SESSION: marking shore logs synced for vessel=7446783c-841a-11ed-aa7c-7003bca91a86 checkpointBefore=2026-05-15T13:00:52.630Z excludeInstance=SHIP-Vessel 5
[2026-05-15T13:15:35.310Z] [SyncDiag] PREPARE-PULL DIAG: vessel=7446783c-841a-11ed-aa7c-7003bca91a86 total_logs=65264 unsynced=7 after_instance_filter=0 exclude=SHIP-Vessel 5 since=2026-05-15T13:00:52.630Z instances=[SHIP-Vessel 5:7]
[2026-05-15T13:15:35.310Z] [SyncDiag] COMPLETE-SESSION: found 0 shore logs to mark synced
[2026-05-15T13:15:35.463Z] [SyncDiag] COMPLETE-SESSION: found 7 ship logs to mark synced
[2026-05-15T13:23:45.824Z] [SyncDiag] RECEIVE-PUSH START: batch=e7a3b891-52b2-4f4f-a182-181be723cea2, vessel=7446783c-841a-11ed-aa7c-7003bca91a86, fieldLogs=7, oneWayRows=0
[2026-05-15T13:23:45.854Z] [SyncDiag] RECEIVE-PUSH: 7 field logs stored in sync_field_log
[2026-05-15T13:23:45.856Z] [SyncDiag] SYNC-APPLY TRIGGER BYPASS active for batch=e7a3b891-52b2-4f4f-a182-181be723cea2
[2026-05-15T13:23:45.856Z] [SyncDiag] FIELD-LOG-INSERT START: 7 logs
[2026-05-15T13:23:45.857Z] [SyncDiag] FIELD-LOG-INSERT: 1 groups from 7 logs
[2026-05-15T13:23:45.867Z] [SyncDiag] FIELD-LOG-INSERT OK: vessel_survey_data row=a974d531-5fa6-4184-9ede-47a4e5a356ca (9 columns)
[2026-05-15T13:23:45.869Z] [SyncDiag] FIELD-LOG-INSERT DONE: inserted=1, updatePassthrough=0, errors=0
[2026-05-15T13:23:45.876Z] [SyncDiag] ENSURE-MASTER: created 1 ship_surveys_master placeholder(s) for vessel=7446783c-841a-11ed-aa7c-7003bca91a86
[2026-05-15T13:23:45.881Z] [SyncDiag] ENSURE-APPLICABILITY: created 1 vessel_survey_applicability row(s) for vessel=7446783c-841a-11ed-aa7c-7003bca91a86
[2026-05-15T13:23:45.887Z] [SyncDiag] RECEIVE-PUSH DONE: stored=7, applied=1, errors=0, oneWayTables=0
[2026-05-15T13:23:45.897Z] [SyncDiag] PREPARE-PULL START: vessel=7446783c-841a-11ed-aa7c-7003bca91a86, vesselCode=null, checkpoint=2026-05-15T13:15:35.241Z, shoreInstanceId=SHORE-PROD
[2026-05-15T13:23:46.083Z] [SyncDiag] PREPARE-PULL DIAG: vessel=7446783c-841a-11ed-aa7c-7003bca91a86 total_logs=65271 unsynced=7 after_instance_filter=0 exclude=SHIP-Vessel 5 since=2026-05-15T13:15:35.241Z instances=[SHIP-Vessel 5:7]
[2026-05-15T13:23:46.084Z] [SyncDiag] PREPARE-PULL FIELD LOGS: 0 shore logs for vessel=7446783c-841a-11ed-aa7c-7003bca91a86 (excluded instance=SHIP-Vessel 5)
[2026-05-15T13:23:46.276Z] [SyncDiag] PREPARE-PULL DONE: 2 one-way rows across 2 tables, 0 field logs, 0 conflicts
[2026-05-15T13:23:46.276Z] [SyncDiag] PREPARE-PULL ONE-WAY: ship_surveys_master — 1 rows
[2026-05-15T13:23:46.277Z] [SyncDiag] PREPARE-PULL ONE-WAY: vessel_survey_applicability — 1 rows
[2026-05-15T13:23:46.305Z] [SyncDiag] COMPLETE-SESSION: marking shore logs synced for vessel=7446783c-841a-11ed-aa7c-7003bca91a86 checkpointBefore=2026-05-15T13:15:35.241Z excludeInstance=SHIP-Vessel 5
[2026-05-15T13:23:46.379Z] [SyncDiag] PREPARE-PULL DIAG: vessel=7446783c-841a-11ed-aa7c-7003bca91a86 total_logs=65271 unsynced=7 after_instance_filter=0 exclude=SHIP-Vessel 5 since=2026-05-15T13:15:35.241Z instances=[SHIP-Vessel 5:7]
[2026-05-15T13:23:46.380Z] [SyncDiag] COMPLETE-SESSION: found 0 shore logs to mark synced
[2026-05-15T13:23:46.486Z] [SyncDiag] COMPLETE-SESSION: found 7 ship logs to mark synced
[2026-05-15T13:24:55.528Z] [SyncDiag] RECEIVE-PUSH START: batch=8332d52c-df51-4d3a-b262-dc786ad89a85, vessel=7446783c-841a-11ed-aa7c-7003bca91a86, fieldLogs=0, oneWayRows=0
[2026-05-15T13:24:55.534Z] [SyncDiag] RECEIVE-PUSH DONE: stored=0, applied=0, errors=0, oneWayTables=0
[2026-05-15T13:24:55.546Z] [SyncDiag] PREPARE-PULL START: vessel=7446783c-841a-11ed-aa7c-7003bca91a86, vesselCode=null, checkpoint=2026-05-15T13:23:46.304Z, shoreInstanceId=SHORE-PROD
[2026-05-15T13:24:55.701Z] [SyncDiag] PREPARE-PULL DIAG: vessel=7446783c-841a-11ed-aa7c-7003bca91a86 total_logs=65271 unsynced=0 after_instance_filter=0 exclude=SHIP-Vessel 5 since=2026-05-15T13:23:46.304Z instances=[]
[2026-05-15T13:24:55.702Z] [SyncDiag] PREPARE-PULL FIELD LOGS: 0 shore logs for vessel=7446783c-841a-11ed-aa7c-7003bca91a86 (excluded instance=SHIP-Vessel 5)
[2026-05-15T13:24:55.815Z] [SyncDiag] PREPARE-PULL DONE: 0 one-way rows across 0 tables, 0 field logs, 0 conflicts
[2026-05-15T13:24:55.824Z] [SyncDiag] COMPLETE-SESSION: marking shore logs synced for vessel=7446783c-841a-11ed-aa7c-7003bca91a86 checkpointBefore=2026-05-15T13:23:46.304Z excludeInstance=SHIP-Vessel 5
[2026-05-15T13:24:55.893Z] [SyncDiag] PREPARE-PULL DIAG: vessel=7446783c-841a-11ed-aa7c-7003bca91a86 total_logs=65271 unsynced=0 after_instance_filter=0 exclude=SHIP-Vessel 5 since=2026-05-15T13:23:46.304Z instances=[]
[2026-05-15T13:24:55.893Z] [SyncDiag] COMPLETE-SESSION: found 0 shore logs to mark synced
[2026-05-15T13:24:55.999Z] [SyncDiag] COMPLETE-SESSION: found 0 ship logs to mark synced
[2026-05-15T13:48:15.842Z] [SyncDiag] RECEIVE-PUSH START: batch=645c2b7a-aea0-44b5-bc15-d8e603c2154b, vessel=7446783c-841a-11ed-aa7c-7003bca91a86, fieldLogs=7, oneWayRows=0
[2026-05-15T13:48:15.871Z] [SyncDiag] RECEIVE-PUSH: 7 field logs stored in sync_field_log
[2026-05-15T13:48:15.872Z] [SyncDiag] SYNC-APPLY TRIGGER BYPASS active for batch=645c2b7a-aea0-44b5-bc15-d8e603c2154b
[2026-05-15T13:48:15.874Z] [SyncDiag] FIELD-LOG-INSERT START: 7 logs
[2026-05-15T13:48:15.874Z] [SyncDiag] FIELD-LOG-INSERT: 1 groups from 7 logs
[2026-05-15T13:48:15.902Z] [SyncDiag] FIELD-LOG-INSERT OK: vessel_survey_data row=9d95dd86-260c-4c1c-91ee-6d467aeb9f2d (9 columns)
[2026-05-15T13:48:15.903Z] [SyncDiag] FIELD-LOG-INSERT DONE: inserted=1, updatePassthrough=0, errors=0
[2026-05-15T13:48:15.910Z] [SyncDiag] ENSURE-MASTER: created 1 ship_surveys_master placeholder(s) for vessel=7446783c-841a-11ed-aa7c-7003bca91a86
[2026-05-15T13:48:15.915Z] [SyncDiag] ENSURE-APPLICABILITY: created 1 vessel_survey_applicability row(s) for vessel=7446783c-841a-11ed-aa7c-7003bca91a86
[2026-05-15T13:48:15.917Z] [SyncDiag] MASTER-HINT APPLIED: ship_surveys_master master_id=VES-022 name=New Test survey---nw--1
[2026-05-15T13:48:15.921Z] [SyncDiag] RECEIVE-PUSH DONE: stored=7, applied=1, errors=0, oneWayTables=0
[2026-05-15T13:48:15.934Z] [SyncDiag] PREPARE-PULL START: vessel=7446783c-841a-11ed-aa7c-7003bca91a86, vesselCode=null, checkpoint=2026-05-15T13:24:55.823Z, shoreInstanceId=SHORE-PROD
[2026-05-15T13:48:16.151Z] [SyncDiag] PREPARE-PULL DIAG: vessel=7446783c-841a-11ed-aa7c-7003bca91a86 total_logs=65278 unsynced=7 after_instance_filter=0 exclude=SHIP-Vessel 5 since=2026-05-15T13:24:55.823Z instances=[SHIP-Vessel 5:7]
[2026-05-15T13:48:16.151Z] [SyncDiag] PREPARE-PULL FIELD LOGS: 0 shore logs for vessel=7446783c-841a-11ed-aa7c-7003bca91a86 (excluded instance=SHIP-Vessel 5)
[2026-05-15T13:48:16.364Z] [SyncDiag] PREPARE-PULL DONE: 8 one-way rows across 3 tables, 0 field logs, 0 conflicts
[2026-05-15T13:48:16.364Z] [SyncDiag] PREPARE-PULL ONE-WAY: master_lists — 6 rows
[2026-05-15T13:48:16.365Z] [SyncDiag] PREPARE-PULL ONE-WAY: ship_surveys_master — 1 rows
[2026-05-15T13:48:16.365Z] [SyncDiag] PREPARE-PULL ONE-WAY: vessel_survey_applicability — 1 rows
[2026-05-15T13:48:16.444Z] [SyncDiag] COMPLETE-SESSION: marking shore logs synced for vessel=7446783c-841a-11ed-aa7c-7003bca91a86 checkpointBefore=2026-05-15T13:24:55.823Z excludeInstance=SHIP-Vessel 5
[2026-05-15T13:48:16.512Z] [SyncDiag] PREPARE-PULL DIAG: vessel=7446783c-841a-11ed-aa7c-7003bca91a86 total_logs=65278 unsynced=7 after_instance_filter=0 exclude=SHIP-Vessel 5 since=2026-05-15T13:24:55.823Z instances=[SHIP-Vessel 5:7]
[2026-05-15T13:48:16.512Z] [SyncDiag] COMPLETE-SESSION: found 0 shore logs to mark synced
[2026-05-15T13:48:16.618Z] [SyncDiag] COMPLETE-SESSION: found 7 ship logs to mark synced
[2026-05-15T13:50:47.983Z] [SyncDiag] RECEIVE-PUSH START: batch=f5872767-4942-4bfa-90ee-dcd24cff8d83, vessel=7446783c-841a-11ed-aa7c-7003bca91a86, fieldLogs=7, oneWayRows=0
[2026-05-15T13:50:48.006Z] [SyncDiag] RECEIVE-PUSH: 7 field logs stored in sync_field_log
[2026-05-15T13:50:48.007Z] [SyncDiag] SYNC-APPLY TRIGGER BYPASS active for batch=f5872767-4942-4bfa-90ee-dcd24cff8d83
[2026-05-15T13:50:48.008Z] [SyncDiag] FIELD-LOG-INSERT START: 7 logs
[2026-05-15T13:50:48.008Z] [SyncDiag] FIELD-LOG-INSERT: 1 groups from 7 logs
[2026-05-15T13:50:48.041Z] [SyncDiag] FIELD-LOG-INSERT OK: vessel_certificate_data row=fa884324-04ec-4fce-9b69-05ca5c54618a (9 columns)
[2026-05-15T13:50:48.042Z] [SyncDiag] FIELD-LOG-INSERT DONE: inserted=1, updatePassthrough=0, errors=0
[2026-05-15T13:50:48.062Z] [SyncDiag] ENSURE-MASTER: created 1 ship_certificates_master placeholder(s) for vessel=7446783c-841a-11ed-aa7c-7003bca91a86
[2026-05-15T13:50:48.075Z] [SyncDiag] ENSURE-APPLICABILITY: created 1 vessel_certificate_applicability row(s) for vessel=7446783c-841a-11ed-aa7c-7003bca91a86
[2026-05-15T13:50:48.077Z] [SyncDiag] MASTER-HINT APPLIED: ship_certificates_master master_id=VES-010 name=Cert Test Nil 12
[2026-05-15T13:50:48.081Z] [SyncDiag] RECEIVE-PUSH DONE: stored=7, applied=1, errors=0, oneWayTables=0
[2026-05-15T13:50:48.095Z] [SyncDiag] PREPARE-PULL START: vessel=7446783c-841a-11ed-aa7c-7003bca91a86, vesselCode=null, checkpoint=2026-05-15T13:48:16.443Z, shoreInstanceId=SHORE-PROD
[2026-05-15T13:50:48.260Z] [SyncDiag] PREPARE-PULL DIAG: vessel=7446783c-841a-11ed-aa7c-7003bca91a86 total_logs=65285 unsynced=7 after_instance_filter=0 exclude=SHIP-Vessel 5 since=2026-05-15T13:48:16.443Z instances=[SHIP-Vessel 5:7]
[2026-05-15T13:50:48.260Z] [SyncDiag] PREPARE-PULL FIELD LOGS: 0 shore logs for vessel=7446783c-841a-11ed-aa7c-7003bca91a86 (excluded instance=SHIP-Vessel 5)
[2026-05-15T13:50:48.449Z] [SyncDiag] PREPARE-PULL DONE: 2 one-way rows across 2 tables, 0 field logs, 0 conflicts
[2026-05-15T13:50:48.449Z] [SyncDiag] PREPARE-PULL ONE-WAY: ship_certificates_master — 1 rows
[2026-05-15T13:50:48.450Z] [SyncDiag] PREPARE-PULL ONE-WAY: vessel_certificate_applicability — 1 rows
[2026-05-15T13:50:48.488Z] [SyncDiag] COMPLETE-SESSION: marking shore logs synced for vessel=7446783c-841a-11ed-aa7c-7003bca91a86 checkpointBefore=2026-05-15T13:48:16.443Z excludeInstance=SHIP-Vessel 5
[2026-05-15T13:50:48.553Z] [SyncDiag] PREPARE-PULL DIAG: vessel=7446783c-841a-11ed-aa7c-7003bca91a86 total_logs=65285 unsynced=7 after_instance_filter=0 exclude=SHIP-Vessel 5 since=2026-05-15T13:48:16.443Z instances=[SHIP-Vessel 5:7]
[2026-05-15T13:50:48.553Z] [SyncDiag] COMPLETE-SESSION: found 0 shore logs to mark synced
[2026-05-15T13:50:48.660Z] [SyncDiag] COMPLETE-SESSION: found 7 ship logs to mark synced
[2026-05-15T14:43:20.335Z] [SyncDiag] RECEIVE-PUSH START: batch=8d1befba-cac7-459c-b154-f9ef61b430a0, vessel=744535d0-841a-11ed-aa7c-7003bca91a86, fieldLogs=7, oneWayRows=0
[2026-05-15T14:43:20.361Z] [SyncDiag] RECEIVE-PUSH: 7 field logs stored in sync_field_log
[2026-05-15T14:43:20.362Z] [SyncDiag] SYNC-APPLY TRIGGER BYPASS active for batch=8d1befba-cac7-459c-b154-f9ef61b430a0
[2026-05-15T14:43:20.364Z] [SyncDiag] FIELD-LOG-INSERT START: 7 logs
[2026-05-15T14:43:20.364Z] [SyncDiag] FIELD-LOG-INSERT: 1 groups from 7 logs
[2026-05-15T14:43:20.394Z] [SyncDiag] FIELD-LOG-INSERT OK: vessel_certificate_data row=130a924c-90c7-42a4-b286-d4beb4fdc4f4 (9 columns)
[2026-05-15T14:43:20.395Z] [SyncDiag] FIELD-LOG-INSERT DONE: inserted=1, updatePassthrough=0, errors=0
[2026-05-15T14:43:20.402Z] [SyncDiag] ENSURE-MASTER: created 1 ship_certificates_master placeholder(s) for vessel=744535d0-841a-11ed-aa7c-7003bca91a86
[2026-05-15T14:43:20.407Z] [SyncDiag] ENSURE-APPLICABILITY: created 1 vessel_certificate_applicability row(s) for vessel=744535d0-841a-11ed-aa7c-7003bca91a86
[2026-05-15T14:43:20.409Z] [SyncDiag] MASTER-HINT APPLIED: ship_certificates_master master_id=VES-011 name=Vess 4 test
[2026-05-15T14:43:20.413Z] [SyncDiag] RECEIVE-PUSH DONE: stored=7, applied=1, errors=0, oneWayTables=0
[2026-05-15T14:43:22.429Z] [SyncDiag] PREPARE-PULL START: vessel=744535d0-841a-11ed-aa7c-7003bca91a86, vesselCode=null, checkpoint=2026-05-15T14:35:05.473Z, shoreInstanceId=SHORE-PROD
[2026-05-15T14:43:22.622Z] [SyncDiag] PREPARE-PULL DIAG: vessel=744535d0-841a-11ed-aa7c-7003bca91a86 total_logs=7 unsynced=7 after_instance_filter=0 exclude=SHIP-Vessel 4 since=2026-05-15T14:35:05.473Z instances=[SHIP-Vessel 4:7]
[2026-05-15T14:43:22.623Z] [SyncDiag] PREPARE-PULL FIELD LOGS: 0 shore logs for vessel=744535d0-841a-11ed-aa7c-7003bca91a86 (excluded instance=SHIP-Vessel 4)
[2026-05-15T14:43:22.631Z] [SyncDiag] PREPARE-PULL DONE: 3 one-way rows across 3 tables, 0 field logs, 0 conflicts
[2026-05-15T14:43:22.632Z] [SyncDiag] PREPARE-PULL ONE-WAY: components — 1 rows
[2026-05-15T14:43:22.632Z] [SyncDiag] PREPARE-PULL ONE-WAY: ship_certificates_master — 1 rows
[2026-05-15T14:43:22.633Z] [SyncDiag] PREPARE-PULL ONE-WAY: vessel_certificate_applicability — 1 rows
[2026-05-15T14:43:22.708Z] [SyncDiag] COMPLETE-SESSION: marking shore logs synced for vessel=744535d0-841a-11ed-aa7c-7003bca91a86 checkpointBefore=2026-05-15T14:35:05.473Z excludeInstance=SHIP-Vessel 4
[2026-05-15T14:43:22.761Z] [SyncDiag] PREPARE-PULL DIAG: vessel=744535d0-841a-11ed-aa7c-7003bca91a86 total_logs=7 unsynced=7 after_instance_filter=0 exclude=SHIP-Vessel 4 since=2026-05-15T14:35:05.473Z instances=[SHIP-Vessel 4:7]
[2026-05-15T14:43:22.761Z] [SyncDiag] COMPLETE-SESSION: found 0 shore logs to mark synced
[2026-05-15T14:43:22.763Z] [SyncDiag] COMPLETE-SESSION: found 7 ship logs to mark synced
[2026-05-15T14:49:30.879Z] [SyncDiag] RECEIVE-PUSH START: batch=2b0a9fd6-6f51-43a3-84c7-f7cf5acaf1f8, vessel=744535d0-841a-11ed-aa7c-7003bca91a86, fieldLogs=50, oneWayRows=0
[2026-05-15T14:49:30.940Z] [SyncDiag] RECEIVE-PUSH: 50 field logs stored in sync_field_log
[2026-05-15T14:49:30.941Z] [SyncDiag] SYNC-APPLY TRIGGER BYPASS active for batch=2b0a9fd6-6f51-43a3-84c7-f7cf5acaf1f8
[2026-05-15T14:49:30.942Z] [SyncDiag] FIELD-LOG-INSERT START: 50 logs
[2026-05-15T14:49:30.942Z] [SyncDiag] FIELD-LOG-INSERT: 3 groups from 50 logs
[2026-05-15T14:49:30.989Z] [SyncDiag] FIELD-LOG-INSERT OK: running_hours_audit row=4eb63540-6c26-4a3a-ba4c-011c44053f28 (21 columns)
[2026-05-15T14:49:30.991Z] [SyncDiag] RH-APPLY INSERT: component=0811fa37-e0cf-40e1-ae54-a918f2fe3ea4 current_cumulative_rh updated from 0.00 to 1000.00, last_updated=15 May 2026 05:30 from audit row 4eb63540-6c26-4a3a-ba4c-011c44053f28
[2026-05-15T14:49:31.020Z] [SyncDiag] FIELD-LOG-INSERT OK: stores_items row=f6aea1ce-259f-4e43-aa47-37ac022e3d27 (19 columns)
[2026-05-15T14:49:31.046Z] [SyncDiag] FIELD-LOG-INSERT OK: change_request row=2914e378-02a1-4c71-ac20-d6d10d7257ca (16 columns)
[2026-05-15T14:49:31.047Z] [SyncDiag] FIELD-LOG-INSERT DONE: inserted=3, updatePassthrough=0, errors=0
[2026-05-15T14:49:31.051Z] [SyncDiag] RECEIVE-PUSH DONE: stored=50, applied=3, errors=0, oneWayTables=0
[2026-05-15T14:49:33.062Z] [SyncDiag] PREPARE-PULL START: vessel=744535d0-841a-11ed-aa7c-7003bca91a86, vesselCode=null, checkpoint=2026-05-15T14:43:22.707Z, shoreInstanceId=SHORE-PROD
[2026-05-15T14:49:33.257Z] [SyncDiag] PREPARE-PULL DIAG: vessel=744535d0-841a-11ed-aa7c-7003bca91a86 total_logs=57 unsynced=50 after_instance_filter=0 exclude=SHIP-Vessel 4 since=2026-05-15T14:43:22.707Z instances=[SHIP-Vessel 4:50]
[2026-05-15T14:49:33.257Z] [SyncDiag] PREPARE-PULL FIELD LOGS: 0 shore logs for vessel=744535d0-841a-11ed-aa7c-7003bca91a86 (excluded instance=SHIP-Vessel 4)
[2026-05-15T14:49:33.267Z] [SyncDiag] PREPARE-PULL DONE: 1 one-way rows across 1 tables, 0 field logs, 0 conflicts
[2026-05-15T14:49:33.267Z] [SyncDiag] PREPARE-PULL ONE-WAY: components — 1 rows
[2026-05-15T14:49:33.285Z] [SyncDiag] COMPLETE-SESSION: marking shore logs synced for vessel=744535d0-841a-11ed-aa7c-7003bca91a86 checkpointBefore=2026-05-15T14:43:22.707Z excludeInstance=SHIP-Vessel 4
[2026-05-15T14:49:33.339Z] [SyncDiag] PREPARE-PULL DIAG: vessel=744535d0-841a-11ed-aa7c-7003bca91a86 total_logs=57 unsynced=50 after_instance_filter=0 exclude=SHIP-Vessel 4 since=2026-05-15T14:43:22.707Z instances=[SHIP-Vessel 4:50]
[2026-05-15T14:49:33.340Z] [SyncDiag] COMPLETE-SESSION: found 0 shore logs to mark synced
[2026-05-15T14:49:33.342Z] [SyncDiag] COMPLETE-SESSION: found 50 ship logs to mark synced
[2026-05-15T14:50:29.352Z] [SyncDiag] RECEIVE-PUSH START: batch=57f7ee81-f0fb-49f4-ab5a-e080746c1482, vessel=7446783c-841a-11ed-aa7c-7003bca91a86, fieldLogs=0, oneWayRows=0
[2026-05-15T14:50:29.359Z] [SyncDiag] RECEIVE-PUSH DONE: stored=0, applied=0, errors=0, oneWayTables=0
[2026-05-15T14:50:31.371Z] [SyncDiag] PREPARE-PULL START: vessel=7446783c-841a-11ed-aa7c-7003bca91a86, vesselCode=null, checkpoint=2026-05-15T13:50:48.487Z, shoreInstanceId=SHORE-PROD
[2026-05-15T14:50:31.597Z] [SyncDiag] PREPARE-PULL DIAG: vessel=7446783c-841a-11ed-aa7c-7003bca91a86 total_logs=65285 unsynced=0 after_instance_filter=0 exclude=SHIP-Vessel 5 since=2026-05-15T13:50:48.487Z instances=[]
[2026-05-15T14:50:31.597Z] [SyncDiag] PREPARE-PULL FIELD LOGS: 0 shore logs for vessel=7446783c-841a-11ed-aa7c-7003bca91a86 (excluded instance=SHIP-Vessel 5)
[2026-05-15T14:50:31.816Z] [SyncDiag] PREPARE-PULL DONE: 7 one-way rows across 2 tables, 0 field logs, 0 conflicts
[2026-05-15T14:50:31.816Z] [SyncDiag] PREPARE-PULL ONE-WAY: master_lists — 6 rows
[2026-05-15T14:50:31.817Z] [SyncDiag] PREPARE-PULL ONE-WAY: ship_certificates_master — 1 rows
[2026-05-15T14:50:31.892Z] [SyncDiag] COMPLETE-SESSION: marking shore logs synced for vessel=7446783c-841a-11ed-aa7c-7003bca91a86 checkpointBefore=2026-05-15T13:50:48.487Z excludeInstance=SHIP-Vessel 5
[2026-05-15T14:50:31.967Z] [SyncDiag] PREPARE-PULL DIAG: vessel=7446783c-841a-11ed-aa7c-7003bca91a86 total_logs=65285 unsynced=0 after_instance_filter=0 exclude=SHIP-Vessel 5 since=2026-05-15T13:50:48.487Z instances=[]
[2026-05-15T14:50:31.968Z] [SyncDiag] COMPLETE-SESSION: found 0 shore logs to mark synced
[2026-05-15T14:50:32.153Z] [SyncDiag] COMPLETE-SESSION: found 0 ship logs to mark synced
