[2026-05-19T05:27:20.304Z] [SyncDiag] RECEIVE-PUSH START: batch=16d9806b-19e9-47b6-8797-d75d929f8c45, vessel=7446783c-841a-11ed-aa7c-7003bca91a86, fieldLogs=0, oneWayRows=0
[2026-05-19T05:27:20.310Z] [SyncDiag] RECEIVE-PUSH DONE: stored=0, applied=0, errors=0, oneWayTables=0
[2026-05-19T05:27:22.340Z] [SyncDiag] PREPARE-PULL START: vessel=7446783c-841a-11ed-aa7c-7003bca91a86, vesselCode=null, checkpoint=2026-05-18T23:27:23.307Z, shoreInstanceId=SHORE-PROD
[2026-05-19T05:27:22.553Z] [SyncDiag] PREPARE-PULL DIAG: vessel=7446783c-841a-11ed-aa7c-7003bca91a86 total_logs=65494 unsynced=0 after_instance_filter=0 exclude=SHIP-Vessel 5 since=2026-05-18T23:27:23.307Z instances=[]
[2026-05-19T05:27:22.554Z] [SyncDiag] PREPARE-PULL FIELD LOGS: 0 shore logs for vessel=7446783c-841a-11ed-aa7c-7003bca91a86 (excluded instance=SHIP-Vessel 5)
[2026-05-19T05:27:22.841Z] [SyncDiag] PREPARE-PULL DONE: 92 one-way rows across 1 tables, 0 field logs, 0 conflicts
[2026-05-19T05:27:22.842Z] [SyncDiag] PREPARE-PULL ONE-WAY: ship_certificates_master — 92 rows
[2026-05-19T05:27:23.041Z] [SyncDiag] COMPLETE-SESSION: marking shore logs synced for vessel=7446783c-841a-11ed-aa7c-7003bca91a86 checkpointBefore=2026-05-18T23:27:23.307Z excludeInstance=SHIP-Vessel 5
[2026-05-19T05:27:23.116Z] [SyncDiag] PREPARE-PULL DIAG: vessel=7446783c-841a-11ed-aa7c-7003bca91a86 total_logs=65494 unsynced=0 after_instance_filter=0 exclude=SHIP-Vessel 5 since=2026-05-18T23:27:23.307Z instances=[]
[2026-05-19T05:27:23.116Z] [SyncDiag] COMPLETE-SESSION: found 0 shore logs to mark synced
[2026-05-19T05:27:23.395Z] [SyncDiag] COMPLETE-SESSION: found 0 ship logs to mark synced
[2026-05-19T06:32:22.917Z] [SyncDiag] FIELD-LOGGER: vessel_survey_data row=d01b8e51-d281-4c27-9dfb-b4f5906bc2c1 — 7 fields changed, isInsert=true, vesselId=cd03135a-f38a-40de-b7d6-27ba85b633dc, instanceId=SHORE-PROD
[2026-05-19T11:27:22.126Z] [SyncDiag] RECEIVE-PUSH START: batch=38311b14-63c4-415f-a7a5-9a30f2cefbd5, vessel=7446783c-841a-11ed-aa7c-7003bca91a86, fieldLogs=0, oneWayRows=0
[2026-05-19T11:27:22.133Z] [SyncDiag] RECEIVE-PUSH DONE: stored=0, applied=0, errors=0, oneWayTables=0
[2026-05-19T11:27:22.140Z] [SyncDiag] PREPARE-PULL START: vessel=7446783c-841a-11ed-aa7c-7003bca91a86, vesselCode=null, checkpoint=2026-05-19T05:27:23.040Z, shoreInstanceId=SHORE-PROD
[2026-05-19T11:27:22.444Z] [SyncDiag] PREPARE-PULL DIAG: vessel=7446783c-841a-11ed-aa7c-7003bca91a86 total_logs=65494 unsynced=0 after_instance_filter=0 exclude=SHIP-Vessel 5 since=2026-05-19T05:27:23.040Z instances=[]
[2026-05-19T11:27:22.444Z] [SyncDiag] PREPARE-PULL FIELD LOGS: 0 shore logs for vessel=7446783c-841a-11ed-aa7c-7003bca91a86 (excluded instance=SHIP-Vessel 5)
[2026-05-19T11:27:22.799Z] [SyncDiag] PREPARE-PULL DONE: 15 one-way rows across 1 tables, 0 field logs, 0 conflicts
[2026-05-19T11:27:22.799Z] [SyncDiag] PREPARE-PULL ONE-WAY: ship_surveys_master — 15 rows
[2026-05-19T11:27:22.888Z] [SyncDiag] COMPLETE-SESSION: marking shore logs synced for vessel=7446783c-841a-11ed-aa7c-7003bca91a86 checkpointBefore=2026-05-19T05:27:23.040Z excludeInstance=SHIP-Vessel 5
[2026-05-19T11:27:22.960Z] [SyncDiag] PREPARE-PULL DIAG: vessel=7446783c-841a-11ed-aa7c-7003bca91a86 total_logs=65494 unsynced=0 after_instance_filter=0 exclude=SHIP-Vessel 5 since=2026-05-19T05:27:23.040Z instances=[]
[2026-05-19T11:27:22.961Z] [SyncDiag] COMPLETE-SESSION: found 0 shore logs to mark synced
[2026-05-19T11:27:23.151Z] [SyncDiag] COMPLETE-SESSION: found 0 ship logs to mark synced
[2026-05-19T17:27:19.681Z] [SyncDiag] RECEIVE-PUSH START: batch=2733238c-ae51-4ed3-948e-0873b37e1f63, vessel=7446783c-841a-11ed-aa7c-7003bca91a86, fieldLogs=0, oneWayRows=0
[2026-05-19T17:27:19.692Z] [SyncDiag] RECEIVE-PUSH DONE: stored=0, applied=0, errors=0, oneWayTables=0
[2026-05-19T17:27:21.731Z] [SyncDiag] PREPARE-PULL START: vessel=7446783c-841a-11ed-aa7c-7003bca91a86, vesselCode=null, checkpoint=2026-05-19T11:27:22.887Z, shoreInstanceId=SHORE-PROD
[2026-05-19T17:27:22.219Z] [SyncDiag] PREPARE-PULL DIAG: vessel=7446783c-841a-11ed-aa7c-7003bca91a86 total_logs=65494 unsynced=0 after_instance_filter=0 exclude=SHIP-Vessel 5 since=2026-05-19T11:27:22.887Z instances=[]
[2026-05-19T17:27:22.220Z] [SyncDiag] PREPARE-PULL FIELD LOGS: 0 shore logs for vessel=7446783c-841a-11ed-aa7c-7003bca91a86 (excluded instance=SHIP-Vessel 5)
[2026-05-19T17:27:23.410Z] [SyncDiag] PREPARE-PULL DONE: 0 one-way rows across 0 tables, 0 field logs, 0 conflicts
[2026-05-19T17:27:23.426Z] [SyncDiag] COMPLETE-SESSION: marking shore logs synced for vessel=7446783c-841a-11ed-aa7c-7003bca91a86 checkpointBefore=2026-05-19T11:27:22.887Z excludeInstance=SHIP-Vessel 5
[2026-05-19T17:27:23.501Z] [SyncDiag] PREPARE-PULL DIAG: vessel=7446783c-841a-11ed-aa7c-7003bca91a86 total_logs=65494 unsynced=0 after_instance_filter=0 exclude=SHIP-Vessel 5 since=2026-05-19T11:27:22.887Z instances=[]
[2026-05-19T17:27:23.501Z] [SyncDiag] COMPLETE-SESSION: found 0 shore logs to mark synced
[2026-05-19T17:27:23.820Z] [SyncDiag] COMPLETE-SESSION: found 0 ship logs to mark synced
[2026-05-19T23:27:19.493Z] [SyncDiag] RECEIVE-PUSH START: batch=100f61d5-fd3d-4b23-82de-d3b4bce6251a, vessel=7446783c-841a-11ed-aa7c-7003bca91a86, fieldLogs=0, oneWayRows=0
[2026-05-19T23:27:19.499Z] [SyncDiag] RECEIVE-PUSH DONE: stored=0, applied=0, errors=0, oneWayTables=0
[2026-05-19T23:27:21.524Z] [SyncDiag] PREPARE-PULL START: vessel=7446783c-841a-11ed-aa7c-7003bca91a86, vesselCode=null, checkpoint=2026-05-19T17:27:23.425Z, shoreInstanceId=SHORE-PROD
[2026-05-19T23:27:21.835Z] [SyncDiag] PREPARE-PULL DIAG: vessel=7446783c-841a-11ed-aa7c-7003bca91a86 total_logs=65494 unsynced=0 after_instance_filter=0 exclude=SHIP-Vessel 5 since=2026-05-19T17:27:23.425Z instances=[]
[2026-05-19T23:27:21.835Z] [SyncDiag] PREPARE-PULL FIELD LOGS: 0 shore logs for vessel=7446783c-841a-11ed-aa7c-7003bca91a86 (excluded instance=SHIP-Vessel 5)
[2026-05-19T23:27:22.047Z] [SyncDiag] PREPARE-PULL DONE: 0 one-way rows across 0 tables, 0 field logs, 0 conflicts
[2026-05-19T23:27:22.055Z] [SyncDiag] COMPLETE-SESSION: marking shore logs synced for vessel=7446783c-841a-11ed-aa7c-7003bca91a86 checkpointBefore=2026-05-19T17:27:23.425Z excludeInstance=SHIP-Vessel 5
[2026-05-19T23:27:22.236Z] [SyncDiag] PREPARE-PULL DIAG: vessel=7446783c-841a-11ed-aa7c-7003bca91a86 total_logs=65494 unsynced=0 after_instance_filter=0 exclude=SHIP-Vessel 5 since=2026-05-19T17:27:23.425Z instances=[]
[2026-05-19T23:27:22.236Z] [SyncDiag] COMPLETE-SESSION: found 0 shore logs to mark synced
[2026-05-19T23:27:22.427Z] [SyncDiag] COMPLETE-SESSION: found 0 ship logs to mark synced
