[2026-06-01T04:06:13.703Z] [SyncDiag] FIELD-LOGGER: vessel_certificate_data row=3b176db4-d2ed-4f8b-8e55-f5100a84c41b — 7 fields changed, isInsert=true, vesselId=13421138-e990-45d9-ab09-94f01faeebe2, instanceId=SHORE-PROD
[2026-06-01T04:12:26.888Z] [SyncDiag] FIELD-LOGGER: spares_history row=9df5fdd0-0f2a-4ebf-86df-2a6ad0fa4a19 — 19 fields changed, isInsert=true, vesselId=7cb64519-6008-4189-820e-4b2e1f74504e, instanceId=SHORE-PROD
[2026-06-01T04:12:28.034Z] [SyncDiag] FIELD-LOGGER: spares row=0a1000c4-89d6-478c-ad20-966a30afabcb — 2 fields changed, isInsert=false, vesselId=7cb64519-6008-4189-820e-4b2e1f74504e, instanceId=SHORE-PROD
[2026-06-01T04:12:28.198Z] [SyncDiag] FIELD-LOGGER: spares row=0a1000c4-89d6-478c-ad20-966a30afabcb — 2 fields changed, isInsert=false, vesselId=7cb64519-6008-4189-820e-4b2e1f74504e, instanceId=SHORE-PROD
[2026-06-01T04:12:28.261Z] [SyncDiag] FIELD-LOGGER: spare_location_stock row=b804d381-c18c-4976-a150-5f10bff98140 — 9 fields changed, isInsert=true, vesselId=7cb64519-6008-4189-820e-4b2e1f74504e, instanceId=SHORE-PROD
[2026-06-01T04:13:11.960Z] [SyncDiag] FIELD-LOGGER: spares_history row=46a448df-c4de-4a93-aa51-dd64e5433463 — 19 fields changed, isInsert=true, vesselId=cd03135a-f38a-40de-b7d6-27ba85b633dc, instanceId=SHORE-PROD
[2026-06-01T04:13:11.972Z] [SyncDiag] FIELD-LOGGER: spares row=27d5f0aa-119d-44bf-826e-741b13c7cc8b — 2 fields changed, isInsert=false, vesselId=cd03135a-f38a-40de-b7d6-27ba85b633dc, instanceId=SHORE-PROD
[2026-06-01T04:13:12.074Z] [SyncDiag] FIELD-LOGGER: spares row=27d5f0aa-119d-44bf-826e-741b13c7cc8b — 2 fields changed, isInsert=false, vesselId=cd03135a-f38a-40de-b7d6-27ba85b633dc, instanceId=SHORE-PROD
[2026-06-01T04:13:12.117Z] [SyncDiag] FIELD-LOGGER: spare_location_stock row=d3ef513b-5557-4f33-a725-557ca1d99a1c — 9 fields changed, isInsert=true, vesselId=cd03135a-f38a-40de-b7d6-27ba85b633dc, instanceId=SHORE-PROD
[2026-06-01T04:27:08.265Z] [SyncDiag] RECEIVE-PUSH START: batch=141e6fba-99fc-4552-a346-20ddbacc363d, vessel=7446783c-841a-11ed-aa7c-7003bca91a86, fieldLogs=0, oneWayRows=0
[2026-06-01T04:27:08.270Z] [SyncDiag] RECEIVE-PUSH DONE: stored=0, applied=0, errors=0, oneWayTables=0
[2026-06-01T04:27:10.372Z] [SyncDiag] PREPARE-PULL START: vessel=7446783c-841a-11ed-aa7c-7003bca91a86, vesselCode=null, checkpoint=2026-05-31T22:27:11.498Z, shoreInstanceId=SHORE-PROD
[2026-06-01T04:27:11.087Z] [SyncDiag] PREPARE-PULL DIAG: vessel=7446783c-841a-11ed-aa7c-7003bca91a86 total_logs=65589 unsynced=0 after_instance_filter=0 exclude=SHIP-Vessel 5 since=2026-05-31T22:27:11.498Z instances=[]
[2026-06-01T04:27:11.088Z] [SyncDiag] PREPARE-PULL FIELD LOGS: 0 shore logs for vessel=7446783c-841a-11ed-aa7c-7003bca91a86 (excluded instance=SHIP-Vessel 5)
[2026-06-01T04:27:11.353Z] [SyncDiag] PREPARE-PULL DONE: 95 one-way rows across 1 tables, 0 field logs, 0 conflicts
[2026-06-01T04:27:11.354Z] [SyncDiag] PREPARE-PULL ONE-WAY: ship_certificates_master — 95 rows
[2026-06-01T04:27:11.748Z] [SyncDiag] COMPLETE-SESSION: marking shore logs synced for vessel=7446783c-841a-11ed-aa7c-7003bca91a86 checkpointBefore=2026-05-31T22:27:11.498Z excludeInstance=SHIP-Vessel 5
[2026-06-01T04:27:11.766Z] [SyncDiag] PREPARE-PULL DIAG: vessel=7446783c-841a-11ed-aa7c-7003bca91a86 total_logs=65589 unsynced=0 after_instance_filter=0 exclude=SHIP-Vessel 5 since=2026-05-31T22:27:11.498Z instances=[]
[2026-06-01T04:27:11.766Z] [SyncDiag] COMPLETE-SESSION: found 0 shore logs to mark synced
[2026-06-01T04:27:11.877Z] [SyncDiag] COMPLETE-SESSION: found 0 ship logs to mark synced
[2026-06-01T05:16:09.120Z] [SyncDiag] FIELD-LOGGER: vessel_certificate_data row=2470ebdb-bc9c-4b3e-9287-e06f663bc2c4 — 2 fields changed, isInsert=false, vesselId=744cf286-841a-11ed-aa7c-7003bca91a86, instanceId=SHORE-PROD
[2026-06-01T06:04:48.244Z] [SyncDiag] FIELD-LOGGER: defects row=b2eeb0d0-86fa-4637-a37f-a5ce184b729d — 5 fields changed, isInsert=false, vesselId=7446783c-841a-11ed-aa7c-7003bca91a86, instanceId=SHORE-PROD
[2026-06-01T06:09:27.254Z] [SyncDiag] FIELD-LOGGER: defects row=4b739650-52dd-48f9-8d9f-618406653deb — 3 fields changed, isInsert=false, vesselId=744535d0-841a-11ed-aa7c-7003bca91a86, instanceId=SHORE-PROD
[2026-06-01T06:41:42.492Z] [SyncDiag] FIELD-LOGGER: defects row=577e1992-5099-483f-95c2-fc5d73fd5d0e — 4 fields changed, isInsert=false, vesselId=743ef9d1-841a-11ed-aa7c-7003bca91a86, instanceId=SHORE-PROD
[2026-06-01T06:42:16.694Z] [SyncDiag] FIELD-LOGGER: defects row=577e1992-5099-483f-95c2-fc5d73fd5d0e — 4 fields changed, isInsert=false, vesselId=743ef9d1-841a-11ed-aa7c-7003bca91a86, instanceId=SHORE-PROD
[2026-06-01T06:42:28.664Z] [SyncDiag] FIELD-LOGGER: defects row=577e1992-5099-483f-95c2-fc5d73fd5d0e — 4 fields changed, isInsert=false, vesselId=743ef9d1-841a-11ed-aa7c-7003bca91a86, instanceId=SHORE-PROD
[2026-06-01T06:45:59.873Z] [SyncDiag] FIELD-LOGGER: defect_sequences row=7 — 5 fields changed, isInsert=true, vesselId=7c08b51c-4345-4681-9d98-ec8ae142ac67, instanceId=SHORE-PROD
[2026-06-01T06:46:00.068Z] [SyncDiag] FIELD-LOGGER: defects row=829b6171-535b-4763-b725-aa59f6ed9fb9 — 57 fields changed, isInsert=true, vesselId=7c08b51c-4345-4681-9d98-ec8ae142ac67, instanceId=SHORE-PROD
[2026-06-01T06:55:05.529Z] [SyncDiag] FIELD-LOGGER: defects row=92f0ae9f-8082-43c9-bb31-2e30fea0b546 — 4 fields changed, isInsert=false, vesselId=7440571a-841a-11ed-aa7c-7003bca91a86, instanceId=SHORE-PROD
[2026-06-01T06:55:38.483Z] [SyncDiag] FIELD-LOGGER: defects row=92f0ae9f-8082-43c9-bb31-2e30fea0b546 — 4 fields changed, isInsert=false, vesselId=7440571a-841a-11ed-aa7c-7003bca91a86, instanceId=SHORE-PROD
[2026-06-01T06:56:05.871Z] [SyncDiag] FIELD-LOGGER: defects row=92f0ae9f-8082-43c9-bb31-2e30fea0b546 — 4 fields changed, isInsert=false, vesselId=7440571a-841a-11ed-aa7c-7003bca91a86, instanceId=SHORE-PROD
[2026-06-01T07:00:34.143Z] [SyncDiag] FIELD-LOGGER: defects row=726e1095-f599-4b70-ae73-b44905504c74 — 1 fields changed, isInsert=false, vesselId=7446783c-841a-11ed-aa7c-7003bca91a86, instanceId=SHORE-PROD
[2026-06-01T09:53:09.990Z] [SyncDiag] FIELD-LOGGER: defect_sequences row=8 — 5 fields changed, isInsert=true, vesselId=cec1b7d6-72a4-45c8-b72c-30e31621a255, instanceId=SHORE-PROD
[2026-06-01T09:53:10.179Z] [SyncDiag] FIELD-LOGGER: defects row=aee62b3a-25ad-4c1f-aabe-03ccb449c0ad — 56 fields changed, isInsert=true, vesselId=cec1b7d6-72a4-45c8-b72c-30e31621a255, instanceId=SHORE-PROD
[2026-06-01T09:53:29.180Z] [SyncDiag] FIELD-LOGGER: defects row=aee62b3a-25ad-4c1f-aabe-03ccb449c0ad — 1 fields changed, isInsert=false, vesselId=cec1b7d6-72a4-45c8-b72c-30e31621a255, instanceId=SHORE-PROD
[2026-06-01T09:54:13.024Z] [SyncDiag] FIELD-LOGGER: defect_sequences row=9 — 5 fields changed, isInsert=true, vesselId=13421138-e990-45d9-ab09-94f01faeebe2, instanceId=SHORE-PROD
[2026-06-01T09:54:27.545Z] [SyncDiag] FIELD-LOGGER: defect_sequences row=9 — 1 fields changed, isInsert=false, vesselId=13421138-e990-45d9-ab09-94f01faeebe2, instanceId=SHORE-PROD
[2026-06-01T09:54:38.096Z] [SyncDiag] FIELD-LOGGER: defect_sequences row=9 — 1 fields changed, isInsert=false, vesselId=13421138-e990-45d9-ab09-94f01faeebe2, instanceId=SHORE-PROD
[2026-06-01T09:54:38.232Z] [SyncDiag] FIELD-LOGGER: defects row=27adb947-1846-4493-984a-17c050b2906f — 56 fields changed, isInsert=true, vesselId=13421138-e990-45d9-ab09-94f01faeebe2, instanceId=SHORE-PROD
[2026-06-01T09:57:04.926Z] [SyncDiag] FIELD-LOGGER: defects row=27adb947-1846-4493-984a-17c050b2906f — 1 fields changed, isInsert=false, vesselId=13421138-e990-45d9-ab09-94f01faeebe2, instanceId=SHORE-PROD
[2026-06-01T10:27:10.073Z] [SyncDiag] RECEIVE-PUSH START: batch=010a963a-308c-45c9-bc8e-ab4dc6b9cdb9, vessel=7446783c-841a-11ed-aa7c-7003bca91a86, fieldLogs=0, oneWayRows=0
[2026-06-01T10:27:10.078Z] [SyncDiag] RECEIVE-PUSH DONE: stored=0, applied=0, errors=0, oneWayTables=0
[2026-06-01T10:27:10.094Z] [SyncDiag] PREPARE-PULL START: vessel=7446783c-841a-11ed-aa7c-7003bca91a86, vesselCode=null, checkpoint=2026-06-01T04:27:11.746Z, shoreInstanceId=SHORE-PROD
[2026-06-01T10:27:10.410Z] [SyncDiag] PREPARE-PULL FIELD LOGS: 6 shore logs for vessel=7446783c-841a-11ed-aa7c-7003bca91a86 (excluded instance=SHIP-Vessel 5)
[2026-06-01T10:27:10.410Z] [SyncDiag] PREPARE-PULL FIELD LOG TABLES: {"defects":6}
[2026-06-01T10:27:12.099Z] [SyncDiag] PREPARE-PULL DONE: 110 one-way rows across 2 tables, 6 field logs, 0 conflicts
[2026-06-01T10:27:12.099Z] [SyncDiag] PREPARE-PULL ONE-WAY: ship_certificates_master — 95 rows
[2026-06-01T10:27:12.100Z] [SyncDiag] PREPARE-PULL ONE-WAY: ship_surveys_master — 15 rows
[2026-06-01T10:27:12.465Z] [SyncDiag] COMPLETE-SESSION: marking shore logs synced for vessel=7446783c-841a-11ed-aa7c-7003bca91a86 checkpointBefore=2026-06-01T04:27:11.746Z excludeInstance=SHIP-Vessel 5
[2026-06-01T10:27:12.532Z] [SyncDiag] COMPLETE-SESSION: found 6 shore logs to mark synced
[2026-06-01T10:27:12.714Z] [SyncDiag] COMPLETE-SESSION: found 0 ship logs to mark synced
[2026-06-01T11:46:17.885Z] [SyncDiag] FIELD-LOGGER: running_hours_audit row=c61a9e1e-9981-4c15-819b-096780c48864 — 20 fields changed, isInsert=true, vesselId=74481b72-841a-11ed-aa7c-7003bca91a86, instanceId=SHORE-PROD
[2026-06-01T11:46:17.936Z] [SyncDiag] FIELD-LOGGER: running_hours_audit row=0778f19e-eeef-4e07-afd2-a295215a8d46 — 17 fields changed, isInsert=true, vesselId=74481b72-841a-11ed-aa7c-7003bca91a86, instanceId=SHORE-PROD
[2026-06-01T11:46:17.993Z] [SyncDiag] FIELD-LOGGER: running_hours_audit row=dbe415d3-a142-44a1-9721-9b47d96b3cf8 — 17 fields changed, isInsert=true, vesselId=74481b72-841a-11ed-aa7c-7003bca91a86, instanceId=SHORE-PROD
[2026-06-01T11:46:18.037Z] [SyncDiag] FIELD-LOGGER: running_hours_audit row=58035e26-9a3a-402b-894c-8f377afe6034 — 17 fields changed, isInsert=true, vesselId=74481b72-841a-11ed-aa7c-7003bca91a86, instanceId=SHORE-PROD
[2026-06-01T11:46:18.077Z] [SyncDiag] FIELD-LOGGER: running_hours_audit row=c1b36780-09c7-47d0-bf38-550861c9a207 — 17 fields changed, isInsert=true, vesselId=74481b72-841a-11ed-aa7c-7003bca91a86, instanceId=SHORE-PROD
[2026-06-01T11:46:18.117Z] [SyncDiag] FIELD-LOGGER: running_hours_audit row=4e28541a-1d2e-4310-9730-0e1232e9cba1 — 17 fields changed, isInsert=true, vesselId=74481b72-841a-11ed-aa7c-7003bca91a86, instanceId=SHORE-PROD
[2026-06-01T11:46:18.159Z] [SyncDiag] FIELD-LOGGER: running_hours_audit row=9cf52e0d-cae0-4f30-9dd3-efdc1b7bc00b — 17 fields changed, isInsert=true, vesselId=74481b72-841a-11ed-aa7c-7003bca91a86, instanceId=SHORE-PROD
[2026-06-01T11:46:18.198Z] [SyncDiag] FIELD-LOGGER: running_hours_audit row=837dc361-b94e-470b-ad1e-689b61402968 — 17 fields changed, isInsert=true, vesselId=74481b72-841a-11ed-aa7c-7003bca91a86, instanceId=SHORE-PROD
[2026-06-01T11:46:18.239Z] [SyncDiag] FIELD-LOGGER: running_hours_audit row=4e6ff44c-a40b-489e-af9d-c2def17b7aa5 — 17 fields changed, isInsert=true, vesselId=74481b72-841a-11ed-aa7c-7003bca91a86, instanceId=SHORE-PROD
[2026-06-01T11:46:18.292Z] [SyncDiag] FIELD-LOGGER: running_hours_audit row=2b6ef229-6532-4bd1-b451-083c6676610e — 17 fields changed, isInsert=true, vesselId=74481b72-841a-11ed-aa7c-7003bca91a86, instanceId=SHORE-PROD
[2026-06-01T11:46:18.331Z] [SyncDiag] FIELD-LOGGER: running_hours_audit row=bd2569e9-7a4c-469d-901a-3b1ecd3c9d03 — 17 fields changed, isInsert=true, vesselId=74481b72-841a-11ed-aa7c-7003bca91a86, instanceId=SHORE-PROD
[2026-06-01T11:46:18.371Z] [SyncDiag] FIELD-LOGGER: running_hours_audit row=d740af61-7e80-4f27-83cd-3b70b338b1cb — 17 fields changed, isInsert=true, vesselId=74481b72-841a-11ed-aa7c-7003bca91a86, instanceId=SHORE-PROD
[2026-06-01T11:46:18.412Z] [SyncDiag] FIELD-LOGGER: running_hours_audit row=49634c28-9024-434d-9268-dfbe238c4573 — 17 fields changed, isInsert=true, vesselId=74481b72-841a-11ed-aa7c-7003bca91a86, instanceId=SHORE-PROD
[2026-06-01T11:46:18.451Z] [SyncDiag] FIELD-LOGGER: running_hours_audit row=2baba98f-dc26-4463-985f-1a963e0e4de3 — 17 fields changed, isInsert=true, vesselId=74481b72-841a-11ed-aa7c-7003bca91a86, instanceId=SHORE-PROD
[2026-06-01T11:46:18.487Z] [SyncDiag] FIELD-LOGGER: running_hours_audit row=85a8796b-2ee3-438f-b2ae-3f979d402a62 — 17 fields changed, isInsert=true, vesselId=74481b72-841a-11ed-aa7c-7003bca91a86, instanceId=SHORE-PROD
[2026-06-01T11:46:18.523Z] [SyncDiag] FIELD-LOGGER: running_hours_audit row=b511b517-eb30-4450-b3e6-2e9b01a71f36 — 17 fields changed, isInsert=true, vesselId=74481b72-841a-11ed-aa7c-7003bca91a86, instanceId=SHORE-PROD
[2026-06-01T11:46:18.562Z] [SyncDiag] FIELD-LOGGER: running_hours_audit row=be491e7d-67de-4167-a0e7-8a732b32d5bd — 17 fields changed, isInsert=true, vesselId=74481b72-841a-11ed-aa7c-7003bca91a86, instanceId=SHORE-PROD
[2026-06-01T11:46:18.601Z] [SyncDiag] FIELD-LOGGER: running_hours_audit row=6f6ed363-9f64-4168-8fce-1c99c44a1d6b — 17 fields changed, isInsert=true, vesselId=74481b72-841a-11ed-aa7c-7003bca91a86, instanceId=SHORE-PROD
[2026-06-01T11:46:18.641Z] [SyncDiag] FIELD-LOGGER: running_hours_audit row=566e5079-c099-438c-a012-d157c8ca5e44 — 17 fields changed, isInsert=true, vesselId=74481b72-841a-11ed-aa7c-7003bca91a86, instanceId=SHORE-PROD
[2026-06-01T11:46:18.680Z] [SyncDiag] FIELD-LOGGER: running_hours_audit row=1e029980-c17c-46f4-a17a-3ee2ac2d7dd0 — 17 fields changed, isInsert=true, vesselId=74481b72-841a-11ed-aa7c-7003bca91a86, instanceId=SHORE-PROD
[2026-06-01T11:46:18.727Z] [SyncDiag] FIELD-LOGGER: running_hours_audit row=cff523dd-3d03-4b2d-aae3-57a3905ec363 — 17 fields changed, isInsert=true, vesselId=74481b72-841a-11ed-aa7c-7003bca91a86, instanceId=SHORE-PROD
[2026-06-01T11:46:18.765Z] [SyncDiag] FIELD-LOGGER: running_hours_audit row=41751b3c-3fcd-4161-a37e-a4bf767a5cb4 — 17 fields changed, isInsert=true, vesselId=74481b72-841a-11ed-aa7c-7003bca91a86, instanceId=SHORE-PROD
[2026-06-01T11:46:18.804Z] [SyncDiag] FIELD-LOGGER: running_hours_audit row=c19e4693-f780-4cbd-bb29-7337cd053160 — 17 fields changed, isInsert=true, vesselId=74481b72-841a-11ed-aa7c-7003bca91a86, instanceId=SHORE-PROD
[2026-06-01T11:46:18.850Z] [SyncDiag] FIELD-LOGGER: running_hours_audit row=92264560-c048-4b0d-86c6-f18f2acee381 — 17 fields changed, isInsert=true, vesselId=74481b72-841a-11ed-aa7c-7003bca91a86, instanceId=SHORE-PROD
[2026-06-01T11:46:18.891Z] [SyncDiag] FIELD-LOGGER: running_hours_audit row=f46f1e03-3e6c-4245-b8c0-9c240f75cc97 — 17 fields changed, isInsert=true, vesselId=74481b72-841a-11ed-aa7c-7003bca91a86, instanceId=SHORE-PROD
[2026-06-01T11:46:18.930Z] [SyncDiag] FIELD-LOGGER: running_hours_audit row=b0ede5d7-7f2c-45fd-bf0e-28a02947f82d — 17 fields changed, isInsert=true, vesselId=74481b72-841a-11ed-aa7c-7003bca91a86, instanceId=SHORE-PROD
[2026-06-01T11:46:18.972Z] [SyncDiag] FIELD-LOGGER: running_hours_audit row=35902d27-e2db-4997-9f31-8c1a9a286374 — 17 fields changed, isInsert=true, vesselId=74481b72-841a-11ed-aa7c-7003bca91a86, instanceId=SHORE-PROD
[2026-06-01T11:46:19.009Z] [SyncDiag] FIELD-LOGGER: running_hours_audit row=7dd669a6-4cfd-42ef-a536-37cf7911289b — 17 fields changed, isInsert=true, vesselId=74481b72-841a-11ed-aa7c-7003bca91a86, instanceId=SHORE-PROD
[2026-06-01T11:46:19.047Z] [SyncDiag] FIELD-LOGGER: running_hours_audit row=b1654354-0d4a-4fed-ab2f-56d232d133a8 — 17 fields changed, isInsert=true, vesselId=74481b72-841a-11ed-aa7c-7003bca91a86, instanceId=SHORE-PROD
[2026-06-01T11:46:19.085Z] [SyncDiag] FIELD-LOGGER: running_hours_audit row=bd02503a-4b31-4af2-8738-fef3e55aa89b — 17 fields changed, isInsert=true, vesselId=74481b72-841a-11ed-aa7c-7003bca91a86, instanceId=SHORE-PROD
[2026-06-01T11:46:19.122Z] [SyncDiag] FIELD-LOGGER: running_hours_audit row=22079913-f51c-427f-9629-9d0ad419010f — 17 fields changed, isInsert=true, vesselId=74481b72-841a-11ed-aa7c-7003bca91a86, instanceId=SHORE-PROD
[2026-06-01T11:46:19.161Z] [SyncDiag] FIELD-LOGGER: running_hours_audit row=c1e24d06-5cc9-4ee8-9183-54a1bfe4cbcd — 17 fields changed, isInsert=true, vesselId=74481b72-841a-11ed-aa7c-7003bca91a86, instanceId=SHORE-PROD
[2026-06-01T11:46:19.198Z] [SyncDiag] FIELD-LOGGER: running_hours_audit row=d2d0b7b7-a6ea-4c0b-bc14-c3bdf1298b19 — 17 fields changed, isInsert=true, vesselId=74481b72-841a-11ed-aa7c-7003bca91a86, instanceId=SHORE-PROD
[2026-06-01T11:46:19.237Z] [SyncDiag] FIELD-LOGGER: running_hours_audit row=b9f7752e-a1e7-48de-84c8-3dfb3a2ac842 — 17 fields changed, isInsert=true, vesselId=74481b72-841a-11ed-aa7c-7003bca91a86, instanceId=SHORE-PROD
[2026-06-01T11:46:19.275Z] [SyncDiag] FIELD-LOGGER: running_hours_audit row=ca75ea78-f5ef-41a2-9fb5-e5303d71d6f1 — 17 fields changed, isInsert=true, vesselId=74481b72-841a-11ed-aa7c-7003bca91a86, instanceId=SHORE-PROD
[2026-06-01T11:46:19.313Z] [SyncDiag] FIELD-LOGGER: running_hours_audit row=10a11eaa-37f3-4451-a5fd-3ec5a0d9fab0 — 17 fields changed, isInsert=true, vesselId=74481b72-841a-11ed-aa7c-7003bca91a86, instanceId=SHORE-PROD
[2026-06-01T11:46:19.350Z] [SyncDiag] FIELD-LOGGER: running_hours_audit row=38e6d6bc-37fb-4304-818a-5eb5aed8f895 — 17 fields changed, isInsert=true, vesselId=74481b72-841a-11ed-aa7c-7003bca91a86, instanceId=SHORE-PROD
[2026-06-01T11:46:19.391Z] [SyncDiag] FIELD-LOGGER: running_hours_audit row=73315dc2-5401-4f98-9451-a5a53d4c5ee6 — 17 fields changed, isInsert=true, vesselId=74481b72-841a-11ed-aa7c-7003bca91a86, instanceId=SHORE-PROD
[2026-06-01T11:46:19.429Z] [SyncDiag] FIELD-LOGGER: running_hours_audit row=f46204d0-5f56-40be-9698-fe7a26a89c94 — 17 fields changed, isInsert=true, vesselId=74481b72-841a-11ed-aa7c-7003bca91a86, instanceId=SHORE-PROD
[2026-06-01T11:46:19.466Z] [SyncDiag] FIELD-LOGGER: running_hours_audit row=b49cc5ed-8e07-45e6-a3a4-9dc1b225c2c7 — 17 fields changed, isInsert=true, vesselId=74481b72-841a-11ed-aa7c-7003bca91a86, instanceId=SHORE-PROD
[2026-06-01T11:46:19.517Z] [SyncDiag] FIELD-LOGGER: running_hours_audit row=6c98039a-cb71-4106-97e8-63265edcde73 — 17 fields changed, isInsert=true, vesselId=74481b72-841a-11ed-aa7c-7003bca91a86, instanceId=SHORE-PROD
[2026-06-01T11:46:19.556Z] [SyncDiag] FIELD-LOGGER: running_hours_audit row=db55aeab-e9bc-411e-bb04-eb95c7ac0754 — 17 fields changed, isInsert=true, vesselId=74481b72-841a-11ed-aa7c-7003bca91a86, instanceId=SHORE-PROD
[2026-06-01T11:46:19.593Z] [SyncDiag] FIELD-LOGGER: running_hours_audit row=bfbfa607-e321-406d-a335-07d8329f68b8 — 17 fields changed, isInsert=true, vesselId=74481b72-841a-11ed-aa7c-7003bca91a86, instanceId=SHORE-PROD
[2026-06-01T11:46:19.630Z] [SyncDiag] FIELD-LOGGER: running_hours_audit row=38ac06b2-2bb2-419c-8830-7a19dfdd6db1 — 17 fields changed, isInsert=true, vesselId=74481b72-841a-11ed-aa7c-7003bca91a86, instanceId=SHORE-PROD
[2026-06-01T11:46:19.667Z] [SyncDiag] FIELD-LOGGER: running_hours_audit row=64896175-8e46-4cd2-b463-1e10c43093ae — 17 fields changed, isInsert=true, vesselId=74481b72-841a-11ed-aa7c-7003bca91a86, instanceId=SHORE-PROD
[2026-06-01T11:46:19.708Z] [SyncDiag] FIELD-LOGGER: running_hours_audit row=3d960117-74d6-4283-a71e-f60c87c7cb35 — 17 fields changed, isInsert=true, vesselId=74481b72-841a-11ed-aa7c-7003bca91a86, instanceId=SHORE-PROD
[2026-06-01T11:46:19.742Z] [SyncDiag] FIELD-LOGGER: running_hours_audit row=7c11998d-4013-42bc-b9f9-553360411838 — 17 fields changed, isInsert=true, vesselId=74481b72-841a-11ed-aa7c-7003bca91a86, instanceId=SHORE-PROD
[2026-06-01T11:46:19.779Z] [SyncDiag] FIELD-LOGGER: running_hours_audit row=522d6756-fbe6-4caf-80fd-9e1fc8069fb7 — 17 fields changed, isInsert=true, vesselId=74481b72-841a-11ed-aa7c-7003bca91a86, instanceId=SHORE-PROD
[2026-06-01T11:46:19.817Z] [SyncDiag] FIELD-LOGGER: running_hours_audit row=36f9b7d1-8b79-4997-88db-c584a22c43df — 17 fields changed, isInsert=true, vesselId=74481b72-841a-11ed-aa7c-7003bca91a86, instanceId=SHORE-PROD
[2026-06-01T11:46:19.867Z] [SyncDiag] FIELD-LOGGER: running_hours_audit row=ee0a9110-ac5b-4165-86f5-47b3c196cf2b — 17 fields changed, isInsert=true, vesselId=74481b72-841a-11ed-aa7c-7003bca91a86, instanceId=SHORE-PROD
[2026-06-01T11:46:19.903Z] [SyncDiag] FIELD-LOGGER: running_hours_audit row=a877e369-4221-4f15-ad60-43a703c80ca4 — 17 fields changed, isInsert=true, vesselId=74481b72-841a-11ed-aa7c-7003bca91a86, instanceId=SHORE-PROD
[2026-06-01T11:47:03.152Z] [SyncDiag] FIELD-LOGGER: work_orders row=deed0d62-4a31-4b15-b2ff-c728b5b98a01 — 1 fields changed, isInsert=false, vesselId=74481b72-841a-11ed-aa7c-7003bca91a86, instanceId=SHORE-PROD
[2026-06-01T11:47:03.162Z] [SyncDiag] FIELD-LOGGER: work_orders row=16885af9-47dd-479c-a74b-e51e06e3b048 — 1 fields changed, isInsert=false, vesselId=74481b72-841a-11ed-aa7c-7003bca91a86, instanceId=SHORE-PROD
[2026-06-01T11:47:03.169Z] [SyncDiag] FIELD-LOGGER: work_orders row=f69839cd-f6d6-4faa-8903-896df899e25b — 1 fields changed, isInsert=false, vesselId=74481b72-841a-11ed-aa7c-7003bca91a86, instanceId=SHORE-PROD
[2026-06-01T11:47:03.176Z] [SyncDiag] FIELD-LOGGER: work_orders row=22d7a9d4-34ec-4032-b93d-e6b35aa4e0c1 — 1 fields changed, isInsert=false, vesselId=74481b72-841a-11ed-aa7c-7003bca91a86, instanceId=SHORE-PROD
[2026-06-01T11:47:03.183Z] [SyncDiag] FIELD-LOGGER: work_orders row=fe415d5a-8152-45b4-b03f-11384e9fb810 — 1 fields changed, isInsert=false, vesselId=74481b72-841a-11ed-aa7c-7003bca91a86, instanceId=SHORE-PROD
[2026-06-01T11:47:03.191Z] [SyncDiag] FIELD-LOGGER: work_orders row=7a415464-71ad-4b45-8ecc-6e72d1b0e6de — 1 fields changed, isInsert=false, vesselId=74481b72-841a-11ed-aa7c-7003bca91a86, instanceId=SHORE-PROD
[2026-06-01T11:48:02.519Z] [SyncDiag] FIELD-LOGGER: work_orders row=b01fbb47-13b2-4473-bffd-d83c29687896 — 1 fields changed, isInsert=false, vesselId=74481b72-841a-11ed-aa7c-7003bca91a86, instanceId=SHORE-PROD
[2026-06-01T11:48:02.527Z] [SyncDiag] FIELD-LOGGER: work_orders row=6a5245ec-d2fe-4c5a-be73-137f108754ff — 1 fields changed, isInsert=false, vesselId=74481b72-841a-11ed-aa7c-7003bca91a86, instanceId=SHORE-PROD
[2026-06-01T11:48:02.534Z] [SyncDiag] FIELD-LOGGER: work_orders row=3afa249e-d73e-4ea6-9b7d-1ef7d4745a3d — 1 fields changed, isInsert=false, vesselId=74481b72-841a-11ed-aa7c-7003bca91a86, instanceId=SHORE-PROD
[2026-06-01T11:48:02.542Z] [SyncDiag] FIELD-LOGGER: work_orders row=14d35913-f85a-498e-9d82-6f527a7d7a8d — 1 fields changed, isInsert=false, vesselId=74481b72-841a-11ed-aa7c-7003bca91a86, instanceId=SHORE-PROD
[2026-06-01T11:48:02.549Z] [SyncDiag] FIELD-LOGGER: work_orders row=b77c82b5-1db2-4aea-b700-44a018a695e2 — 1 fields changed, isInsert=false, vesselId=74481b72-841a-11ed-aa7c-7003bca91a86, instanceId=SHORE-PROD
[2026-06-01T11:48:02.556Z] [SyncDiag] FIELD-LOGGER: work_orders row=0211995a-f2b2-43e9-a30e-2563311933f6 — 1 fields changed, isInsert=false, vesselId=74481b72-841a-11ed-aa7c-7003bca91a86, instanceId=SHORE-PROD
[2026-06-01T11:48:02.567Z] [SyncDiag] FIELD-LOGGER: work_orders row=cefbf393-88a1-40ab-b96e-1a3e7ea831b1 — 1 fields changed, isInsert=false, vesselId=74481b72-841a-11ed-aa7c-7003bca91a86, instanceId=SHORE-PROD
[2026-06-01T11:48:02.575Z] [SyncDiag] FIELD-LOGGER: work_orders row=d02b2ccd-16d8-4600-916a-bf5b2bf07052 — 1 fields changed, isInsert=false, vesselId=74481b72-841a-11ed-aa7c-7003bca91a86, instanceId=SHORE-PROD
[2026-06-01T11:48:02.585Z] [SyncDiag] FIELD-LOGGER: work_orders row=4681acd6-90d5-4b54-a5da-b590119739d2 — 1 fields changed, isInsert=false, vesselId=74481b72-841a-11ed-aa7c-7003bca91a86, instanceId=SHORE-PROD
[2026-06-01T11:48:02.592Z] [SyncDiag] FIELD-LOGGER: work_orders row=184ef756-115c-4543-bed3-977ce6f89455 — 1 fields changed, isInsert=false, vesselId=74481b72-841a-11ed-aa7c-7003bca91a86, instanceId=SHORE-PROD
[2026-06-01T11:48:02.599Z] [SyncDiag] FIELD-LOGGER: work_orders row=3a74bc46-f78c-454a-a4af-a34cae06369c — 1 fields changed, isInsert=false, vesselId=74481b72-841a-11ed-aa7c-7003bca91a86, instanceId=SHORE-PROD
[2026-06-01T11:48:02.605Z] [SyncDiag] FIELD-LOGGER: work_orders row=9f0550e7-2827-463f-8d17-915b57624a09 — 1 fields changed, isInsert=false, vesselId=74481b72-841a-11ed-aa7c-7003bca91a86, instanceId=SHORE-PROD
[2026-06-01T11:48:02.612Z] [SyncDiag] FIELD-LOGGER: work_orders row=b0b04ba1-b2a4-4aab-b4af-37228d366123 — 1 fields changed, isInsert=false, vesselId=74481b72-841a-11ed-aa7c-7003bca91a86, instanceId=SHORE-PROD
[2026-06-01T11:48:02.619Z] [SyncDiag] FIELD-LOGGER: work_orders row=8e67401c-c49c-47c4-8a05-dba34dc19761 — 1 fields changed, isInsert=false, vesselId=74481b72-841a-11ed-aa7c-7003bca91a86, instanceId=SHORE-PROD
[2026-06-01T11:48:02.626Z] [SyncDiag] FIELD-LOGGER: work_orders row=5632946d-eb2b-4112-9c67-abddce56b302 — 1 fields changed, isInsert=false, vesselId=74481b72-841a-11ed-aa7c-7003bca91a86, instanceId=SHORE-PROD
[2026-06-01T11:48:02.633Z] [SyncDiag] FIELD-LOGGER: work_orders row=4e9c3482-e324-49de-a4dd-d3f22281869a — 1 fields changed, isInsert=false, vesselId=74481b72-841a-11ed-aa7c-7003bca91a86, instanceId=SHORE-PROD
[2026-06-01T11:48:02.641Z] [SyncDiag] FIELD-LOGGER: work_orders row=ee3cd171-76dc-4c86-80c4-40d890df52a9 — 1 fields changed, isInsert=false, vesselId=74481b72-841a-11ed-aa7c-7003bca91a86, instanceId=SHORE-PROD
[2026-06-01T11:48:02.647Z] [SyncDiag] FIELD-LOGGER: work_orders row=7a81de6d-506b-4f04-9dd7-8c5b012a2a2a — 1 fields changed, isInsert=false, vesselId=74481b72-841a-11ed-aa7c-7003bca91a86, instanceId=SHORE-PROD
[2026-06-01T11:48:02.655Z] [SyncDiag] FIELD-LOGGER: work_orders row=d5a3685f-d7da-4b6c-b75d-2c0260d727f4 — 1 fields changed, isInsert=false, vesselId=74481b72-841a-11ed-aa7c-7003bca91a86, instanceId=SHORE-PROD
[2026-06-01T11:48:02.662Z] [SyncDiag] FIELD-LOGGER: work_orders row=e7a292fc-db76-406a-99aa-fbe525347ad8 — 1 fields changed, isInsert=false, vesselId=74481b72-841a-11ed-aa7c-7003bca91a86, instanceId=SHORE-PROD
[2026-06-01T11:48:02.669Z] [SyncDiag] FIELD-LOGGER: work_orders row=f4f4a7bf-45e4-475c-8d1e-61c1c6e3bae6 — 1 fields changed, isInsert=false, vesselId=74481b72-841a-11ed-aa7c-7003bca91a86, instanceId=SHORE-PROD
[2026-06-01T11:48:02.675Z] [SyncDiag] FIELD-LOGGER: work_orders row=cfe782ca-252d-4491-ac14-373f9a960463 — 1 fields changed, isInsert=false, vesselId=74481b72-841a-11ed-aa7c-7003bca91a86, instanceId=SHORE-PROD
[2026-06-01T11:48:02.682Z] [SyncDiag] FIELD-LOGGER: work_orders row=c10b556c-66ce-4209-823e-47bfc4f54dab — 1 fields changed, isInsert=false, vesselId=74481b72-841a-11ed-aa7c-7003bca91a86, instanceId=SHORE-PROD
[2026-06-01T11:48:02.688Z] [SyncDiag] FIELD-LOGGER: work_orders row=96dad4a6-9920-475a-9558-e380fbf5d540 — 1 fields changed, isInsert=false, vesselId=74481b72-841a-11ed-aa7c-7003bca91a86, instanceId=SHORE-PROD
[2026-06-01T11:48:02.696Z] [SyncDiag] FIELD-LOGGER: work_orders row=cf636fd4-07f3-456d-8ed7-794708fbddc1 — 1 fields changed, isInsert=false, vesselId=74481b72-841a-11ed-aa7c-7003bca91a86, instanceId=SHORE-PROD
[2026-06-01T11:48:02.702Z] [SyncDiag] FIELD-LOGGER: work_orders row=f7f89cb4-6682-4c18-9f32-72801b7096e3 — 1 fields changed, isInsert=false, vesselId=74481b72-841a-11ed-aa7c-7003bca91a86, instanceId=SHORE-PROD
[2026-06-01T11:48:02.709Z] [SyncDiag] FIELD-LOGGER: work_orders row=b6cb99f8-9262-431a-ac9d-b03e8afc6f62 — 1 fields changed, isInsert=false, vesselId=74481b72-841a-11ed-aa7c-7003bca91a86, instanceId=SHORE-PROD
[2026-06-01T11:48:02.717Z] [SyncDiag] FIELD-LOGGER: work_orders row=5c03dbb8-aaf8-444f-a218-ec916f68abff — 1 fields changed, isInsert=false, vesselId=74481b72-841a-11ed-aa7c-7003bca91a86, instanceId=SHORE-PROD
[2026-06-01T11:48:02.724Z] [SyncDiag] FIELD-LOGGER: work_orders row=b03e31cc-a82f-4bf6-8b2c-c877f96d0e4f — 1 fields changed, isInsert=false, vesselId=74481b72-841a-11ed-aa7c-7003bca91a86, instanceId=SHORE-PROD
[2026-06-01T11:48:02.731Z] [SyncDiag] FIELD-LOGGER: work_orders row=5d50d543-9e7e-4e7f-91b5-b4156e9666da — 1 fields changed, isInsert=false, vesselId=74481b72-841a-11ed-aa7c-7003bca91a86, instanceId=SHORE-PROD
[2026-06-01T11:48:02.738Z] [SyncDiag] FIELD-LOGGER: work_orders row=7e1ad4aa-c3ea-4c6c-a15e-89a64daa6d00 — 1 fields changed, isInsert=false, vesselId=74481b72-841a-11ed-aa7c-7003bca91a86, instanceId=SHORE-PROD
[2026-06-01T11:48:02.746Z] [SyncDiag] FIELD-LOGGER: work_orders row=9e305856-1dc4-40c0-9e94-3435b657d994 — 1 fields changed, isInsert=false, vesselId=74481b72-841a-11ed-aa7c-7003bca91a86, instanceId=SHORE-PROD
[2026-06-01T11:48:02.753Z] [SyncDiag] FIELD-LOGGER: work_orders row=c41b495d-5ec1-4f8c-80ea-e71aaba2f309 — 1 fields changed, isInsert=false, vesselId=74481b72-841a-11ed-aa7c-7003bca91a86, instanceId=SHORE-PROD
[2026-06-01T11:48:02.760Z] [SyncDiag] FIELD-LOGGER: work_orders row=b039d274-4b4a-4cf8-896b-887a0d2ef446 — 1 fields changed, isInsert=false, vesselId=74481b72-841a-11ed-aa7c-7003bca91a86, instanceId=SHORE-PROD
[2026-06-01T11:57:06.562Z] [SyncDiag] FIELD-LOGGER: running_hours_audit row=806f6077-27f8-4827-84e1-461f569feb7c — 20 fields changed, isInsert=true, vesselId=7cb64519-6008-4189-820e-4b2e1f74504e, instanceId=SHORE-PROD
[2026-06-01T11:57:06.840Z] [SyncDiag] FIELD-LOGGER: running_hours_audit row=760d5863-b64a-4050-9420-9389bde8ab8a — 17 fields changed, isInsert=true, vesselId=7cb64519-6008-4189-820e-4b2e1f74504e, instanceId=SHORE-PROD
[2026-06-01T11:57:06.895Z] [SyncDiag] FIELD-LOGGER: running_hours_audit row=33d9a18e-f6fc-4930-b6e9-ca2a2398a8cd — 17 fields changed, isInsert=true, vesselId=7cb64519-6008-4189-820e-4b2e1f74504e, instanceId=SHORE-PROD
[2026-06-01T11:57:06.946Z] [SyncDiag] FIELD-LOGGER: running_hours_audit row=97b18533-1367-44f5-9dff-18cb7944f6f8 — 17 fields changed, isInsert=true, vesselId=7cb64519-6008-4189-820e-4b2e1f74504e, instanceId=SHORE-PROD
[2026-06-01T11:57:06.998Z] [SyncDiag] FIELD-LOGGER: running_hours_audit row=57f91713-bdc8-4b6f-b41d-d21fa7c52186 — 17 fields changed, isInsert=true, vesselId=7cb64519-6008-4189-820e-4b2e1f74504e, instanceId=SHORE-PROD
[2026-06-01T11:57:07.048Z] [SyncDiag] FIELD-LOGGER: running_hours_audit row=70816098-775f-498d-b6e4-c247e9d18871 — 17 fields changed, isInsert=true, vesselId=7cb64519-6008-4189-820e-4b2e1f74504e, instanceId=SHORE-PROD
[2026-06-01T11:57:07.118Z] [SyncDiag] FIELD-LOGGER: running_hours_audit row=c005ae87-4150-4e63-b4e4-437b0ec49bd7 — 17 fields changed, isInsert=true, vesselId=7cb64519-6008-4189-820e-4b2e1f74504e, instanceId=SHORE-PROD
[2026-06-01T11:57:07.165Z] [SyncDiag] FIELD-LOGGER: running_hours_audit row=3d5849b1-acff-4d89-a863-01f8faa392e4 — 17 fields changed, isInsert=true, vesselId=7cb64519-6008-4189-820e-4b2e1f74504e, instanceId=SHORE-PROD
[2026-06-01T11:57:07.214Z] [SyncDiag] FIELD-LOGGER: running_hours_audit row=c76e7b9a-4111-42c1-a7ef-5bc568bc03a2 — 17 fields changed, isInsert=true, vesselId=7cb64519-6008-4189-820e-4b2e1f74504e, instanceId=SHORE-PROD
[2026-06-01T11:57:07.265Z] [SyncDiag] FIELD-LOGGER: running_hours_audit row=3a4526ee-c5dd-4935-a778-7eb662982895 — 17 fields changed, isInsert=true, vesselId=7cb64519-6008-4189-820e-4b2e1f74504e, instanceId=SHORE-PROD
[2026-06-01T11:57:07.311Z] [SyncDiag] FIELD-LOGGER: running_hours_audit row=c1b5beeb-3435-47d5-a4a7-829bc52ee446 — 17 fields changed, isInsert=true, vesselId=7cb64519-6008-4189-820e-4b2e1f74504e, instanceId=SHORE-PROD
[2026-06-01T11:57:07.361Z] [SyncDiag] FIELD-LOGGER: running_hours_audit row=4eb8b965-ccb3-4d29-9085-e7d5738c9da2 — 17 fields changed, isInsert=true, vesselId=7cb64519-6008-4189-820e-4b2e1f74504e, instanceId=SHORE-PROD
[2026-06-01T11:57:07.411Z] [SyncDiag] FIELD-LOGGER: running_hours_audit row=50b4c39b-15e6-47fa-84a2-827a4500b1c2 — 17 fields changed, isInsert=true, vesselId=7cb64519-6008-4189-820e-4b2e1f74504e, instanceId=SHORE-PROD
[2026-06-01T11:57:07.458Z] [SyncDiag] FIELD-LOGGER: running_hours_audit row=76ee5983-3976-49fe-9801-24068d2d01c3 — 17 fields changed, isInsert=true, vesselId=7cb64519-6008-4189-820e-4b2e1f74504e, instanceId=SHORE-PROD
[2026-06-01T11:57:07.503Z] [SyncDiag] FIELD-LOGGER: running_hours_audit row=a0229eab-f66e-4ae6-a93e-c4bc6672368b — 17 fields changed, isInsert=true, vesselId=7cb64519-6008-4189-820e-4b2e1f74504e, instanceId=SHORE-PROD
[2026-06-01T11:57:07.552Z] [SyncDiag] FIELD-LOGGER: running_hours_audit row=17e9b08a-a63e-4af2-b71d-09802fde1718 — 17 fields changed, isInsert=true, vesselId=7cb64519-6008-4189-820e-4b2e1f74504e, instanceId=SHORE-PROD
[2026-06-01T11:57:07.600Z] [SyncDiag] FIELD-LOGGER: running_hours_audit row=5faba15b-238c-4ef1-b514-6cd84316f550 — 17 fields changed, isInsert=true, vesselId=7cb64519-6008-4189-820e-4b2e1f74504e, instanceId=SHORE-PROD
[2026-06-01T11:57:07.647Z] [SyncDiag] FIELD-LOGGER: running_hours_audit row=897615f3-f9ec-4c38-b12c-fd86349843da — 17 fields changed, isInsert=true, vesselId=7cb64519-6008-4189-820e-4b2e1f74504e, instanceId=SHORE-PROD
[2026-06-01T11:57:07.698Z] [SyncDiag] FIELD-LOGGER: running_hours_audit row=45157db3-0edc-42b5-962c-cafe69cf3005 — 17 fields changed, isInsert=true, vesselId=7cb64519-6008-4189-820e-4b2e1f74504e, instanceId=SHORE-PROD
[2026-06-01T11:57:07.746Z] [SyncDiag] FIELD-LOGGER: running_hours_audit row=6ac5b396-a4ec-4ccf-a211-573c901cd048 — 17 fields changed, isInsert=true, vesselId=7cb64519-6008-4189-820e-4b2e1f74504e, instanceId=SHORE-PROD
[2026-06-01T11:57:07.794Z] [SyncDiag] FIELD-LOGGER: running_hours_audit row=7b06ef8a-d721-481f-ab21-78d3050a7423 — 17 fields changed, isInsert=true, vesselId=7cb64519-6008-4189-820e-4b2e1f74504e, instanceId=SHORE-PROD
[2026-06-01T11:57:07.840Z] [SyncDiag] FIELD-LOGGER: running_hours_audit row=8b9a5829-7124-40f6-95c8-4294184f1d5b — 17 fields changed, isInsert=true, vesselId=7cb64519-6008-4189-820e-4b2e1f74504e, instanceId=SHORE-PROD
[2026-06-01T11:57:07.892Z] [SyncDiag] FIELD-LOGGER: running_hours_audit row=5c244f15-032d-4770-a196-a1f72906da0d — 17 fields changed, isInsert=true, vesselId=7cb64519-6008-4189-820e-4b2e1f74504e, instanceId=SHORE-PROD
[2026-06-01T11:57:07.945Z] [SyncDiag] FIELD-LOGGER: running_hours_audit row=53ebae5f-9b07-4565-8c1b-c93e4751e34c — 17 fields changed, isInsert=true, vesselId=7cb64519-6008-4189-820e-4b2e1f74504e, instanceId=SHORE-PROD
[2026-06-01T11:57:08.000Z] [SyncDiag] FIELD-LOGGER: running_hours_audit row=103e1f07-ceef-4b4f-9f5c-7a4675786c5a — 17 fields changed, isInsert=true, vesselId=7cb64519-6008-4189-820e-4b2e1f74504e, instanceId=SHORE-PROD
[2026-06-01T11:57:08.050Z] [SyncDiag] FIELD-LOGGER: running_hours_audit row=816d9d82-3222-487f-ac9f-082f77724b74 — 17 fields changed, isInsert=true, vesselId=7cb64519-6008-4189-820e-4b2e1f74504e, instanceId=SHORE-PROD
[2026-06-01T11:57:08.101Z] [SyncDiag] FIELD-LOGGER: running_hours_audit row=aa24a77e-dbe5-4134-8326-bdb0d635094e — 17 fields changed, isInsert=true, vesselId=7cb64519-6008-4189-820e-4b2e1f74504e, instanceId=SHORE-PROD
[2026-06-01T11:57:08.149Z] [SyncDiag] FIELD-LOGGER: running_hours_audit row=b2a00ad3-6804-448e-a7b6-f59fa6a552c3 — 17 fields changed, isInsert=true, vesselId=7cb64519-6008-4189-820e-4b2e1f74504e, instanceId=SHORE-PROD
[2026-06-01T11:57:08.194Z] [SyncDiag] FIELD-LOGGER: running_hours_audit row=417b187e-cb31-40c0-a672-b5f3b8250865 — 17 fields changed, isInsert=true, vesselId=7cb64519-6008-4189-820e-4b2e1f74504e, instanceId=SHORE-PROD
[2026-06-01T11:57:08.247Z] [SyncDiag] FIELD-LOGGER: running_hours_audit row=6619c65e-b388-4f17-b195-f6e7cb7f0499 — 17 fields changed, isInsert=true, vesselId=7cb64519-6008-4189-820e-4b2e1f74504e, instanceId=SHORE-PROD
[2026-06-01T11:57:08.294Z] [SyncDiag] FIELD-LOGGER: running_hours_audit row=3abdffd0-160c-47dd-9e1e-992e2df27c16 — 17 fields changed, isInsert=true, vesselId=7cb64519-6008-4189-820e-4b2e1f74504e, instanceId=SHORE-PROD
[2026-06-01T11:57:08.340Z] [SyncDiag] FIELD-LOGGER: running_hours_audit row=ec139bd4-ef80-48f9-b188-0d8a907d0e82 — 17 fields changed, isInsert=true, vesselId=7cb64519-6008-4189-820e-4b2e1f74504e, instanceId=SHORE-PROD
[2026-06-01T11:57:08.387Z] [SyncDiag] FIELD-LOGGER: running_hours_audit row=32f11887-c82e-4ef6-94d8-163824685904 — 17 fields changed, isInsert=true, vesselId=7cb64519-6008-4189-820e-4b2e1f74504e, instanceId=SHORE-PROD
[2026-06-01T11:57:08.434Z] [SyncDiag] FIELD-LOGGER: running_hours_audit row=e8b956ff-4458-4e89-8b9a-61c5bef56751 — 17 fields changed, isInsert=true, vesselId=7cb64519-6008-4189-820e-4b2e1f74504e, instanceId=SHORE-PROD
[2026-06-01T11:57:08.478Z] [SyncDiag] FIELD-LOGGER: running_hours_audit row=98d06197-4ecd-4fc5-aad1-1fd1eae12d9d — 17 fields changed, isInsert=true, vesselId=7cb64519-6008-4189-820e-4b2e1f74504e, instanceId=SHORE-PROD
[2026-06-01T11:57:08.523Z] [SyncDiag] FIELD-LOGGER: running_hours_audit row=faeec394-d55b-4580-893d-e18fc89c6d9f — 17 fields changed, isInsert=true, vesselId=7cb64519-6008-4189-820e-4b2e1f74504e, instanceId=SHORE-PROD
[2026-06-01T11:57:08.570Z] [SyncDiag] FIELD-LOGGER: running_hours_audit row=577d62b7-27b0-4dbe-9fc9-229d4e87a7ea — 17 fields changed, isInsert=true, vesselId=7cb64519-6008-4189-820e-4b2e1f74504e, instanceId=SHORE-PROD
[2026-06-01T11:57:08.616Z] [SyncDiag] FIELD-LOGGER: running_hours_audit row=30e12589-da1e-4bdf-bdc6-fe586bf5cd8b — 17 fields changed, isInsert=true, vesselId=7cb64519-6008-4189-820e-4b2e1f74504e, instanceId=SHORE-PROD
[2026-06-01T11:57:08.661Z] [SyncDiag] FIELD-LOGGER: running_hours_audit row=11fe0626-10e9-4f09-9c40-0a72babddc90 — 17 fields changed, isInsert=true, vesselId=7cb64519-6008-4189-820e-4b2e1f74504e, instanceId=SHORE-PROD
[2026-06-01T11:57:08.715Z] [SyncDiag] FIELD-LOGGER: running_hours_audit row=33c6f112-25d5-48ad-af0f-2f49ab57a72e — 17 fields changed, isInsert=true, vesselId=7cb64519-6008-4189-820e-4b2e1f74504e, instanceId=SHORE-PROD
[2026-06-01T11:57:08.767Z] [SyncDiag] FIELD-LOGGER: running_hours_audit row=8a46429a-9cf2-4191-ab85-d5a717f04d9f — 17 fields changed, isInsert=true, vesselId=7cb64519-6008-4189-820e-4b2e1f74504e, instanceId=SHORE-PROD
[2026-06-01T11:57:08.811Z] [SyncDiag] FIELD-LOGGER: running_hours_audit row=552cb479-ebec-4c07-a030-e2a0894ff82d — 17 fields changed, isInsert=true, vesselId=7cb64519-6008-4189-820e-4b2e1f74504e, instanceId=SHORE-PROD
[2026-06-01T11:57:08.859Z] [SyncDiag] FIELD-LOGGER: running_hours_audit row=b28f9b9b-9477-495f-86d6-474a90ff8cb0 — 17 fields changed, isInsert=true, vesselId=7cb64519-6008-4189-820e-4b2e1f74504e, instanceId=SHORE-PROD
[2026-06-01T11:57:08.899Z] [SyncDiag] FIELD-LOGGER: running_hours_audit row=9d1d7690-7cd2-4e8d-9a3e-4e93b7d3c7ed — 17 fields changed, isInsert=true, vesselId=7cb64519-6008-4189-820e-4b2e1f74504e, instanceId=SHORE-PROD
[2026-06-01T11:57:08.942Z] [SyncDiag] FIELD-LOGGER: running_hours_audit row=8b6aaa5e-20e7-41a0-9133-a8781621e293 — 17 fields changed, isInsert=true, vesselId=7cb64519-6008-4189-820e-4b2e1f74504e, instanceId=SHORE-PROD
[2026-06-01T11:57:08.986Z] [SyncDiag] FIELD-LOGGER: running_hours_audit row=34db682a-575a-4d40-9e8f-a846a4be59e4 — 17 fields changed, isInsert=true, vesselId=7cb64519-6008-4189-820e-4b2e1f74504e, instanceId=SHORE-PROD
[2026-06-01T11:57:09.030Z] [SyncDiag] FIELD-LOGGER: running_hours_audit row=be1be5f8-bd08-4787-ba7b-fa277cb87e29 — 17 fields changed, isInsert=true, vesselId=7cb64519-6008-4189-820e-4b2e1f74504e, instanceId=SHORE-PROD
[2026-06-01T11:57:09.075Z] [SyncDiag] FIELD-LOGGER: running_hours_audit row=0da28fb6-d4d7-4a86-92dc-f95706fb2923 — 17 fields changed, isInsert=true, vesselId=7cb64519-6008-4189-820e-4b2e1f74504e, instanceId=SHORE-PROD
[2026-06-01T11:57:09.118Z] [SyncDiag] FIELD-LOGGER: running_hours_audit row=b8abf2ea-ad0b-46cf-8132-3b4b573107a8 — 17 fields changed, isInsert=true, vesselId=7cb64519-6008-4189-820e-4b2e1f74504e, instanceId=SHORE-PROD
[2026-06-01T11:57:09.162Z] [SyncDiag] FIELD-LOGGER: running_hours_audit row=59b0a3ad-bfb3-40a4-aba2-18c4bb1c824c — 17 fields changed, isInsert=true, vesselId=7cb64519-6008-4189-820e-4b2e1f74504e, instanceId=SHORE-PROD
[2026-06-01T11:57:09.212Z] [SyncDiag] FIELD-LOGGER: running_hours_audit row=e345e777-f476-492e-b532-a090e0fe808a — 17 fields changed, isInsert=true, vesselId=7cb64519-6008-4189-820e-4b2e1f74504e, instanceId=SHORE-PROD
[2026-06-01T11:58:03.104Z] [SyncDiag] FIELD-LOGGER: work_orders row=d717777e-db3a-414e-b86a-af9ee45575d9 — 1 fields changed, isInsert=false, vesselId=7cb64519-6008-4189-820e-4b2e1f74504e, instanceId=SHORE-PROD
[2026-06-01T11:58:03.112Z] [SyncDiag] FIELD-LOGGER: work_orders row=5a692b8d-44bf-4513-80d3-01c50ba30696 — 1 fields changed, isInsert=false, vesselId=7cb64519-6008-4189-820e-4b2e1f74504e, instanceId=SHORE-PROD
[2026-06-01T11:58:03.117Z] [SyncDiag] FIELD-LOGGER: work_orders row=e70e61a2-c74f-44e3-8b11-02f856f9ac01 — 1 fields changed, isInsert=false, vesselId=7cb64519-6008-4189-820e-4b2e1f74504e, instanceId=SHORE-PROD
[2026-06-01T11:58:03.123Z] [SyncDiag] FIELD-LOGGER: work_orders row=4c687a31-129d-45af-891a-3fa5010952aa — 1 fields changed, isInsert=false, vesselId=7cb64519-6008-4189-820e-4b2e1f74504e, instanceId=SHORE-PROD
[2026-06-01T11:58:03.142Z] [SyncDiag] FIELD-LOGGER: work_orders row=c0f2dce3-8591-4c5a-ae50-8a19fa19be18 — 1 fields changed, isInsert=false, vesselId=7cb64519-6008-4189-820e-4b2e1f74504e, instanceId=SHORE-PROD
[2026-06-01T11:58:03.149Z] [SyncDiag] FIELD-LOGGER: work_orders row=e826d306-397d-48e1-8e8d-60d15d0deec2 — 1 fields changed, isInsert=false, vesselId=7cb64519-6008-4189-820e-4b2e1f74504e, instanceId=SHORE-PROD
[2026-06-01T11:58:07.680Z] [SyncDiag] FIELD-LOGGER: running_hours_audit row=4e7a2bdf-7726-4fcb-9477-23719299c245 — 20 fields changed, isInsert=true, vesselId=7cb64519-6008-4189-820e-4b2e1f74504e, instanceId=SHORE-PROD
[2026-06-01T11:59:25.775Z] [SyncDiag] FIELD-LOGGER: work_orders row=9d73428c-b393-435e-9480-fe431273d23f — 1 fields changed, isInsert=false, vesselId=7cb64519-6008-4189-820e-4b2e1f74504e, instanceId=SHORE-PROD
[2026-06-01T11:59:25.802Z] [SyncDiag] FIELD-LOGGER: work_orders row=84045e78-5565-4d88-adc3-799002cfd745 — 1 fields changed, isInsert=false, vesselId=7cb64519-6008-4189-820e-4b2e1f74504e, instanceId=SHORE-PROD
[2026-06-01T11:59:25.818Z] [SyncDiag] FIELD-LOGGER: work_orders row=52c21ff8-f82b-4769-acd2-440f39fba158 — 1 fields changed, isInsert=false, vesselId=7cb64519-6008-4189-820e-4b2e1f74504e, instanceId=SHORE-PROD
[2026-06-01T11:59:25.844Z] [SyncDiag] FIELD-LOGGER: work_orders row=6c78c33f-7387-4bbf-9878-e062fd7b4551 — 1 fields changed, isInsert=false, vesselId=7cb64519-6008-4189-820e-4b2e1f74504e, instanceId=SHORE-PROD
[2026-06-01T11:59:25.882Z] [SyncDiag] FIELD-LOGGER: work_orders row=1fed2d00-6754-40aa-bb50-c41e96599299 — 1 fields changed, isInsert=false, vesselId=7cb64519-6008-4189-820e-4b2e1f74504e, instanceId=SHORE-PROD
[2026-06-01T11:59:25.898Z] [SyncDiag] FIELD-LOGGER: work_orders row=fe25f1cc-0a01-476f-9459-c38758e6426c — 1 fields changed, isInsert=false, vesselId=7cb64519-6008-4189-820e-4b2e1f74504e, instanceId=SHORE-PROD
[2026-06-01T11:59:25.915Z] [SyncDiag] FIELD-LOGGER: work_orders row=ff1feec6-29ed-49f5-b07b-1496f426e442 — 1 fields changed, isInsert=false, vesselId=7cb64519-6008-4189-820e-4b2e1f74504e, instanceId=SHORE-PROD
[2026-06-01T11:59:25.931Z] [SyncDiag] FIELD-LOGGER: work_orders row=f79ba206-8c35-408d-bb52-652d1b978279 — 1 fields changed, isInsert=false, vesselId=7cb64519-6008-4189-820e-4b2e1f74504e, instanceId=SHORE-PROD
[2026-06-01T11:59:25.957Z] [SyncDiag] FIELD-LOGGER: work_orders row=d44df088-60fb-457a-82f2-dac3e5218a70 — 1 fields changed, isInsert=false, vesselId=7cb64519-6008-4189-820e-4b2e1f74504e, instanceId=SHORE-PROD
[2026-06-01T11:59:25.981Z] [SyncDiag] FIELD-LOGGER: work_orders row=bbf7b3af-2ce3-43ee-b6a5-9b3ede05764c — 1 fields changed, isInsert=false, vesselId=7cb64519-6008-4189-820e-4b2e1f74504e, instanceId=SHORE-PROD
[2026-06-01T11:59:26.002Z] [SyncDiag] FIELD-LOGGER: work_orders row=80548ef8-49dd-4519-8788-acc41910ad47 — 1 fields changed, isInsert=false, vesselId=7cb64519-6008-4189-820e-4b2e1f74504e, instanceId=SHORE-PROD
[2026-06-01T11:59:26.026Z] [SyncDiag] FIELD-LOGGER: work_orders row=8d24594c-9c73-480a-97db-a4e7bce3c654 — 1 fields changed, isInsert=false, vesselId=7cb64519-6008-4189-820e-4b2e1f74504e, instanceId=SHORE-PROD
[2026-06-01T11:59:26.063Z] [SyncDiag] FIELD-LOGGER: work_orders row=40616504-81cf-45c6-b232-d3ab64f93d96 — 1 fields changed, isInsert=false, vesselId=7cb64519-6008-4189-820e-4b2e1f74504e, instanceId=SHORE-PROD
[2026-06-01T11:59:26.077Z] [SyncDiag] FIELD-LOGGER: work_orders row=517404b6-e4f9-435e-9031-6342a027c03f — 1 fields changed, isInsert=false, vesselId=7cb64519-6008-4189-820e-4b2e1f74504e, instanceId=SHORE-PROD
[2026-06-01T11:59:26.100Z] [SyncDiag] FIELD-LOGGER: work_orders row=5c6d7516-60d0-413a-b71b-cc62e8000f44 — 1 fields changed, isInsert=false, vesselId=7cb64519-6008-4189-820e-4b2e1f74504e, instanceId=SHORE-PROD
[2026-06-01T11:59:26.116Z] [SyncDiag] FIELD-LOGGER: work_orders row=1a2682ea-3126-40c6-86df-08c3dd80d06c — 1 fields changed, isInsert=false, vesselId=7cb64519-6008-4189-820e-4b2e1f74504e, instanceId=SHORE-PROD
[2026-06-01T11:59:26.141Z] [SyncDiag] FIELD-LOGGER: work_orders row=6b9ba71b-988c-4548-a003-70058d33d2ca — 1 fields changed, isInsert=false, vesselId=7cb64519-6008-4189-820e-4b2e1f74504e, instanceId=SHORE-PROD
[2026-06-01T11:59:26.165Z] [SyncDiag] FIELD-LOGGER: work_orders row=52ecd486-c3e5-4bf8-9790-5991fcea9d94 — 1 fields changed, isInsert=false, vesselId=7cb64519-6008-4189-820e-4b2e1f74504e, instanceId=SHORE-PROD
[2026-06-01T11:59:26.198Z] [SyncDiag] FIELD-LOGGER: work_orders row=ac0ec13f-6801-4dfd-b303-ba0efa7d142c — 1 fields changed, isInsert=false, vesselId=7cb64519-6008-4189-820e-4b2e1f74504e, instanceId=SHORE-PROD
[2026-06-01T11:59:26.221Z] [SyncDiag] FIELD-LOGGER: work_orders row=dfdb2645-b24b-4f3d-a391-a82f1277df10 — 1 fields changed, isInsert=false, vesselId=7cb64519-6008-4189-820e-4b2e1f74504e, instanceId=SHORE-PROD
[2026-06-01T11:59:26.238Z] [SyncDiag] FIELD-LOGGER: work_orders row=379d7e80-f35d-4f1a-b9fb-65a89a06737a — 1 fields changed, isInsert=false, vesselId=7cb64519-6008-4189-820e-4b2e1f74504e, instanceId=SHORE-PROD
[2026-06-01T11:59:26.253Z] [SyncDiag] FIELD-LOGGER: work_orders row=4abf673b-7b5e-410e-8394-6a42e07d50df — 1 fields changed, isInsert=false, vesselId=7cb64519-6008-4189-820e-4b2e1f74504e, instanceId=SHORE-PROD
[2026-06-01T11:59:26.269Z] [SyncDiag] FIELD-LOGGER: work_orders row=3ce40d6c-a6ef-4cba-b42f-ec1b4b5735c7 — 1 fields changed, isInsert=false, vesselId=7cb64519-6008-4189-820e-4b2e1f74504e, instanceId=SHORE-PROD
[2026-06-01T11:59:26.293Z] [SyncDiag] FIELD-LOGGER: work_orders row=1012ee0e-40bc-495d-9c24-706219774879 — 1 fields changed, isInsert=false, vesselId=7cb64519-6008-4189-820e-4b2e1f74504e, instanceId=SHORE-PROD
[2026-06-01T11:59:26.319Z] [SyncDiag] FIELD-LOGGER: work_orders row=764b0319-93e9-4527-a1a8-06ce10762c41 — 1 fields changed, isInsert=false, vesselId=7cb64519-6008-4189-820e-4b2e1f74504e, instanceId=SHORE-PROD
[2026-06-01T11:59:26.345Z] [SyncDiag] FIELD-LOGGER: work_orders row=0e14d5f8-b28a-4a6d-99d9-e47ad0550275 — 1 fields changed, isInsert=false, vesselId=7cb64519-6008-4189-820e-4b2e1f74504e, instanceId=SHORE-PROD
[2026-06-01T11:59:26.390Z] [SyncDiag] FIELD-LOGGER: work_orders row=099fbb18-9d38-414d-8831-7a0638fd19e4 — 1 fields changed, isInsert=false, vesselId=7cb64519-6008-4189-820e-4b2e1f74504e, instanceId=SHORE-PROD
[2026-06-01T11:59:26.444Z] [SyncDiag] FIELD-LOGGER: work_orders row=505ea766-0eaf-4710-855a-40c9af7edab6 — 1 fields changed, isInsert=false, vesselId=7cb64519-6008-4189-820e-4b2e1f74504e, instanceId=SHORE-PROD
[2026-06-01T11:59:26.459Z] [SyncDiag] FIELD-LOGGER: work_orders row=3d405b3b-60cb-4b06-9b7d-ea3b95aea3a2 — 1 fields changed, isInsert=false, vesselId=7cb64519-6008-4189-820e-4b2e1f74504e, instanceId=SHORE-PROD
[2026-06-01T11:59:26.475Z] [SyncDiag] FIELD-LOGGER: work_orders row=a113dbea-9e3a-4502-8530-0185232707f1 — 1 fields changed, isInsert=false, vesselId=7cb64519-6008-4189-820e-4b2e1f74504e, instanceId=SHORE-PROD
[2026-06-01T11:59:26.481Z] [SyncDiag] FIELD-LOGGER: work_orders row=df4e236b-4116-4681-be8f-9c503c5ae48d — 1 fields changed, isInsert=false, vesselId=7cb64519-6008-4189-820e-4b2e1f74504e, instanceId=SHORE-PROD
[2026-06-01T11:59:26.496Z] [SyncDiag] FIELD-LOGGER: work_orders row=875ef979-3bb4-400c-ab15-0464ff9cdcf0 — 1 fields changed, isInsert=false, vesselId=7cb64519-6008-4189-820e-4b2e1f74504e, instanceId=SHORE-PROD
[2026-06-01T11:59:26.511Z] [SyncDiag] FIELD-LOGGER: work_orders row=3a5c48b5-67db-403d-bda7-b9aeaa42acf2 — 1 fields changed, isInsert=false, vesselId=7cb64519-6008-4189-820e-4b2e1f74504e, instanceId=SHORE-PROD
[2026-06-01T11:59:26.526Z] [SyncDiag] FIELD-LOGGER: work_orders row=b86b4c2b-37c0-4e8c-8062-3bf367547dfb — 1 fields changed, isInsert=false, vesselId=7cb64519-6008-4189-820e-4b2e1f74504e, instanceId=SHORE-PROD
[2026-06-01T12:00:02.894Z] [SyncDiag] FIELD-LOGGER: work_orders row=9ce311e2-1336-4e51-8dfb-30b396ca8b3f — 1 fields changed, isInsert=false, vesselId=7cb64519-6008-4189-820e-4b2e1f74504e, instanceId=SHORE-PROD
[2026-06-01T12:00:02.900Z] [SyncDiag] FIELD-LOGGER: work_orders row=a0c89091-9d52-4d86-a8a9-553a3d04c94c — 1 fields changed, isInsert=false, vesselId=7cb64519-6008-4189-820e-4b2e1f74504e, instanceId=SHORE-PROD
[2026-06-01T16:27:07.615Z] [SyncDiag] RECEIVE-PUSH START: batch=5b96d9fa-a63a-40f8-b7e2-45fb263aa042, vessel=7446783c-841a-11ed-aa7c-7003bca91a86, fieldLogs=0, oneWayRows=0
[2026-06-01T16:27:07.703Z] [SyncDiag] RECEIVE-PUSH DONE: stored=0, applied=0, errors=0, oneWayTables=0
[2026-06-01T16:27:09.752Z] [SyncDiag] PREPARE-PULL START: vessel=7446783c-841a-11ed-aa7c-7003bca91a86, vesselCode=null, checkpoint=2026-06-01T10:27:12.461Z, shoreInstanceId=SHORE-PROD
[2026-06-01T16:27:10.328Z] [SyncDiag] PREPARE-PULL DIAG: vessel=7446783c-841a-11ed-aa7c-7003bca91a86 total_logs=65595 unsynced=0 after_instance_filter=0 exclude=SHIP-Vessel 5 since=2026-06-01T10:27:12.461Z instances=[]
[2026-06-01T16:27:10.328Z] [SyncDiag] PREPARE-PULL FIELD LOGS: 0 shore logs for vessel=7446783c-841a-11ed-aa7c-7003bca91a86 (excluded instance=SHIP-Vessel 5)
[2026-06-01T16:27:11.678Z] [SyncDiag] PREPARE-PULL DONE: 0 one-way rows across 0 tables, 0 field logs, 0 conflicts
[2026-06-01T16:27:11.704Z] [SyncDiag] COMPLETE-SESSION: marking shore logs synced for vessel=7446783c-841a-11ed-aa7c-7003bca91a86 checkpointBefore=2026-06-01T10:27:12.461Z excludeInstance=SHIP-Vessel 5
[2026-06-01T16:27:11.795Z] [SyncDiag] PREPARE-PULL DIAG: vessel=7446783c-841a-11ed-aa7c-7003bca91a86 total_logs=65595 unsynced=0 after_instance_filter=0 exclude=SHIP-Vessel 5 since=2026-06-01T10:27:12.461Z instances=[]
[2026-06-01T16:27:11.795Z] [SyncDiag] COMPLETE-SESSION: found 0 shore logs to mark synced
[2026-06-01T16:27:11.956Z] [SyncDiag] COMPLETE-SESSION: found 0 ship logs to mark synced
[2026-06-01T22:27:07.037Z] [SyncDiag] RECEIVE-PUSH START: batch=e75da75e-09ee-4a97-8cfa-52e826c19998, vessel=7446783c-841a-11ed-aa7c-7003bca91a86, fieldLogs=0, oneWayRows=0
[2026-06-01T22:27:07.041Z] [SyncDiag] RECEIVE-PUSH DONE: stored=0, applied=0, errors=0, oneWayTables=0
[2026-06-01T22:27:09.083Z] [SyncDiag] PREPARE-PULL START: vessel=7446783c-841a-11ed-aa7c-7003bca91a86, vesselCode=null, checkpoint=2026-06-01T16:27:11.700Z, shoreInstanceId=SHORE-PROD
[2026-06-01T22:27:09.358Z] [SyncDiag] PREPARE-PULL DIAG: vessel=7446783c-841a-11ed-aa7c-7003bca91a86 total_logs=65595 unsynced=0 after_instance_filter=0 exclude=SHIP-Vessel 5 since=2026-06-01T16:27:11.700Z instances=[]
[2026-06-01T22:27:09.359Z] [SyncDiag] PREPARE-PULL FIELD LOGS: 0 shore logs for vessel=7446783c-841a-11ed-aa7c-7003bca91a86 (excluded instance=SHIP-Vessel 5)
[2026-06-01T22:27:09.612Z] [SyncDiag] PREPARE-PULL DONE: 0 one-way rows across 0 tables, 0 field logs, 0 conflicts
[2026-06-01T22:27:09.647Z] [SyncDiag] COMPLETE-SESSION: marking shore logs synced for vessel=7446783c-841a-11ed-aa7c-7003bca91a86 checkpointBefore=2026-06-01T16:27:11.700Z excludeInstance=SHIP-Vessel 5
[2026-06-01T22:27:09.990Z] [SyncDiag] PREPARE-PULL DIAG: vessel=7446783c-841a-11ed-aa7c-7003bca91a86 total_logs=65595 unsynced=0 after_instance_filter=0 exclude=SHIP-Vessel 5 since=2026-06-01T16:27:11.700Z instances=[]
[2026-06-01T22:27:09.990Z] [SyncDiag] COMPLETE-SESSION: found 0 shore logs to mark synced
[2026-06-01T22:27:10.163Z] [SyncDiag] COMPLETE-SESSION: found 0 ship logs to mark synced
