[2026-05-14T14:26:51.723Z] [SyncDiag] FIELD-LOGGER: vessel_survey_data row=8e73aea0-d9eb-4df1-856d-02bc394364f9 — 9 fields changed, isInsert=true, vesselId=744cf286-841a-11ed-aa7c-7003bca91a86, instanceId=SHORE-PROD
[2026-05-14T14:26:56.151Z] [SyncDiag] FIELD-LOGGER: vessel_survey_data row=8e73aea0-d9eb-4df1-856d-02bc394364f9 — 1 fields changed, isInsert=false, vesselId=744cf286-841a-11ed-aa7c-7003bca91a86, instanceId=SHORE-PROD
[2026-05-14T14:27:00.851Z] [SyncDiag] FIELD-LOGGER: vessel_survey_data row=8e73aea0-d9eb-4df1-856d-02bc394364f9 — 1 fields changed, isInsert=false, vesselId=744cf286-841a-11ed-aa7c-7003bca91a86, instanceId=SHORE-PROD
[2026-05-14T14:27:07.288Z] [SyncDiag] FIELD-LOGGER: vessel_survey_data row=8e73aea0-d9eb-4df1-856d-02bc394364f9 — 1 fields changed, isInsert=false, vesselId=744cf286-841a-11ed-aa7c-7003bca91a86, instanceId=SHORE-PROD
[2026-05-14T14:27:15.069Z] [SyncDiag] FIELD-LOGGER: vessel_survey_data row=8e73aea0-d9eb-4df1-856d-02bc394364f9 — 1 fields changed, isInsert=false, vesselId=744cf286-841a-11ed-aa7c-7003bca91a86, instanceId=SHORE-PROD
[2026-05-14T14:27:28.076Z] [SyncDiag] FIELD-LOGGER: vessel_survey_data row=8e73aea0-d9eb-4df1-856d-02bc394364f9 — 1 fields changed, isInsert=false, vesselId=744cf286-841a-11ed-aa7c-7003bca91a86, instanceId=SHORE-PROD
[2026-05-14T14:27:38.803Z] [SyncDiag] FIELD-LOGGER: vessel_survey_data row=8e73aea0-d9eb-4df1-856d-02bc394364f9 — 1 fields changed, isInsert=false, vesselId=744cf286-841a-11ed-aa7c-7003bca91a86, instanceId=SHORE-PROD
[2026-05-14T14:28:20.944Z] [SyncDiag] RECEIVE-PUSH START: batch=f9d3a6d9-057c-4da5-bd5a-b335e62da26f, vessel=7446783c-841a-11ed-aa7c-7003bca91a86, fieldLogs=0, oneWayRows=0
[2026-05-14T14:28:20.949Z] [SyncDiag] RECEIVE-PUSH DONE: stored=0, applied=0, errors=0, oneWayTables=0
[2026-05-14T14:28:22.990Z] [SyncDiag] PREPARE-PULL START: vessel=7446783c-841a-11ed-aa7c-7003bca91a86, vesselCode=null, checkpoint=2026-05-14T13:29:04.645Z, shoreInstanceId=SHORE-PROD
[2026-05-14T14:28:23.322Z] [SyncDiag] PREPARE-PULL DIAG: vessel=7446783c-841a-11ed-aa7c-7003bca91a86 total_logs=64459 unsynced=0 after_instance_filter=0 exclude=SHIP-Vessel 5 since=2026-05-14T13:29:04.645Z instances=[]
[2026-05-14T14:28:23.323Z] [SyncDiag] PREPARE-PULL FIELD LOGS: 0 shore logs for vessel=7446783c-841a-11ed-aa7c-7003bca91a86 (excluded instance=SHIP-Vessel 5)
[2026-05-14T14:28:23.784Z] [SyncDiag] PREPARE-PULL DONE: 6 one-way rows across 1 tables, 0 field logs, 0 conflicts
[2026-05-14T14:28:23.784Z] [SyncDiag] PREPARE-PULL ONE-WAY: master_lists — 6 rows
[2026-05-14T14:28:23.839Z] [SyncDiag] COMPLETE-SESSION: marking shore logs synced for vessel=7446783c-841a-11ed-aa7c-7003bca91a86 checkpointBefore=2026-05-14T13:29:04.645Z excludeInstance=SHIP-Vessel 5
[2026-05-14T14:28:23.907Z] [SyncDiag] PREPARE-PULL DIAG: vessel=7446783c-841a-11ed-aa7c-7003bca91a86 total_logs=64459 unsynced=0 after_instance_filter=0 exclude=SHIP-Vessel 5 since=2026-05-14T13:29:04.645Z instances=[]
[2026-05-14T14:28:23.908Z] [SyncDiag] COMPLETE-SESSION: found 0 shore logs to mark synced
[2026-05-14T14:28:24.083Z] [SyncDiag] COMPLETE-SESSION: found 0 ship logs to mark synced
[2026-05-14T14:29:25.224Z] [SyncDiag] FIELD-LOGGER: vessel_survey_data row=588f7548-2763-4dd7-b565-adfc95d0f96d — 1 fields changed, isInsert=false, vesselId=7446783c-841a-11ed-aa7c-7003bca91a86, instanceId=SHORE-PROD
[2026-05-14T14:29:32.318Z] [SyncDiag] FIELD-LOGGER: vessel_survey_data row=588f7548-2763-4dd7-b565-adfc95d0f96d — 1 fields changed, isInsert=false, vesselId=7446783c-841a-11ed-aa7c-7003bca91a86, instanceId=SHORE-PROD
[2026-05-14T14:29:35.710Z] [SyncDiag] FIELD-LOGGER: vessel_survey_data row=588f7548-2763-4dd7-b565-adfc95d0f96d — 1 fields changed, isInsert=false, vesselId=7446783c-841a-11ed-aa7c-7003bca91a86, instanceId=SHORE-PROD
[2026-05-14T14:29:40.715Z] [SyncDiag] FIELD-LOGGER: vessel_survey_data row=588f7548-2763-4dd7-b565-adfc95d0f96d — 1 fields changed, isInsert=false, vesselId=7446783c-841a-11ed-aa7c-7003bca91a86, instanceId=SHORE-PROD
[2026-05-14T14:29:41.913Z] [SyncDiag] FIELD-LOGGER: vessel_survey_data row=588f7548-2763-4dd7-b565-adfc95d0f96d — 1 fields changed, isInsert=false, vesselId=7446783c-841a-11ed-aa7c-7003bca91a86, instanceId=SHORE-PROD
[2026-05-14T14:29:56.189Z] [SyncDiag] FIELD-LOGGER: vessel_survey_data row=588f7548-2763-4dd7-b565-adfc95d0f96d — 1 fields changed, isInsert=false, vesselId=7446783c-841a-11ed-aa7c-7003bca91a86, instanceId=SHORE-PROD
[2026-05-14T14:30:08.271Z] [SyncDiag] FIELD-LOGGER: vessel_survey_data row=588f7548-2763-4dd7-b565-adfc95d0f96d — 1 fields changed, isInsert=false, vesselId=7446783c-841a-11ed-aa7c-7003bca91a86, instanceId=SHORE-PROD
[2026-05-14T14:30:17.231Z] [SyncDiag] RECEIVE-PUSH START: batch=cd799c5a-fb12-4ed8-a625-1d5f054d51aa, vessel=7446783c-841a-11ed-aa7c-7003bca91a86, fieldLogs=0, oneWayRows=0
[2026-05-14T14:30:17.238Z] [SyncDiag] RECEIVE-PUSH DONE: stored=0, applied=0, errors=0, oneWayTables=0
[2026-05-14T14:30:17.246Z] [SyncDiag] PREPARE-PULL START: vessel=7446783c-841a-11ed-aa7c-7003bca91a86, vesselCode=null, checkpoint=2026-05-14T14:28:23.838Z, shoreInstanceId=SHORE-PROD
[2026-05-14T14:30:17.434Z] [SyncDiag] PREPARE-PULL FIELD LOGS: 7 shore logs for vessel=7446783c-841a-11ed-aa7c-7003bca91a86 (excluded instance=SHIP-Vessel 5)
[2026-05-14T14:30:17.434Z] [SyncDiag] PREPARE-PULL FIELD LOG TABLES: {"vessel_survey_data":7}
[2026-05-14T14:30:17.640Z] [SyncDiag] PREPARE-PULL DONE: 0 one-way rows across 0 tables, 7 field logs, 0 conflicts
[2026-05-14T14:30:18.239Z] [SyncDiag] COMPLETE-SESSION: marking shore logs synced for vessel=7446783c-841a-11ed-aa7c-7003bca91a86 checkpointBefore=2026-05-14T14:28:23.838Z excludeInstance=SHIP-Vessel 5
[2026-05-14T14:30:18.317Z] [SyncDiag] COMPLETE-SESSION: found 7 shore logs to mark synced
[2026-05-14T14:30:18.440Z] [SyncDiag] COMPLETE-SESSION: found 0 ship logs to mark synced
[2026-05-14T14:34:53.002Z] [SyncDiag] RECEIVE-PUSH START: batch=f98e3cd5-f985-487b-813d-088be1864637, vessel=7446783c-841a-11ed-aa7c-7003bca91a86, fieldLogs=0, oneWayRows=0
[2026-05-14T14:34:53.010Z] [SyncDiag] RECEIVE-PUSH DONE: stored=0, applied=0, errors=0, oneWayTables=0
[2026-05-14T14:34:53.053Z] [SyncDiag] PREPARE-PULL START: vessel=7446783c-841a-11ed-aa7c-7003bca91a86, vesselCode=null, checkpoint=2026-05-14T14:30:18.238Z, shoreInstanceId=SHORE-PROD
[2026-05-14T14:34:53.265Z] [SyncDiag] PREPARE-PULL DIAG: vessel=7446783c-841a-11ed-aa7c-7003bca91a86 total_logs=64466 unsynced=0 after_instance_filter=0 exclude=SHIP-Vessel 5 since=2026-05-14T14:30:18.238Z instances=[]
[2026-05-14T14:34:53.266Z] [SyncDiag] PREPARE-PULL FIELD LOGS: 0 shore logs for vessel=7446783c-841a-11ed-aa7c-7003bca91a86 (excluded instance=SHIP-Vessel 5)
[2026-05-14T14:34:53.379Z] [SyncDiag] PREPARE-PULL DONE: 5 one-way rows across 2 tables, 0 field logs, 0 conflicts
[2026-05-14T14:34:53.379Z] [SyncDiag] PREPARE-PULL ONE-WAY: ship_surveys_master — 4 rows
[2026-05-14T14:34:53.380Z] [SyncDiag] PREPARE-PULL ONE-WAY: vessel_survey_applicability — 1 rows
[2026-05-14T14:34:53.442Z] [SyncDiag] COMPLETE-SESSION: marking shore logs synced for vessel=7446783c-841a-11ed-aa7c-7003bca91a86 checkpointBefore=2026-05-14T14:30:18.238Z excludeInstance=SHIP-Vessel 5
[2026-05-14T14:34:53.505Z] [SyncDiag] PREPARE-PULL DIAG: vessel=7446783c-841a-11ed-aa7c-7003bca91a86 total_logs=64466 unsynced=0 after_instance_filter=0 exclude=SHIP-Vessel 5 since=2026-05-14T14:30:18.238Z instances=[]
[2026-05-14T14:34:53.506Z] [SyncDiag] COMPLETE-SESSION: found 0 shore logs to mark synced
[2026-05-14T14:34:53.613Z] [SyncDiag] COMPLETE-SESSION: found 0 ship logs to mark synced
