[2026-05-08T12:19:30.036Z] [SyncDiag] RECEIVE-PUSH START: batch=4f094cac-7c3e-4ce0-9f8c-6b576efb7f73, vessel=7446783c-841a-11ed-aa7c-7003bca91a86, fieldLogs=0, oneWayRows=0
[2026-05-08T12:19:30.042Z] [SyncDiag] RECEIVE-PUSH DONE: stored=0, applied=0, errors=0, oneWayTables=0
[2026-05-08T12:19:32.072Z] [SyncDiag] PREPARE-PULL START: vessel=7446783c-841a-11ed-aa7c-7003bca91a86, vesselCode=null, checkpoint=2026-05-04T11:18:08.589Z
[2026-05-08T12:19:32.550Z] [SyncDiag] PREPARE-PULL FIELD LOGS: 97 shore logs for vessel
[2026-05-08T12:19:32.719Z] [SyncDiag] PREPARE-PULL DONE: 329 one-way rows across 10 tables, 97 field logs, 0 conflicts
[2026-05-08T12:19:32.720Z] [SyncDiag] PREPARE-PULL ONE-WAY: components — 12 rows
[2026-05-08T12:19:32.721Z] [SyncDiag] PREPARE-PULL ONE-WAY: jobs — 2 rows
[2026-05-08T12:19:32.721Z] [SyncDiag] PREPARE-PULL ONE-WAY: fleet_groups — 13 rows
[2026-05-08T12:19:32.721Z] [SyncDiag] PREPARE-PULL ONE-WAY: maker_list — 2 rows
[2026-05-08T12:19:32.722Z] [SyncDiag] PREPARE-PULL ONE-WAY: master_lists — 6 rows
[2026-05-08T12:19:32.722Z] [SyncDiag] PREPARE-PULL ONE-WAY: pms_vessel_settings — 1 rows
[2026-05-08T12:19:32.723Z] [SyncDiag] PREPARE-PULL ONE-WAY: ship_certificates_master — 129 rows
[2026-05-08T12:19:32.723Z] [SyncDiag] PREPARE-PULL ONE-WAY: ship_surveys_master — 58 rows
[2026-05-08T12:19:32.724Z] [SyncDiag] PREPARE-PULL ONE-WAY: vessel_certificate_applicability — 71 rows
[2026-05-08T12:19:32.724Z] [SyncDiag] PREPARE-PULL ONE-WAY: vessel_survey_applicability — 35 rows
[2026-05-08T12:20:45.250Z] [SyncDiag] RECEIVE-PUSH START: batch=9b5b8f83-3c37-4107-ab1e-c93de3e54ee1, vessel=7446783c-841a-11ed-aa7c-7003bca91a86, fieldLogs=15, oneWayRows=0
[2026-05-08T12:20:45.276Z] [SyncDiag] RECEIVE-PUSH: 15 field logs stored in sync_field_log
[2026-05-08T12:20:45.278Z] [SyncDiag] FIELD-LOG-INSERT START: 15 logs
[2026-05-08T12:20:45.278Z] [SyncDiag] FIELD-LOG-INSERT: 1 groups from 15 logs
[2026-05-08T12:20:45.488Z] [SyncDiag] FIELD-LOG-INSERT DONE: inserted=0, updatePassthrough=0, errors=1
[2026-05-08T12:20:45.497Z] [SyncDiag] RECEIVE-PUSH DONE: stored=15, applied=0, errors=1, oneWayTables=0
[2026-05-08T12:20:45.505Z] [SyncDiag] PREPARE-PULL START: vessel=7446783c-841a-11ed-aa7c-7003bca91a86, vesselCode=null, checkpoint=2026-05-04T11:18:08.589Z
[2026-05-08T12:20:45.813Z] [SyncDiag] PREPARE-PULL FIELD LOGS: 0 shore logs for vessel
[2026-05-08T12:20:45.889Z] [SyncDiag] PREPARE-PULL DONE: 329 one-way rows across 10 tables, 0 field logs, 0 conflicts
[2026-05-08T12:20:45.890Z] [SyncDiag] PREPARE-PULL ONE-WAY: components — 12 rows
[2026-05-08T12:20:45.890Z] [SyncDiag] PREPARE-PULL ONE-WAY: jobs — 2 rows
[2026-05-08T12:20:45.891Z] [SyncDiag] PREPARE-PULL ONE-WAY: fleet_groups — 13 rows
[2026-05-08T12:20:45.891Z] [SyncDiag] PREPARE-PULL ONE-WAY: maker_list — 2 rows
[2026-05-08T12:20:45.892Z] [SyncDiag] PREPARE-PULL ONE-WAY: master_lists — 6 rows
[2026-05-08T12:20:45.892Z] [SyncDiag] PREPARE-PULL ONE-WAY: pms_vessel_settings — 1 rows
[2026-05-08T12:20:45.892Z] [SyncDiag] PREPARE-PULL ONE-WAY: ship_certificates_master — 129 rows
[2026-05-08T12:20:45.893Z] [SyncDiag] PREPARE-PULL ONE-WAY: ship_surveys_master — 58 rows
[2026-05-08T12:20:45.893Z] [SyncDiag] PREPARE-PULL ONE-WAY: vessel_certificate_applicability — 71 rows
[2026-05-08T12:20:45.893Z] [SyncDiag] PREPARE-PULL ONE-WAY: vessel_survey_applicability — 35 rows
[2026-05-08T12:21:42.832Z] [SyncDiag] === SYNC START === vessel=7446783c-841a-11ed-aa7c-7003bca91a86, instance=SHORE-PROD, mode=LOCAL
[2026-05-08T12:21:42.848Z] [SyncDiag] PUSH START: gathering field logs for vessel=7446783c-841a-11ed-aa7c-7003bca91a86, vesselCode=null
[2026-05-08T12:21:43.009Z] [SyncDiag] PUSH: found 0 unsynced field logs
[2026-05-08T12:21:43.010Z] [SyncDiag] RECEIVE-PUSH START: batch=f8d167fe-e901-47f4-9dcd-d17b4c7c133c, vessel=7446783c-841a-11ed-aa7c-7003bca91a86, fieldLogs=0, oneWayRows=0
[2026-05-08T12:21:43.018Z] [SyncDiag] RECEIVE-PUSH DONE: stored=0, applied=0, errors=0, oneWayTables=0
[2026-05-08T12:21:43.022Z] [SyncDiag] PREPARE-PULL START: vessel=7446783c-841a-11ed-aa7c-7003bca91a86, vesselCode=null, checkpoint=2026-05-08T10:54:27.177Z
[2026-05-08T12:21:43.214Z] [SyncDiag] PREPARE-PULL FIELD LOGS: 0 shore logs for vessel
[2026-05-08T12:21:43.334Z] [SyncDiag] PREPARE-PULL DONE: 6 one-way rows across 1 tables, 0 field logs, 0 conflicts
[2026-05-08T12:21:43.334Z] [SyncDiag] PREPARE-PULL ONE-WAY: master_lists — 6 rows
[2026-05-08T12:21:43.335Z] [SyncDiag] PULL RECEIVED: 1 one-way table batches, 0 field logs
[2026-05-08T12:21:43.335Z] [SyncDiag] PULL one-way tables: {"master_lists":6}
[2026-05-08T12:21:43.336Z] [SyncDiag] ONE-WAY-APPLY START: master_lists — 6 rows
[2026-05-08T12:21:43.372Z] [SyncDiag] ONE-WAY-APPLY DONE: master_lists — inserted=0, updated=6, deleted=0, errors=0
[2026-05-08T12:21:43.372Z] [SyncDiag] PULL ONE-WAY: master_lists — inserted=0, updated=6, deleted=0, errors=0
[2026-05-08T12:21:43.506Z] [SyncDiag] SYNC COMPLETE: checkpoint=2026-05-08T12:21:43.374Z
[2026-05-08T12:21:43.508Z] [SyncDiag] FILE-SYNC START: 0 pending files for vessel=7446783c-841a-11ed-aa7c-7003bca91a86, direction=shore_to_ship
[2026-05-08T12:21:43.509Z] [SyncDiag] FILE-SYNC DONE: processed=0, failed=0, bytes=0
[2026-05-08T12:21:43.509Z] [SyncDiag] === SYNC END === vessel=7446783c-841a-11ed-aa7c-7003bca91a86, duration=677ms, status=success, pushed=0, pulled=6, conflicts=0, files=0+0
[2026-05-08T12:25:00.643Z] [SyncDiag] RECEIVE-PUSH START: batch=1d026af5-dd61-4dd6-aaf4-e8565e7dfacb, vessel=7446783c-841a-11ed-aa7c-7003bca91a86, fieldLogs=22, oneWayRows=0
[2026-05-08T12:25:00.718Z] [SyncDiag] RECEIVE-PUSH: 22 field logs stored in sync_field_log
[2026-05-08T12:25:00.718Z] [SyncDiag] FIELD-LOG-INSERT START: 22 logs
[2026-05-08T12:25:00.719Z] [SyncDiag] FIELD-LOG-INSERT: 2 groups from 22 logs
[2026-05-08T12:25:00.821Z] [SyncDiag] FIELD-LOG-INSERT FAIL: stores_ledger row=1047005b-a9c4-4c71-9295-e8efea2c1fce — column "timestamp_u_t_c" of relation "stores_ledger" does not exist
[2026-05-08T12:25:00.822Z] [SyncDiag] FIELD-LOG-INSERT DONE: inserted=0, updatePassthrough=3, errors=1
[2026-05-08T12:25:00.911Z] [SyncDiag] RECEIVE-PUSH STALE SKIP: stores_items.robLocationA row=e15438bf-0296-4bc3-bdbd-533538640b21 — log 2026-05-08T12:24:45.393Z < row 2026-05-08T12:25:00.904Z
[2026-05-08T12:25:00.913Z] [SyncDiag] RECEIVE-PUSH STALE SKIP: stores_items.robLocationB row=e15438bf-0296-4bc3-bdbd-533538640b21 — log 2026-05-08T12:24:45.393Z < row 2026-05-08T12:25:00.904Z
[2026-05-08T12:25:00.920Z] [SyncDiag] RECEIVE-PUSH DONE: stored=22, applied=1, errors=1, oneWayTables=0
[2026-05-08T12:25:02.942Z] [SyncDiag] PREPARE-PULL START: vessel=7446783c-841a-11ed-aa7c-7003bca91a86, vesselCode=null, checkpoint=2026-05-04T11:18:08.589Z
[2026-05-08T12:25:03.334Z] [SyncDiag] PREPARE-PULL FIELD LOGS: 0 shore logs for vessel
[2026-05-08T12:25:03.451Z] [SyncDiag] PREPARE-PULL DONE: 329 one-way rows across 10 tables, 0 field logs, 0 conflicts
[2026-05-08T12:25:03.451Z] [SyncDiag] PREPARE-PULL ONE-WAY: components — 12 rows
[2026-05-08T12:25:03.451Z] [SyncDiag] PREPARE-PULL ONE-WAY: jobs — 2 rows
[2026-05-08T12:25:03.452Z] [SyncDiag] PREPARE-PULL ONE-WAY: fleet_groups — 13 rows
[2026-05-08T12:25:03.452Z] [SyncDiag] PREPARE-PULL ONE-WAY: maker_list — 2 rows
[2026-05-08T12:25:03.453Z] [SyncDiag] PREPARE-PULL ONE-WAY: master_lists — 6 rows
[2026-05-08T12:25:03.453Z] [SyncDiag] PREPARE-PULL ONE-WAY: pms_vessel_settings — 1 rows
[2026-05-08T12:25:03.454Z] [SyncDiag] PREPARE-PULL ONE-WAY: ship_certificates_master — 129 rows
[2026-05-08T12:25:03.454Z] [SyncDiag] PREPARE-PULL ONE-WAY: ship_surveys_master — 58 rows
[2026-05-08T12:25:03.454Z] [SyncDiag] PREPARE-PULL ONE-WAY: vessel_certificate_applicability — 71 rows
[2026-05-08T12:25:03.455Z] [SyncDiag] PREPARE-PULL ONE-WAY: vessel_survey_applicability — 35 rows
[2026-05-08T12:26:26.530Z] [SyncDiag] RECEIVE-PUSH START: batch=b4860ee3-90bc-49ec-9929-9d328af29881, vessel=7446783c-841a-11ed-aa7c-7003bca91a86, fieldLogs=23, oneWayRows=0
[2026-05-08T12:26:26.575Z] [SyncDiag] RECEIVE-PUSH: 23 field logs stored in sync_field_log
[2026-05-08T12:26:26.575Z] [SyncDiag] FIELD-LOG-INSERT START: 23 logs
[2026-05-08T12:26:26.576Z] [SyncDiag] FIELD-LOG-INSERT: 3 groups from 23 logs
[2026-05-08T12:26:26.605Z] [SyncDiag] FIELD-LOG-INSERT FAIL: spares_history row=3b620134-cfcc-49f2-8d44-6d49749f6d56 — column "timestamp_u_t_c" of relation "spares_history" does not exist
[2026-05-08T12:26:26.606Z] [SyncDiag] FIELD-LOG-INSERT DONE: inserted=0, updatePassthrough=4, errors=1
[2026-05-08T12:26:26.682Z] [SyncDiag] RECEIVE-PUSH STALE SKIP: spares.robLocationA row=6a4d067a-c727-41eb-befa-74cdf2a4a753 — log 2026-05-08T12:26:19.720Z < row 2026-05-08T12:26:26.677Z
[2026-05-08T12:26:26.683Z] [SyncDiag] RECEIVE-PUSH STALE SKIP: spares.robLocationB row=6a4d067a-c727-41eb-befa-74cdf2a4a753 — log 2026-05-08T12:26:19.720Z < row 2026-05-08T12:26:26.677Z
[2026-05-08T12:26:26.701Z] [SyncDiag] RECEIVE-PUSH DONE: stored=23, applied=2, errors=1, oneWayTables=0
[2026-05-08T12:26:28.725Z] [SyncDiag] PREPARE-PULL START: vessel=7446783c-841a-11ed-aa7c-7003bca91a86, vesselCode=null, checkpoint=2026-05-04T11:18:08.589Z
[2026-05-08T12:26:29.135Z] [SyncDiag] PREPARE-PULL FIELD LOGS: 0 shore logs for vessel
[2026-05-08T12:26:29.220Z] [SyncDiag] PREPARE-PULL DONE: 329 one-way rows across 10 tables, 0 field logs, 0 conflicts
[2026-05-08T12:26:29.221Z] [SyncDiag] PREPARE-PULL ONE-WAY: components — 12 rows
[2026-05-08T12:26:29.221Z] [SyncDiag] PREPARE-PULL ONE-WAY: jobs — 2 rows
[2026-05-08T12:26:29.221Z] [SyncDiag] PREPARE-PULL ONE-WAY: fleet_groups — 13 rows
[2026-05-08T12:26:29.222Z] [SyncDiag] PREPARE-PULL ONE-WAY: maker_list — 2 rows
[2026-05-08T12:26:29.222Z] [SyncDiag] PREPARE-PULL ONE-WAY: master_lists — 6 rows
[2026-05-08T12:26:29.223Z] [SyncDiag] PREPARE-PULL ONE-WAY: pms_vessel_settings — 1 rows
[2026-05-08T12:26:29.223Z] [SyncDiag] PREPARE-PULL ONE-WAY: ship_certificates_master — 129 rows
[2026-05-08T12:26:29.223Z] [SyncDiag] PREPARE-PULL ONE-WAY: ship_surveys_master — 58 rows
[2026-05-08T12:26:29.224Z] [SyncDiag] PREPARE-PULL ONE-WAY: vessel_certificate_applicability — 71 rows
[2026-05-08T12:26:29.224Z] [SyncDiag] PREPARE-PULL ONE-WAY: vessel_survey_applicability — 35 rows
[2026-05-08T12:30:15.197Z] [SyncDiag] RECEIVE-PUSH START: batch=bb9790f8-6cb9-4b4f-afe9-55c792c72050, vessel=7446783c-841a-11ed-aa7c-7003bca91a86, fieldLogs=20, oneWayRows=0
[2026-05-08T12:30:15.239Z] [SyncDiag] RECEIVE-PUSH: 20 field logs stored in sync_field_log
[2026-05-08T12:30:15.239Z] [SyncDiag] FIELD-LOG-INSERT START: 20 logs
[2026-05-08T12:30:15.240Z] [SyncDiag] FIELD-LOG-INSERT: 1 groups from 20 logs
[2026-05-08T12:30:15.269Z] [SyncDiag] FIELD-LOG-INSERT FAIL: running_hours_audit row=7ce196ea-0ac8-44c5-bff1-4d117dca6cbb — column "previous_r_h" of relation "running_hours_audit" does not exist
[2026-05-08T12:30:15.269Z] [SyncDiag] FIELD-LOG-INSERT DONE: inserted=0, updatePassthrough=0, errors=1
[2026-05-08T12:30:15.322Z] [SyncDiag] RECEIVE-PUSH DONE: stored=20, applied=0, errors=1, oneWayTables=0
[2026-05-08T12:30:17.346Z] [SyncDiag] PREPARE-PULL START: vessel=7446783c-841a-11ed-aa7c-7003bca91a86, vesselCode=null, checkpoint=2026-05-04T11:18:08.589Z
[2026-05-08T12:30:17.758Z] [SyncDiag] PREPARE-PULL FIELD LOGS: 0 shore logs for vessel
[2026-05-08T12:30:17.918Z] [SyncDiag] PREPARE-PULL DONE: 329 one-way rows across 10 tables, 0 field logs, 0 conflicts
[2026-05-08T12:30:17.919Z] [SyncDiag] PREPARE-PULL ONE-WAY: components — 12 rows
[2026-05-08T12:30:17.919Z] [SyncDiag] PREPARE-PULL ONE-WAY: jobs — 2 rows
[2026-05-08T12:30:17.919Z] [SyncDiag] PREPARE-PULL ONE-WAY: fleet_groups — 13 rows
[2026-05-08T12:30:17.920Z] [SyncDiag] PREPARE-PULL ONE-WAY: maker_list — 2 rows
[2026-05-08T12:30:17.920Z] [SyncDiag] PREPARE-PULL ONE-WAY: master_lists — 6 rows
[2026-05-08T12:30:17.921Z] [SyncDiag] PREPARE-PULL ONE-WAY: pms_vessel_settings — 1 rows
[2026-05-08T12:30:17.921Z] [SyncDiag] PREPARE-PULL ONE-WAY: ship_certificates_master — 129 rows
[2026-05-08T12:30:17.922Z] [SyncDiag] PREPARE-PULL ONE-WAY: ship_surveys_master — 58 rows
[2026-05-08T12:30:17.922Z] [SyncDiag] PREPARE-PULL ONE-WAY: vessel_certificate_applicability — 71 rows
[2026-05-08T12:30:17.923Z] [SyncDiag] PREPARE-PULL ONE-WAY: vessel_survey_applicability — 35 rows
[2026-05-08T12:34:08.366Z] [SyncDiag] RECEIVE-PUSH START: batch=6288e5df-723c-4355-8297-019417360d34, vessel=7446783c-841a-11ed-aa7c-7003bca91a86, fieldLogs=0, oneWayRows=0
[2026-05-08T12:34:08.373Z] [SyncDiag] RECEIVE-PUSH DONE: stored=0, applied=0, errors=0, oneWayTables=0
[2026-05-08T12:34:10.408Z] [SyncDiag] PREPARE-PULL START: vessel=7446783c-841a-11ed-aa7c-7003bca91a86, vesselCode=null, checkpoint=2026-05-04T11:18:08.589Z
[2026-05-08T12:34:10.791Z] [SyncDiag] PREPARE-PULL FIELD LOGS: 0 shore logs for vessel
[2026-05-08T12:34:10.878Z] [SyncDiag] PREPARE-PULL DONE: 329 one-way rows across 10 tables, 0 field logs, 0 conflicts
[2026-05-08T12:34:10.879Z] [SyncDiag] PREPARE-PULL ONE-WAY: components — 12 rows
[2026-05-08T12:34:10.879Z] [SyncDiag] PREPARE-PULL ONE-WAY: jobs — 2 rows
[2026-05-08T12:34:10.880Z] [SyncDiag] PREPARE-PULL ONE-WAY: fleet_groups — 13 rows
[2026-05-08T12:34:10.880Z] [SyncDiag] PREPARE-PULL ONE-WAY: maker_list — 2 rows
[2026-05-08T12:34:10.880Z] [SyncDiag] PREPARE-PULL ONE-WAY: master_lists — 6 rows
[2026-05-08T12:34:10.881Z] [SyncDiag] PREPARE-PULL ONE-WAY: pms_vessel_settings — 1 rows
[2026-05-08T12:34:10.881Z] [SyncDiag] PREPARE-PULL ONE-WAY: ship_certificates_master — 129 rows
[2026-05-08T12:34:10.881Z] [SyncDiag] PREPARE-PULL ONE-WAY: ship_surveys_master — 58 rows
[2026-05-08T12:34:10.882Z] [SyncDiag] PREPARE-PULL ONE-WAY: vessel_certificate_applicability — 71 rows
[2026-05-08T12:34:10.882Z] [SyncDiag] PREPARE-PULL ONE-WAY: vessel_survey_applicability — 35 rows
[2026-05-08T15:40:40.833Z] [SyncDiag] RECEIVE-PUSH START: batch=af918288-dc21-4d44-8a0d-d030d6ac193f, vessel=7446783c-841a-11ed-aa7c-7003bca91a86, fieldLogs=15, oneWayRows=0
[2026-05-08T15:40:40.887Z] [SyncDiag] RECEIVE-PUSH: 15 field logs stored in sync_field_log
[2026-05-08T15:40:40.888Z] [SyncDiag] FIELD-LOG-INSERT START: 15 logs
[2026-05-08T15:40:40.888Z] [SyncDiag] FIELD-LOG-INSERT: 1 groups from 15 logs
[2026-05-08T15:40:40.950Z] [SyncDiag] FIELD-LOG-INSERT DONE: inserted=0, updatePassthrough=0, errors=1
[2026-05-08T15:40:40.958Z] [SyncDiag] RECEIVE-PUSH DONE: stored=15, applied=0, errors=1, oneWayTables=0
[2026-05-08T15:40:40.969Z] [SyncDiag] PREPARE-PULL START: vessel=7446783c-841a-11ed-aa7c-7003bca91a86, vesselCode=null, checkpoint=2026-05-04T11:18:08.589Z
[2026-05-08T15:40:42.621Z] [SyncDiag] PREPARE-PULL FIELD LOGS: 0 shore logs for vessel
[2026-05-08T15:40:42.895Z] [SyncDiag] PREPARE-PULL DONE: 329 one-way rows across 10 tables, 0 field logs, 0 conflicts
[2026-05-08T15:40:42.895Z] [SyncDiag] PREPARE-PULL ONE-WAY: components — 12 rows
[2026-05-08T15:40:42.896Z] [SyncDiag] PREPARE-PULL ONE-WAY: jobs — 2 rows
[2026-05-08T15:40:42.896Z] [SyncDiag] PREPARE-PULL ONE-WAY: fleet_groups — 13 rows
[2026-05-08T15:40:42.897Z] [SyncDiag] PREPARE-PULL ONE-WAY: maker_list — 2 rows
[2026-05-08T15:40:42.897Z] [SyncDiag] PREPARE-PULL ONE-WAY: master_lists — 6 rows
[2026-05-08T15:40:42.897Z] [SyncDiag] PREPARE-PULL ONE-WAY: pms_vessel_settings — 1 rows
[2026-05-08T15:40:42.898Z] [SyncDiag] PREPARE-PULL ONE-WAY: ship_certificates_master — 129 rows
[2026-05-08T15:40:42.898Z] [SyncDiag] PREPARE-PULL ONE-WAY: ship_surveys_master — 58 rows
[2026-05-08T15:40:42.899Z] [SyncDiag] PREPARE-PULL ONE-WAY: vessel_certificate_applicability — 71 rows
[2026-05-08T15:40:42.899Z] [SyncDiag] PREPARE-PULL ONE-WAY: vessel_survey_applicability — 35 rows
[2026-05-08T15:44:23.581Z] [SyncDiag] RECEIVE-PUSH START: batch=119878de-cdc8-4370-8775-f6fa85dde6fa, vessel=7446783c-841a-11ed-aa7c-7003bca91a86, fieldLogs=15, oneWayRows=0
[2026-05-08T15:44:23.623Z] [SyncDiag] RECEIVE-PUSH: 15 field logs stored in sync_field_log
[2026-05-08T15:44:23.624Z] [SyncDiag] FIELD-LOG-INSERT START: 15 logs
[2026-05-08T15:44:23.624Z] [SyncDiag] FIELD-LOG-INSERT: 1 groups from 15 logs
[2026-05-08T15:44:23.676Z] [SyncDiag] FIELD-LOG-INSERT DONE: inserted=0, updatePassthrough=0, errors=1
[2026-05-08T15:44:23.683Z] [SyncDiag] RECEIVE-PUSH DONE: stored=15, applied=0, errors=1, oneWayTables=0
[2026-05-08T15:44:23.691Z] [SyncDiag] PREPARE-PULL START: vessel=7446783c-841a-11ed-aa7c-7003bca91a86, vesselCode=null, checkpoint=2026-05-04T11:18:08.589Z
[2026-05-08T15:44:24.004Z] [SyncDiag] PREPARE-PULL FIELD LOGS: 0 shore logs for vessel
[2026-05-08T15:44:24.085Z] [SyncDiag] PREPARE-PULL DONE: 329 one-way rows across 10 tables, 0 field logs, 0 conflicts
[2026-05-08T15:44:24.086Z] [SyncDiag] PREPARE-PULL ONE-WAY: components — 12 rows
[2026-05-08T15:44:24.086Z] [SyncDiag] PREPARE-PULL ONE-WAY: jobs — 2 rows
[2026-05-08T15:44:24.087Z] [SyncDiag] PREPARE-PULL ONE-WAY: fleet_groups — 13 rows
[2026-05-08T15:44:24.087Z] [SyncDiag] PREPARE-PULL ONE-WAY: maker_list — 2 rows
[2026-05-08T15:44:24.087Z] [SyncDiag] PREPARE-PULL ONE-WAY: master_lists — 6 rows
[2026-05-08T15:44:24.088Z] [SyncDiag] PREPARE-PULL ONE-WAY: pms_vessel_settings — 1 rows
[2026-05-08T15:44:24.088Z] [SyncDiag] PREPARE-PULL ONE-WAY: ship_certificates_master — 129 rows
[2026-05-08T15:44:24.089Z] [SyncDiag] PREPARE-PULL ONE-WAY: ship_surveys_master — 58 rows
[2026-05-08T15:44:24.089Z] [SyncDiag] PREPARE-PULL ONE-WAY: vessel_certificate_applicability — 71 rows
[2026-05-08T15:44:24.089Z] [SyncDiag] PREPARE-PULL ONE-WAY: vessel_survey_applicability — 35 rows
