[2026-05-24T05:27:14.183Z] [SyncDiag] RECEIVE-PUSH START: batch=0f6a8e4a-d663-49a7-ba9f-bcd1ce75f0b5, vessel=7446783c-841a-11ed-aa7c-7003bca91a86, fieldLogs=0, oneWayRows=0
[2026-05-24T05:27:14.190Z] [SyncDiag] RECEIVE-PUSH DONE: stored=0, applied=0, errors=0, oneWayTables=0
[2026-05-24T05:27:16.227Z] [SyncDiag] PREPARE-PULL START: vessel=7446783c-841a-11ed-aa7c-7003bca91a86, vesselCode=null, checkpoint=2026-05-23T23:27:16.774Z, shoreInstanceId=SHORE-PROD
[2026-05-24T05:27:16.452Z] [SyncDiag] PREPARE-PULL DIAG: vessel=7446783c-841a-11ed-aa7c-7003bca91a86 total_logs=65510 unsynced=0 after_instance_filter=0 exclude=SHIP-Vessel 5 since=2026-05-23T23:27:16.774Z instances=[]
[2026-05-24T05:27:16.454Z] [SyncDiag] PREPARE-PULL FIELD LOGS: 0 shore logs for vessel=7446783c-841a-11ed-aa7c-7003bca91a86 (excluded instance=SHIP-Vessel 5)
[2026-05-24T05:27:16.658Z] [SyncDiag] PREPARE-PULL DONE: 0 one-way rows across 0 tables, 0 field logs, 0 conflicts
[2026-05-24T05:27:16.668Z] [SyncDiag] COMPLETE-SESSION: marking shore logs synced for vessel=7446783c-841a-11ed-aa7c-7003bca91a86 checkpointBefore=2026-05-23T23:27:16.774Z excludeInstance=SHIP-Vessel 5
[2026-05-24T05:27:16.741Z] [SyncDiag] PREPARE-PULL DIAG: vessel=7446783c-841a-11ed-aa7c-7003bca91a86 total_logs=65510 unsynced=0 after_instance_filter=0 exclude=SHIP-Vessel 5 since=2026-05-23T23:27:16.774Z instances=[]
[2026-05-24T05:27:16.742Z] [SyncDiag] COMPLETE-SESSION: found 0 shore logs to mark synced
[2026-05-24T05:27:16.948Z] [SyncDiag] COMPLETE-SESSION: found 0 ship logs to mark synced
[2026-05-24T11:27:14.051Z] [SyncDiag] RECEIVE-PUSH START: batch=1bc02fd3-f68a-4e53-8ffd-3dbb7cdb89ab, vessel=7446783c-841a-11ed-aa7c-7003bca91a86, fieldLogs=0, oneWayRows=0
[2026-05-24T11:27:14.059Z] [SyncDiag] RECEIVE-PUSH DONE: stored=0, applied=0, errors=0, oneWayTables=0
[2026-05-24T11:27:16.108Z] [SyncDiag] PREPARE-PULL START: vessel=7446783c-841a-11ed-aa7c-7003bca91a86, vesselCode=null, checkpoint=2026-05-24T05:27:16.666Z, shoreInstanceId=SHORE-PROD
[2026-05-24T11:27:16.335Z] [SyncDiag] PREPARE-PULL DIAG: vessel=7446783c-841a-11ed-aa7c-7003bca91a86 total_logs=65510 unsynced=0 after_instance_filter=0 exclude=SHIP-Vessel 5 since=2026-05-24T05:27:16.666Z instances=[]
[2026-05-24T11:27:16.336Z] [SyncDiag] PREPARE-PULL FIELD LOGS: 0 shore logs for vessel=7446783c-841a-11ed-aa7c-7003bca91a86 (excluded instance=SHIP-Vessel 5)
[2026-05-24T11:27:16.538Z] [SyncDiag] PREPARE-PULL DONE: 0 one-way rows across 0 tables, 0 field logs, 0 conflicts
[2026-05-24T11:27:16.547Z] [SyncDiag] COMPLETE-SESSION: marking shore logs synced for vessel=7446783c-841a-11ed-aa7c-7003bca91a86 checkpointBefore=2026-05-24T05:27:16.666Z excludeInstance=SHIP-Vessel 5
[2026-05-24T11:27:16.620Z] [SyncDiag] PREPARE-PULL DIAG: vessel=7446783c-841a-11ed-aa7c-7003bca91a86 total_logs=65510 unsynced=0 after_instance_filter=0 exclude=SHIP-Vessel 5 since=2026-05-24T05:27:16.666Z instances=[]
[2026-05-24T11:27:16.621Z] [SyncDiag] COMPLETE-SESSION: found 0 shore logs to mark synced
[2026-05-24T11:27:16.823Z] [SyncDiag] COMPLETE-SESSION: found 0 ship logs to mark synced
[2026-05-24T17:27:14.062Z] [SyncDiag] RECEIVE-PUSH START: batch=f58e6243-e187-4175-9f68-cb60f132eb25, vessel=7446783c-841a-11ed-aa7c-7003bca91a86, fieldLogs=0, oneWayRows=0
[2026-05-24T17:27:14.070Z] [SyncDiag] RECEIVE-PUSH DONE: stored=0, applied=0, errors=0, oneWayTables=0
[2026-05-24T17:27:16.098Z] [SyncDiag] PREPARE-PULL START: vessel=7446783c-841a-11ed-aa7c-7003bca91a86, vesselCode=null, checkpoint=2026-05-24T11:27:16.546Z, shoreInstanceId=SHORE-PROD
[2026-05-24T17:27:16.450Z] [SyncDiag] PREPARE-PULL DIAG: vessel=7446783c-841a-11ed-aa7c-7003bca91a86 total_logs=65510 unsynced=0 after_instance_filter=0 exclude=SHIP-Vessel 5 since=2026-05-24T11:27:16.546Z instances=[]
[2026-05-24T17:27:16.450Z] [SyncDiag] PREPARE-PULL FIELD LOGS: 0 shore logs for vessel=7446783c-841a-11ed-aa7c-7003bca91a86 (excluded instance=SHIP-Vessel 5)
[2026-05-24T17:27:17.459Z] [SyncDiag] PREPARE-PULL DONE: 0 one-way rows across 0 tables, 0 field logs, 0 conflicts
[2026-05-24T17:27:17.475Z] [SyncDiag] COMPLETE-SESSION: marking shore logs synced for vessel=7446783c-841a-11ed-aa7c-7003bca91a86 checkpointBefore=2026-05-24T11:27:16.546Z excludeInstance=SHIP-Vessel 5
[2026-05-24T17:27:17.549Z] [SyncDiag] PREPARE-PULL DIAG: vessel=7446783c-841a-11ed-aa7c-7003bca91a86 total_logs=65510 unsynced=0 after_instance_filter=0 exclude=SHIP-Vessel 5 since=2026-05-24T11:27:16.546Z instances=[]
[2026-05-24T17:27:17.550Z] [SyncDiag] COMPLETE-SESSION: found 0 shore logs to mark synced
[2026-05-24T17:27:18.005Z] [SyncDiag] COMPLETE-SESSION: found 0 ship logs to mark synced
[2026-05-24T23:27:13.698Z] [SyncDiag] RECEIVE-PUSH START: batch=b1167c1a-b409-44bc-b568-e4bd279d7ff6, vessel=7446783c-841a-11ed-aa7c-7003bca91a86, fieldLogs=0, oneWayRows=0
[2026-05-24T23:27:13.705Z] [SyncDiag] RECEIVE-PUSH DONE: stored=0, applied=0, errors=0, oneWayTables=0
[2026-05-24T23:27:15.728Z] [SyncDiag] PREPARE-PULL START: vessel=7446783c-841a-11ed-aa7c-7003bca91a86, vesselCode=null, checkpoint=2026-05-24T17:27:17.474Z, shoreInstanceId=SHORE-PROD
[2026-05-24T23:27:15.948Z] [SyncDiag] PREPARE-PULL DIAG: vessel=7446783c-841a-11ed-aa7c-7003bca91a86 total_logs=65510 unsynced=0 after_instance_filter=0 exclude=SHIP-Vessel 5 since=2026-05-24T17:27:17.474Z instances=[]
[2026-05-24T23:27:15.949Z] [SyncDiag] PREPARE-PULL FIELD LOGS: 0 shore logs for vessel=7446783c-841a-11ed-aa7c-7003bca91a86 (excluded instance=SHIP-Vessel 5)
[2026-05-24T23:27:16.150Z] [SyncDiag] PREPARE-PULL DONE: 0 one-way rows across 0 tables, 0 field logs, 0 conflicts
[2026-05-24T23:27:16.166Z] [SyncDiag] COMPLETE-SESSION: marking shore logs synced for vessel=7446783c-841a-11ed-aa7c-7003bca91a86 checkpointBefore=2026-05-24T17:27:17.474Z excludeInstance=SHIP-Vessel 5
[2026-05-24T23:27:16.235Z] [SyncDiag] PREPARE-PULL DIAG: vessel=7446783c-841a-11ed-aa7c-7003bca91a86 total_logs=65510 unsynced=0 after_instance_filter=0 exclude=SHIP-Vessel 5 since=2026-05-24T17:27:17.474Z instances=[]
[2026-05-24T23:27:16.236Z] [SyncDiag] COMPLETE-SESSION: found 0 shore logs to mark synced
[2026-05-24T23:27:16.427Z] [SyncDiag] COMPLETE-SESSION: found 0 ship logs to mark synced
