[2026-05-17T00:00:21.805Z] [SyncDiag] FIELD-LOGGER: work_orders row=78618a79-7727-40b9-9393-835f9b72d3d8 — 1 fields changed, isInsert=false, vesselId=74481b72-841a-11ed-aa7c-7003bca91a86, instanceId=SHORE-PROD
[2026-05-17T00:00:21.815Z] [SyncDiag] FIELD-LOGGER: work_orders row=a8c15f2f-281d-41ef-87db-a30c55af470d — 1 fields changed, isInsert=false, vesselId=74481b72-841a-11ed-aa7c-7003bca91a86, instanceId=SHORE-PROD
[2026-05-17T00:00:21.825Z] [SyncDiag] FIELD-LOGGER: work_orders row=12b13cf4-7c73-47de-afc7-c8fb63ad7588 — 1 fields changed, isInsert=false, vesselId=7cb64519-6008-4189-820e-4b2e1f74504e, instanceId=SHORE-PROD
[2026-05-17T00:00:21.835Z] [SyncDiag] FIELD-LOGGER: work_orders row=5cb40c4e-c9f5-450d-a830-a5010aa8acad — 1 fields changed, isInsert=false, vesselId=7cb64519-6008-4189-820e-4b2e1f74504e, instanceId=SHORE-PROD
[2026-05-17T00:00:21.842Z] [SyncDiag] FIELD-LOGGER: work_orders row=a5701f26-07f2-441a-9697-36aaf2c793a4 — 1 fields changed, isInsert=false, vesselId=7cb64519-6008-4189-820e-4b2e1f74504e, instanceId=SHORE-PROD
[2026-05-17T05:27:22.953Z] [SyncDiag] RECEIVE-PUSH START: batch=3e52beb5-eae3-4b6b-a38e-871fd6e67185, vessel=7446783c-841a-11ed-aa7c-7003bca91a86, fieldLogs=0, oneWayRows=0
[2026-05-17T05:27:22.960Z] [SyncDiag] RECEIVE-PUSH DONE: stored=0, applied=0, errors=0, oneWayTables=0
[2026-05-17T05:27:25.012Z] [SyncDiag] PREPARE-PULL START: vessel=7446783c-841a-11ed-aa7c-7003bca91a86, vesselCode=null, checkpoint=2026-05-16T23:27:25.923Z, shoreInstanceId=SHORE-PROD
[2026-05-17T05:27:25.550Z] [SyncDiag] PREPARE-PULL DIAG: vessel=7446783c-841a-11ed-aa7c-7003bca91a86 total_logs=65480 unsynced=0 after_instance_filter=0 exclude=SHIP-Vessel 5 since=2026-05-16T23:27:25.923Z instances=[]
[2026-05-17T05:27:25.551Z] [SyncDiag] PREPARE-PULL FIELD LOGS: 0 shore logs for vessel=7446783c-841a-11ed-aa7c-7003bca91a86 (excluded instance=SHIP-Vessel 5)
[2026-05-17T05:27:25.757Z] [SyncDiag] PREPARE-PULL DONE: 0 one-way rows across 0 tables, 0 field logs, 0 conflicts
[2026-05-17T05:27:25.766Z] [SyncDiag] COMPLETE-SESSION: marking shore logs synced for vessel=7446783c-841a-11ed-aa7c-7003bca91a86 checkpointBefore=2026-05-16T23:27:25.923Z excludeInstance=SHIP-Vessel 5
[2026-05-17T05:27:25.841Z] [SyncDiag] PREPARE-PULL DIAG: vessel=7446783c-841a-11ed-aa7c-7003bca91a86 total_logs=65480 unsynced=0 after_instance_filter=0 exclude=SHIP-Vessel 5 since=2026-05-16T23:27:25.923Z instances=[]
[2026-05-17T05:27:25.842Z] [SyncDiag] COMPLETE-SESSION: found 0 shore logs to mark synced
[2026-05-17T05:27:26.034Z] [SyncDiag] COMPLETE-SESSION: found 0 ship logs to mark synced
[2026-05-17T11:27:24.878Z] [SyncDiag] RECEIVE-PUSH START: batch=927c0540-e9e0-4a23-98eb-38dbe9071bd1, vessel=7446783c-841a-11ed-aa7c-7003bca91a86, fieldLogs=0, oneWayRows=0
[2026-05-17T11:27:24.890Z] [SyncDiag] RECEIVE-PUSH DONE: stored=0, applied=0, errors=0, oneWayTables=0
[2026-05-17T11:27:24.913Z] [SyncDiag] PREPARE-PULL START: vessel=7446783c-841a-11ed-aa7c-7003bca91a86, vesselCode=null, checkpoint=2026-05-17T05:27:25.764Z, shoreInstanceId=SHORE-PROD
[2026-05-17T11:27:25.188Z] [SyncDiag] PREPARE-PULL DIAG: vessel=7446783c-841a-11ed-aa7c-7003bca91a86 total_logs=65480 unsynced=0 after_instance_filter=0 exclude=SHIP-Vessel 5 since=2026-05-17T05:27:25.764Z instances=[]
[2026-05-17T11:27:25.188Z] [SyncDiag] PREPARE-PULL FIELD LOGS: 0 shore logs for vessel=7446783c-841a-11ed-aa7c-7003bca91a86 (excluded instance=SHIP-Vessel 5)
[2026-05-17T11:27:25.399Z] [SyncDiag] PREPARE-PULL DONE: 0 one-way rows across 0 tables, 0 field logs, 0 conflicts
[2026-05-17T11:27:25.409Z] [SyncDiag] COMPLETE-SESSION: marking shore logs synced for vessel=7446783c-841a-11ed-aa7c-7003bca91a86 checkpointBefore=2026-05-17T05:27:25.764Z excludeInstance=SHIP-Vessel 5
[2026-05-17T11:27:25.495Z] [SyncDiag] PREPARE-PULL DIAG: vessel=7446783c-841a-11ed-aa7c-7003bca91a86 total_logs=65480 unsynced=0 after_instance_filter=0 exclude=SHIP-Vessel 5 since=2026-05-17T05:27:25.764Z instances=[]
[2026-05-17T11:27:25.496Z] [SyncDiag] COMPLETE-SESSION: found 0 shore logs to mark synced
[2026-05-17T11:27:25.691Z] [SyncDiag] COMPLETE-SESSION: found 0 ship logs to mark synced
[2026-05-17T17:27:22.496Z] [SyncDiag] RECEIVE-PUSH START: batch=d03f688f-6bb4-4e06-a99d-ae7c1d310028, vessel=7446783c-841a-11ed-aa7c-7003bca91a86, fieldLogs=0, oneWayRows=0
[2026-05-17T17:27:22.503Z] [SyncDiag] RECEIVE-PUSH DONE: stored=0, applied=0, errors=0, oneWayTables=0
[2026-05-17T17:27:24.585Z] [SyncDiag] PREPARE-PULL START: vessel=7446783c-841a-11ed-aa7c-7003bca91a86, vesselCode=null, checkpoint=2026-05-17T11:27:25.408Z, shoreInstanceId=SHORE-PROD
[2026-05-17T17:27:24.842Z] [SyncDiag] PREPARE-PULL DIAG: vessel=7446783c-841a-11ed-aa7c-7003bca91a86 total_logs=65480 unsynced=0 after_instance_filter=0 exclude=SHIP-Vessel 5 since=2026-05-17T11:27:25.408Z instances=[]
[2026-05-17T17:27:24.843Z] [SyncDiag] PREPARE-PULL FIELD LOGS: 0 shore logs for vessel=7446783c-841a-11ed-aa7c-7003bca91a86 (excluded instance=SHIP-Vessel 5)
[2026-05-17T17:27:25.053Z] [SyncDiag] PREPARE-PULL DONE: 0 one-way rows across 0 tables, 0 field logs, 0 conflicts
[2026-05-17T17:27:25.064Z] [SyncDiag] COMPLETE-SESSION: marking shore logs synced for vessel=7446783c-841a-11ed-aa7c-7003bca91a86 checkpointBefore=2026-05-17T11:27:25.408Z excludeInstance=SHIP-Vessel 5
[2026-05-17T17:27:25.150Z] [SyncDiag] PREPARE-PULL DIAG: vessel=7446783c-841a-11ed-aa7c-7003bca91a86 total_logs=65480 unsynced=0 after_instance_filter=0 exclude=SHIP-Vessel 5 since=2026-05-17T11:27:25.408Z instances=[]
[2026-05-17T17:27:25.151Z] [SyncDiag] COMPLETE-SESSION: found 0 shore logs to mark synced
[2026-05-17T17:27:25.348Z] [SyncDiag] COMPLETE-SESSION: found 0 ship logs to mark synced
[2026-05-17T23:27:22.149Z] [SyncDiag] RECEIVE-PUSH START: batch=b2e1cc3e-beb7-4e44-8536-a03ee4fa0b6a, vessel=7446783c-841a-11ed-aa7c-7003bca91a86, fieldLogs=0, oneWayRows=0
[2026-05-17T23:27:22.156Z] [SyncDiag] RECEIVE-PUSH DONE: stored=0, applied=0, errors=0, oneWayTables=0
[2026-05-17T23:27:24.179Z] [SyncDiag] PREPARE-PULL START: vessel=7446783c-841a-11ed-aa7c-7003bca91a86, vesselCode=null, checkpoint=2026-05-17T17:27:25.063Z, shoreInstanceId=SHORE-PROD
[2026-05-17T23:27:24.395Z] [SyncDiag] PREPARE-PULL DIAG: vessel=7446783c-841a-11ed-aa7c-7003bca91a86 total_logs=65480 unsynced=0 after_instance_filter=0 exclude=SHIP-Vessel 5 since=2026-05-17T17:27:25.063Z instances=[]
[2026-05-17T23:27:24.396Z] [SyncDiag] PREPARE-PULL FIELD LOGS: 0 shore logs for vessel=7446783c-841a-11ed-aa7c-7003bca91a86 (excluded instance=SHIP-Vessel 5)
[2026-05-17T23:27:24.606Z] [SyncDiag] PREPARE-PULL DONE: 0 one-way rows across 0 tables, 0 field logs, 0 conflicts
[2026-05-17T23:27:24.615Z] [SyncDiag] COMPLETE-SESSION: marking shore logs synced for vessel=7446783c-841a-11ed-aa7c-7003bca91a86 checkpointBefore=2026-05-17T17:27:25.063Z excludeInstance=SHIP-Vessel 5
[2026-05-17T23:27:24.686Z] [SyncDiag] PREPARE-PULL DIAG: vessel=7446783c-841a-11ed-aa7c-7003bca91a86 total_logs=65480 unsynced=0 after_instance_filter=0 exclude=SHIP-Vessel 5 since=2026-05-17T17:27:25.063Z instances=[]
[2026-05-17T23:27:24.687Z] [SyncDiag] COMPLETE-SESSION: found 0 shore logs to mark synced
[2026-05-17T23:27:24.883Z] [SyncDiag] COMPLETE-SESSION: found 0 ship logs to mark synced
