##### ag-base #####
index set 'ag-base': 25 files in /app/documents; tier=agentic version=latest fresh=False dry_run=False
> Audit - Fleet Sharing Manual- Office_R1_30.06.2026.pdf [audit/pdf]
   on-disk LlamaParse result for Audit - Fleet Sharing Manual- Office_R1_30.06.2026.pdf (Audit - Fleet Sharing Manual- Office_R1_30.06.2026__0858e1042dbb5109d9956359.result.json)
> Audit - Fleet Sharing Manual- Vessel_R1_30.06.2026.pdf [audit/pdf]
   on-disk LlamaParse result for Audit - Fleet Sharing Manual- Vessel_R1_30.06.2026.pdf (Audit - Fleet Sharing Manual- Vessel_R1_30.06.2026__11cc2435680a37ee4b43d77b.result.json)
> Audit - History Manual_R1_30.06.2026.pdf [audit/pdf]
   on-disk LlamaParse result for Audit - History Manual_R1_30.06.2026.pdf (Audit - History Manual_R1_30.06.2026__8a2866304664c301de9b2eb2.result.json)
> Audit - Preparation Manual_Office_R1_30.06.2026.pdf [audit/pdf]
   on-disk LlamaParse result for Audit - Preparation Manual_Office_R1_30.06.2026.pdf (Audit - Preparation Manual_Office_R1_30.06.2026__ab06e075c3af97e15b881901.result.json)
> Crewing - Crewing User Manual R2_10.06.2026.pdf [crewing/pdf]
   on-disk LlamaParse result for Crewing - Crewing User Manual R2_10.06.2026.pdf (Crewing - Crewing User Manual R2_10.06.2026__1161879a874c6be57ec1a0bf.result.json)
> Incident - Fleet Notification User Manual_Vessel_ R0_20.03.2026.pdf [incident/pdf]
   on-disk LlamaParse result for Incident - Fleet Notification User Manual_Vessel_ R0_20.03.2026.pdf (Incident - Fleet Notification User Manual_Vessel_ R0_20.03.2026__dfbfb2d76c8a5b2ee4093275.result.json)
> Incident - Incident User Manual R0_20.05.2026.pdf [incident/pdf]
   on-disk LlamaParse result for Incident - Incident User Manual R0_20.05.2026.pdf (Incident - Incident User Manual R0_20.05.2026__044ff304e806b16326a3f17c.result.json)
> Incident - Lesson Learnt User Manual_Vessel_R0_30.05.2026.pdf [incident/pdf]
   on-disk LlamaParse result for Incident - Lesson Learnt User Manual_Vessel_R0_30.05.2026.pdf (Incident - Lesson Learnt User Manual_Vessel_R0_30.05.2026__18ccad07d10a15fc593b4a16.result.json)
> Incident - Near Miss User Manual R1_30.05.2026.pdf [incident/pdf]
   on-disk LlamaParse result for Incident - Near Miss User Manual R1_30.05.2026.pdf (Incident - Near Miss User Manual R1_30.05.2026__fa8a7cf5ef278e680762e90d.result.json)
> Safety - MOC User Manual_Office_R0_31.03.2026.pdf [safety/pdf]
   on-disk LlamaParse result for Safety - MOC User Manual_Office_R0_31.03.2026.pdf (Safety - MOC User Manual_Office_R0_31.03.2026__a1e18dcfdd56fc91c60cc556.result.json)
> Safety - MOC User Manual_Vessel_R0_31.03.2026.pdf [safety/pdf]
   on-disk LlamaParse result for Safety - MOC User Manual_Vessel_R0_31.03.2026.pdf (Safety - MOC User Manual_Vessel_R0_31.03.2026__cb2f0b1556e3abd74e5b273f.result.json)
> Safety - Master Review Manual R1_10.06.2026.pdf [safety/pdf]
   on-disk LlamaParse result for Safety - Master Review Manual R1_10.06.2026.pdf (Safety - Master Review Manual R1_10.06.2026__83ef197a83d14d67594bc2cb.result.json)
> Safety - Risk Assessment User Manual_Office_R1_30.05.2026.pdf [safety/pdf]
   on-disk LlamaParse result for Safety - Risk Assessment User Manual_Office_R1_30.05.2026.pdf (Safety - Risk Assessment User Manual_Office_R1_30.05.2026__3e020b39839dc48c894cb922.result.json)
> Safety - Risk Assessment User Manual_Vessel_R1_30.05.2026.pdf [safety/pdf]
   on-disk LlamaParse result for Safety - Risk Assessment User Manual_Vessel_R1_30.05.2026.pdf (Safety - Risk Assessment User Manual_Vessel_R1_30.05.2026__d90f7c31a80106496393bb47.result.json)
> Safety - SMS User Manual_Office_R0_31.01.2026.pdf [safety/pdf]
   on-disk LlamaParse result for Safety - SMS User Manual_Office_R0_31.01.2026.pdf (Safety - SMS User Manual_Office_R0_31.01.2026__5d3dd854841de57a537a9ca1.result.json)
> Safety - Safety Meeting User Manual_R1_31.05.2026.pdf [safety/pdf]
   on-disk LlamaParse result for Safety - Safety Meeting User Manual_R1_31.05.2026.pdf (Safety - Safety Meeting User Manual_R1_31.05.2026__2b914a1e42aaddf4c5350667.result.json)
> Technical - Bulk Data Import (Operational) User Manual.docx [technical/docx]
   on-disk LlamaParse result for Technical - Bulk Data Import (Operational) User Manual.docx (Technical - Bulk Data Import (Operational) User Manual__d3578f15ae51b3420c883d15.result.json)
> Technical - Cert. & Surveys User Manual For Office_Sail Admin_R2_08.06.2026.pdf [technical/pdf]
   on-disk LlamaParse result for Technical - Cert. & Surveys User Manual For Office_Sail Admin_R2_08.06.2026.pdf (Technical - Cert. & Surveys User Manual For Office_Sail Admin_R2_08.06.2026__16703fd5add37f5912c2c061.result.json)
> Technical - Defects User Manual For Office_Sail Admin_R2_13.06.2026.pdf [technical/pdf]
   on-disk LlamaParse result for Technical - Defects User Manual For Office_Sail Admin_R2_13.06.2026.pdf (Technical - Defects User Manual For Office_Sail Admin_R2_13.06.2026__0670ae7f4384fb0370029fad.result.json)
> Technical - PMS User Manual For Office_Sail Admin_R2_08.06.2026.pdf [technical/pdf]
   on-disk LlamaParse result for Technical - PMS User Manual For Office_Sail Admin_R2_08.06.2026.pdf (Technical - PMS User Manual For Office_Sail Admin_R2_08.06.2026__bddf481b5ee87f4e87c92ee5.result.json)
> Technical - PMS User Manual_Vessel Specific_R3_08.07.2026.pdf [technical/pdf]
   on-disk LlamaParse result for Technical - PMS User Manual_Vessel Specific_R3_08.07.2026.pdf (Technical - PMS User Manual_Vessel Specific_R3_08.07.2026__6d5d4a02a44d7bd03582624e.result.json)
> Technical - Recent Updates & Changed Behaviours (Operational) Notes.docx [technical/docx]
   on-disk LlamaParse result for Technical - Recent Updates & Changed Behaviours (Operational) Notes.docx (Technical - Recent Updates & Changed Behaviours (Operational) Notes__c77617fbd281a4f481421f04.result.json)
> Technical - Roles & Permissions (Operational) User Manual.docx [technical/docx]
   on-disk LlamaParse result for Technical - Roles & Permissions (Operational) User Manual.docx (Technical - Roles & Permissions (Operational) User Manual__f95cec6642dd4e77417d432c.result.json)
> Technical - Ship-Side (Vessel Crew) Operational Notes.docx [technical/docx]
   on-disk LlamaParse result for Technical - Ship-Side (Vessel Crew) Operational Notes.docx (Technical - Ship-Side (Vessel Crew) Operational Notes__614c9227d7fb12abaf9ba487.result.json)
> Technical - Sync (Operational) User Manual.docx [technical/docx]
   on-disk LlamaParse result for Technical - Sync (Operational) User Manual.docx (Technical - Sync (Operational) User Manual__c64de98b531822bcf096ea02.result.json)
index set 'ag-base' now holds 907 chunks across 25 documents
DONE
##### ag-clean #####
index set 'ag-clean': 25 files in /app/documents; tier=agentic version=latest fresh=False dry_run=False
> Audit - Fleet Sharing Manual- Office_R1_30.06.2026.pdf [audit/pdf]
   accepted parse from the parse store (key b5252752ffc1…) — parser not called
> Audit - Fleet Sharing Manual- Vessel_R1_30.06.2026.pdf [audit/pdf]
   accepted parse from the parse store (key c2494d2156bc…) — parser not called
> Audit - History Manual_R1_30.06.2026.pdf [audit/pdf]
   accepted parse from the parse store (key efe75238c622…) — parser not called
> Audit - Preparation Manual_Office_R1_30.06.2026.pdf [audit/pdf]
   accepted parse from the parse store (key 35a2d511a21a…) — parser not called
> Crewing - Crewing User Manual R2_10.06.2026.pdf [crewing/pdf]
   accepted parse from the parse store (key e6149f9b2aab…) — parser not called
> Incident - Fleet Notification User Manual_Vessel_ R0_20.03.2026.pdf [incident/pdf]
   accepted parse from the parse store (key 3201171579f4…) — parser not called
> Incident - Incident User Manual R0_20.05.2026.pdf [incident/pdf]
   accepted parse from the parse store (key ceb3e31b6e6e…) — parser not called
> Incident - Lesson Learnt User Manual_Vessel_R0_30.05.2026.pdf [incident/pdf]
   accepted parse from the parse store (key 525ce802dbcc…) — parser not called
> Incident - Near Miss User Manual R1_30.05.2026.pdf [incident/pdf]
   accepted parse from the parse store (key 5cd0d392035a…) — parser not called
> Safety - MOC User Manual_Office_R0_31.03.2026.pdf [safety/pdf]
   accepted parse from the parse store (key ab160ffe1a14…) — parser not called
> Safety - MOC User Manual_Vessel_R0_31.03.2026.pdf [safety/pdf]
   accepted parse from the parse store (key a10cd79a2fa5…) — parser not called
> Safety - Master Review Manual R1_10.06.2026.pdf [safety/pdf]
   accepted parse from the parse store (key 16a8d99022a9…) — parser not called
> Safety - Risk Assessment User Manual_Office_R1_30.05.2026.pdf [safety/pdf]
   accepted parse from the parse store (key 70475a998ceb…) — parser not called
> Safety - Risk Assessment User Manual_Vessel_R1_30.05.2026.pdf [safety/pdf]
   accepted parse from the parse store (key a3e1ab92590d…) — parser not called
> Safety - SMS User Manual_Office_R0_31.01.2026.pdf [safety/pdf]
   accepted parse from the parse store (key 182b93c99791…) — parser not called
> Safety - Safety Meeting User Manual_R1_31.05.2026.pdf [safety/pdf]
   accepted parse from the parse store (key 2fbae044792f…) — parser not called
> Technical - Bulk Data Import (Operational) User Manual.docx [technical/docx]
   accepted parse from the parse store (key ba200e864d3c…) — parser not called
> Technical - Cert. & Surveys User Manual For Office_Sail Admin_R2_08.06.2026.pdf [technical/pdf]
   accepted parse from the parse store (key c4c026beb21b…) — parser not called
> Technical - Defects User Manual For Office_Sail Admin_R2_13.06.2026.pdf [technical/pdf]
   accepted parse from the parse store (key 996227bf0fff…) — parser not called
> Technical - PMS User Manual For Office_Sail Admin_R2_08.06.2026.pdf [technical/pdf]
   accepted parse from the parse store (key ef0e35d1df7f…) — parser not called
> Technical - PMS User Manual_Vessel Specific_R3_08.07.2026.pdf [technical/pdf]
   accepted parse from the parse store (key c93598108979…) — parser not called
> Technical - Recent Updates & Changed Behaviours (Operational) Notes.docx [technical/docx]
   accepted parse from the parse store (key 6a93bd238306…) — parser not called
> Technical - Roles & Permissions (Operational) User Manual.docx [technical/docx]
   accepted parse from the parse store (key 97a3fedab09b…) — parser not called
> Technical - Ship-Side (Vessel Crew) Operational Notes.docx [technical/docx]
   accepted parse from the parse store (key 69857b38989d…) — parser not called
> Technical - Sync (Operational) User Manual.docx [technical/docx]
   accepted parse from the parse store (key 083e08c13944…) — parser not called
index set 'ag-clean' now holds 769 chunks across 25 documents
DONE
##### ag-xref #####
index set 'ag-xref': 25 files in /app/documents; tier=agentic version=latest fresh=False dry_run=False
> Audit - Fleet Sharing Manual- Office_R1_30.06.2026.pdf [audit/pdf]
   accepted parse from the parse store (key b5252752ffc1…) — parser not called
> Audit - Fleet Sharing Manual- Vessel_R1_30.06.2026.pdf [audit/pdf]
   accepted parse from the parse store (key c2494d2156bc…) — parser not called
> Audit - History Manual_R1_30.06.2026.pdf [audit/pdf]
   accepted parse from the parse store (key efe75238c622…) — parser not called
> Audit - Preparation Manual_Office_R1_30.06.2026.pdf [audit/pdf]
   accepted parse from the parse store (key 35a2d511a21a…) — parser not called
> Crewing - Crewing User Manual R2_10.06.2026.pdf [crewing/pdf]
   accepted parse from the parse store (key e6149f9b2aab…) — parser not called
> Incident - Fleet Notification User Manual_Vessel_ R0_20.03.2026.pdf [incident/pdf]
   accepted parse from the parse store (key 3201171579f4…) — parser not called
> Incident - Incident User Manual R0_20.05.2026.pdf [incident/pdf]
   accepted parse from the parse store (key ceb3e31b6e6e…) — parser not called
> Incident - Lesson Learnt User Manual_Vessel_R0_30.05.2026.pdf [incident/pdf]
   accepted parse from the parse store (key 525ce802dbcc…) — parser not called
> Incident - Near Miss User Manual R1_30.05.2026.pdf [incident/pdf]
   accepted parse from the parse store (key 5cd0d392035a…) — parser not called
> Safety - MOC User Manual_Office_R0_31.03.2026.pdf [safety/pdf]
   accepted parse from the parse store (key ab160ffe1a14…) — parser not called
> Safety - MOC User Manual_Vessel_R0_31.03.2026.pdf [safety/pdf]
   accepted parse from the parse store (key a10cd79a2fa5…) — parser not called
> Safety - Master Review Manual R1_10.06.2026.pdf [safety/pdf]
   accepted parse from the parse store (key 16a8d99022a9…) — parser not called
> Safety - Risk Assessment User Manual_Office_R1_30.05.2026.pdf [safety/pdf]
   accepted parse from the parse store (key 70475a998ceb…) — parser not called
> Safety - Risk Assessment User Manual_Vessel_R1_30.05.2026.pdf [safety/pdf]
   accepted parse from the parse store (key a3e1ab92590d…) — parser not called
> Safety - SMS User Manual_Office_R0_31.01.2026.pdf [safety/pdf]
   accepted parse from the parse store (key 182b93c99791…) — parser not called
> Safety - Safety Meeting User Manual_R1_31.05.2026.pdf [safety/pdf]
   accepted parse from the parse store (key 2fbae044792f…) — parser not called
> Technical - Bulk Data Import (Operational) User Manual.docx [technical/docx]
   accepted parse from the parse store (key ba200e864d3c…) — parser not called
> Technical - Cert. & Surveys User Manual For Office_Sail Admin_R2_08.06.2026.pdf [technical/pdf]
   accepted parse from the parse store (key c4c026beb21b…) — parser not called
> Technical - Defects User Manual For Office_Sail Admin_R2_13.06.2026.pdf [technical/pdf]
   accepted parse from the parse store (key 996227bf0fff…) — parser not called
> Technical - PMS User Manual For Office_Sail Admin_R2_08.06.2026.pdf [technical/pdf]
   accepted parse from the parse store (key ef0e35d1df7f…) — parser not called
> Technical - PMS User Manual_Vessel Specific_R3_08.07.2026.pdf [technical/pdf]
   accepted parse from the parse store (key c93598108979…) — parser not called
> Technical - Recent Updates & Changed Behaviours (Operational) Notes.docx [technical/docx]
   accepted parse from the parse store (key 6a93bd238306…) — parser not called
> Technical - Roles & Permissions (Operational) User Manual.docx [technical/docx]
   accepted parse from the parse store (key 97a3fedab09b…) — parser not called
> Technical - Ship-Side (Vessel Crew) Operational Notes.docx [technical/docx]
   accepted parse from the parse store (key 69857b38989d…) — parser not called
> Technical - Sync (Operational) User Manual.docx [technical/docx]
   accepted parse from the parse store (key 083e08c13944…) — parser not called
index set 'ag-xref' now holds 909 chunks across 25 documents
DONE
##### ag-both #####
index set 'ag-both': 25 files in /app/documents; tier=agentic version=latest fresh=False dry_run=False
> Audit - Fleet Sharing Manual- Office_R1_30.06.2026.pdf [audit/pdf]
   accepted parse from the parse store (key b5252752ffc1…) — parser not called
> Audit - Fleet Sharing Manual- Vessel_R1_30.06.2026.pdf [audit/pdf]
   accepted parse from the parse store (key c2494d2156bc…) — parser not called
> Audit - History Manual_R1_30.06.2026.pdf [audit/pdf]
   accepted parse from the parse store (key efe75238c622…) — parser not called
> Audit - Preparation Manual_Office_R1_30.06.2026.pdf [audit/pdf]
   accepted parse from the parse store (key 35a2d511a21a…) — parser not called
> Crewing - Crewing User Manual R2_10.06.2026.pdf [crewing/pdf]
   accepted parse from the parse store (key e6149f9b2aab…) — parser not called
> Incident - Fleet Notification User Manual_Vessel_ R0_20.03.2026.pdf [incident/pdf]
   accepted parse from the parse store (key 3201171579f4…) — parser not called
> Incident - Incident User Manual R0_20.05.2026.pdf [incident/pdf]
   accepted parse from the parse store (key ceb3e31b6e6e…) — parser not called
> Incident - Lesson Learnt User Manual_Vessel_R0_30.05.2026.pdf [incident/pdf]
   accepted parse from the parse store (key 525ce802dbcc…) — parser not called
> Incident - Near Miss User Manual R1_30.05.2026.pdf [incident/pdf]
   accepted parse from the parse store (key 5cd0d392035a…) — parser not called
> Safety - MOC User Manual_Office_R0_31.03.2026.pdf [safety/pdf]
   accepted parse from the parse store (key ab160ffe1a14…) — parser not called
> Safety - MOC User Manual_Vessel_R0_31.03.2026.pdf [safety/pdf]
   accepted parse from the parse store (key a10cd79a2fa5…) — parser not called
> Safety - Master Review Manual R1_10.06.2026.pdf [safety/pdf]
   accepted parse from the parse store (key 16a8d99022a9…) — parser not called
> Safety - Risk Assessment User Manual_Office_R1_30.05.2026.pdf [safety/pdf]
   accepted parse from the parse store (key 70475a998ceb…) — parser not called
> Safety - Risk Assessment User Manual_Vessel_R1_30.05.2026.pdf [safety/pdf]
   accepted parse from the parse store (key a3e1ab92590d…) — parser not called
> Safety - SMS User Manual_Office_R0_31.01.2026.pdf [safety/pdf]
   accepted parse from the parse store (key 182b93c99791…) — parser not called
> Safety - Safety Meeting User Manual_R1_31.05.2026.pdf [safety/pdf]
   accepted parse from the parse store (key 2fbae044792f…) — parser not called
> Technical - Bulk Data Import (Operational) User Manual.docx [technical/docx]
   accepted parse from the parse store (key ba200e864d3c…) — parser not called
> Technical - Cert. & Surveys User Manual For Office_Sail Admin_R2_08.06.2026.pdf [technical/pdf]
   accepted parse from the parse store (key c4c026beb21b…) — parser not called
> Technical - Defects User Manual For Office_Sail Admin_R2_13.06.2026.pdf [technical/pdf]
   accepted parse from the parse store (key 996227bf0fff…) — parser not called
> Technical - PMS User Manual For Office_Sail Admin_R2_08.06.2026.pdf [technical/pdf]
   accepted parse from the parse store (key ef0e35d1df7f…) — parser not called
> Technical - PMS User Manual_Vessel Specific_R3_08.07.2026.pdf [technical/pdf]
   accepted parse from the parse store (key c93598108979…) — parser not called
> Technical - Recent Updates & Changed Behaviours (Operational) Notes.docx [technical/docx]
   accepted parse from the parse store (key 6a93bd238306…) — parser not called
> Technical - Roles & Permissions (Operational) User Manual.docx [technical/docx]
   accepted parse from the parse store (key 97a3fedab09b…) — parser not called
> Technical - Ship-Side (Vessel Crew) Operational Notes.docx [technical/docx]
   accepted parse from the parse store (key 69857b38989d…) — parser not called
> Technical - Sync (Operational) User Manual.docx [technical/docx]
   accepted parse from the parse store (key 083e08c13944…) — parser not called
index set 'ag-both' now holds 769 chunks across 25 documents
DONE
ALL FOUR DONE
